Archive member included to satisfy reference by file (symbol)

.\CortexM3\ARM_GCC_541\Debug\Practica_8.a(ADC.o)
                              .\CortexM3\ARM_GCC_541\Debug\main.o (ADC_Start)
.\CortexM3\ARM_GCC_541\Debug\Practica_8.a(ADC_INT.o)
                              .\CortexM3\ARM_GCC_541\Debug\Practica_8.a(ADC.o) (ADC_ISR)
.\CortexM3\ARM_GCC_541\Debug\Practica_8.a(Timer.o)
                              .\CortexM3\ARM_GCC_541\Debug\main.o (Timer_Stop)
.\CortexM3\ARM_GCC_541\Debug\Practica_8.a(Timer_isr.o)
                              .\CortexM3\ARM_GCC_541\Debug\main.o (Timer_isr_StartEx)
.\CortexM3\ARM_GCC_541\Debug\Practica_8.a(Counter.o)
                              .\CortexM3\ARM_GCC_541\Debug\main.o (Counter_Start)
.\CortexM3\ARM_GCC_541\Debug\Practica_8.a(Contador_isr.o)
                              .\CortexM3\ARM_GCC_541\Debug\main.o (Contador_isr_StartEx)
.\CortexM3\ARM_GCC_541\Debug\Practica_8.a(Boton1_isr.o)
                              .\CortexM3\ARM_GCC_541\Debug\main.o (Boton1_isr_Enable)
.\CortexM3\ARM_GCC_541\Debug\Practica_8.a(Boton2_isr.o)
                              .\CortexM3\ARM_GCC_541\Debug\main.o (Boton2_isr_Enable)
.\CortexM3\ARM_GCC_541\Debug\Practica_8.a(LCD.o)
                              .\CortexM3\ARM_GCC_541\Debug\main.o (LCD_PrintString)
.\CortexM3\ARM_GCC_541\Debug\Practica_8.a(ADC_theACLK.o)
                              .\CortexM3\ARM_GCC_541\Debug\Practica_8.a(ADC.o) (ADC_theACLK_SetModeRegister)
.\CortexM3\ARM_GCC_541\Debug\Practica_8.a(CyLib.o)
                              .\CortexM3\ARM_GCC_541\Debug\Cm3Start.o (CyHalt)
.\CortexM3\ARM_GCC_541\Debug\Practica_8.a(cyPm.o)
                              .\CortexM3\ARM_GCC_541\Debug\Practica_8.a(CyLib.o) (CyPmReadStatus)
.\CortexM3\ARM_GCC_541\Debug\Practica_8.a(cyutils.o)
                              .\CortexM3\ARM_GCC_541\Debug\Practica_8.a(Timer.o) (CySetReg24)
.\CortexM3\ARM_GCC_541\Debug\Practica_8.a(PWM.o)
                              .\CortexM3\ARM_GCC_541\Debug\main.o (PWM_Start)
.\CortexM3\ARM_GCC_541\Debug\Practica_8.a(PWM_PM.o)
                              .\CortexM3\ARM_GCC_541\Debug\main.o (PWM_Sleep)
.\CortexM3\ARM_GCC_541\Debug\Practica_8.a(Pin.o)
                              .\CortexM3\ARM_GCC_541\Debug\main.o (Pin_Write)
.\CortexM3\ARM_GCC_541\Debug\Practica_8.a(Opamp.o)
                              .\CortexM3\ARM_GCC_541\Debug\main.o (Opamp_Start)
.\CortexM3\ARM_GCC_541\Debug\Practica_8.a(CyBootAsmGnu.o)
                              .\CortexM3\ARM_GCC_541\Debug\cyfitter_cfg.o (CyDelayCycles)
.\CortexM3\ARM_GCC_541\Debug\Practica_8.a(CyFlash.o)
                              .\CortexM3\ARM_GCC_541\Debug\Practica_8.a(cyPm.o) (CyFlash_SetWaitCycles)
.\CortexM3\ARM_GCC_541\Debug\Practica_8.a(CySpc.o)
                              .\CortexM3\ARM_GCC_541\Debug\Practica_8.a(CyFlash.o) (CySpcStart)
c:/program files (x86)/cypress/psoc creator/4.4/psoc creator/import/gnu/arm/5.4.1/bin/../lib/gcc/arm-none-eabi/5.4.1/armv7-m\libgcc.a(_arm_addsubsf3.o)
                              .\CortexM3\ARM_GCC_541\Debug\Practica_8.a(ADC.o) (__aeabi_i2f)
c:/program files (x86)/cypress/psoc creator/4.4/psoc creator/import/gnu/arm/5.4.1/bin/../lib/gcc/arm-none-eabi/5.4.1/armv7-m\libgcc.a(_arm_muldivsf3.o)
                              .\CortexM3\ARM_GCC_541\Debug\Practica_8.a(ADC.o) (__aeabi_fmul)
c:/program files (x86)/cypress/psoc creator/4.4/psoc creator/import/gnu/arm/5.4.1/bin/../lib/gcc/arm-none-eabi/5.4.1/armv7-m\libgcc.a(_aeabi_ldivmod.o)
                              .\CortexM3\ARM_GCC_541\Debug\Practica_8.a(ADC.o) (__aeabi_ldivmod)
c:/program files (x86)/cypress/psoc creator/4.4/psoc creator/import/gnu/arm/5.4.1/bin/../lib/gcc/arm-none-eabi/5.4.1/armv7-m\libgcc.a(_udivmoddi4.o)
                              c:/program files (x86)/cypress/psoc creator/4.4/psoc creator/import/gnu/arm/5.4.1/bin/../lib/gcc/arm-none-eabi/5.4.1/armv7-m\libgcc.a(_aeabi_ldivmod.o) (__udivmoddi4)
c:/program files (x86)/cypress/psoc creator/4.4/psoc creator/import/gnu/arm/5.4.1/bin/../lib/gcc/arm-none-eabi/5.4.1/armv7-m\libgcc.a(_dvmd_tls.o)
                              c:/program files (x86)/cypress/psoc creator/4.4/psoc creator/import/gnu/arm/5.4.1/bin/../lib/gcc/arm-none-eabi/5.4.1/armv7-m\libgcc.a(_aeabi_ldivmod.o) (__aeabi_ldiv0)
c:/program files (x86)/cypress/psoc creator/4.4/psoc creator/import/gnu/arm/5.4.1/bin/../lib/gcc/arm-none-eabi/5.4.1/../../../../arm-none-eabi/lib/armv7-m\libg_nano.a(lib_a-errno.o)
                              .\CortexM3\ARM_GCC_541\Debug\Cm3Start.o (__errno)
c:/program files (x86)/cypress/psoc creator/4.4/psoc creator/import/gnu/arm/5.4.1/bin/../lib/gcc/arm-none-eabi/5.4.1/../../../../arm-none-eabi/lib/armv7-m\libg_nano.a(lib_a-exit.o)
                              c:/program files (x86)/cypress/psoc creator/4.4/psoc creator/import/gnu/arm/5.4.1/bin/../lib/gcc/arm-none-eabi/5.4.1/../../../../arm-none-eabi/lib/armv7-m/crt0.o (exit)
[...]
Memory Configuration

Name             Origin             Length             Attributes
rom              0x00000000         0x00040000         xr
ram              0x1fff8000         0x00010000         xrw
*default*        0x00000000         0xffffffff

Linker script and memory map

LOAD c:/program files (x86)/cypress/psoc creator/4.4/psoc creator/import/gnu/arm/5.4.1/bin/../lib/gcc/arm-none-eabi/5.4.1/armv7-m/crti.o
LOAD c:/program files (x86)/cypress/psoc creator/4.4/psoc creator/import/gnu/arm/5.4.1/bin/../lib/gcc/arm-none-eabi/5.4.1/armv7-m/crtbegin.o
LOAD c:/program files (x86)/cypress/psoc creator/4.4/psoc creator/import/gnu/arm/5.4.1/bin/../lib/gcc/arm-none-eabi/5.4.1/../../../../arm-none-eabi/lib/armv7-m/crt0.o
START GROUP
LOAD .\CortexM3\ARM_GCC_541\Debug\main.o
LOAD .\CortexM3\ARM_GCC_541\Debug\cyfitter_cfg.o
LOAD .\CortexM3\ARM_GCC_541\Debug\cymetadata.o
LOAD .\CortexM3\ARM_GCC_541\Debug\Cm3Start.o
LOAD .\CortexM3\ARM_GCC_541\Debug\Practica_8.a
LOAD C:\Program Files (x86)\Cypress\PSoC Creator\4.4\PSoC Creator\psoc\content\cycomponentlibrary\CyComponentLibrary.cylib\CortexM3\ARM_GCC_541\Debug\CyComponentLibrary.a
END GROUP
START GROUP
LOAD c:/program files (x86)/cypress/psoc creator/4.4/psoc creator/import/gnu/arm/5.4.1/bin/../lib/gcc/arm-none-eabi/5.4.1/armv7-m\libgcc.a
LOAD c:/program files (x86)/cypress/psoc creator/4.4/psoc creator/import/gnu/arm/5.4.1/bin/../lib/gcc/arm-none-eabi/5.4.1/../../../../arm-none-eabi/lib/armv7-m\libg_nano.a
LOAD c:/program files (x86)/cypress/psoc creator/4.4/psoc creator/import/gnu/arm/5.4.1/bin/../lib/gcc/arm-none-eabi/5.4.1/../../../../arm-none-eabi/lib/armv7-m\libc_nano.a
END GROUP
START GROUP
LOAD c:/program files (x86)/cypress/psoc creator/4.4/psoc creator/import/gnu/arm/5.4.1/bin/../lib/gcc/arm-none-eabi/5.4.1/armv7-m\libgcc.a
LOAD c:/program files (x86)/cypress/psoc creator/4.4/psoc creator/import/gnu/arm/5.4.1/bin/../lib/gcc/arm-none-eabi/5.4.1/../../../../arm-none-eabi/lib/armv7-m\libc_nano.a
END GROUP
LOAD c:/program files (x86)/cypress/psoc creator/4.4/psoc creator/import/gnu/arm/5.4.1/bin/../lib/gcc/arm-none-eabi/5.4.1/armv7-m/crtend.o
LOAD c:/program files (x86)/cypress/psoc creator/4.4/psoc creator/import/gnu/arm/5.4.1/bin/../lib/gcc/arm-none-eabi/5.4.1/armv7-m/crtn.o
START GROUP
LOAD c:/program files (x86)/cypress/psoc creator/4.4/psoc creator/import/gnu/arm/5.4.1/bin/../lib/gcc/arm-none-eabi/5.4.1/armv7-m\libgcc.a
LOAD c:/program files (x86)/cypress/psoc creator/4.4/psoc creator/import/gnu/arm/5.4.1/bin/../lib/gcc/arm-none-eabi/5.4.1/../../../../arm-none-eabi/lib/armv7-m\libc.a
LOAD c:/program files (x86)/cypress/psoc creator/4.4/psoc creator/import/gnu/arm/5.4.1/bin/../lib/gcc/arm-none-eabi/5.4.1/../../../../arm-none-eabi/lib/armv7-m\libnosys.a
END GROUP
                0x00000000                CY_APPL_ORIGIN = 0x0
                0x00000100                CY_FLASH_ROW_SIZE = 0x100
                0x00000020                CY_ECC_ROW_SIZE = 0x20
                0x00000000                CY_EE_IN_BTLDR = 0x0
                0x00000000                CY_APPL_LOADABLE = 0x0
                0x00000800                CY_EE_SIZE = 0x800
                0x00000001                CY_APPL_NUM = 0x1
                0x00000001                CY_APPL_MAX = 0x1
                0x00000040                CY_METADATA_SIZE = 0x40
                0x00000000                CY_APPL_LOADABLE = 0x0
                0x00000000                CY_CHECKSUM_EXCLUDE_SIZE = ALIGN (0x0, CY_FLASH_ROW_SIZE)
                [!provide]                PROVIDE (__cy_heap_start, _end)
                0x00000001                PROVIDE (__cy_region_num, ((__cy_regions_end - __cy_regions) / 0x10))
                0x20008000                PROVIDE (__cy_stack, (ORIGIN (ram) + LENGTH (ram)))
                [!provide]                PROVIDE (__cy_heap_end, (__cy_stack - 0x800))

.cybootloader   0x00000000        0x0
 *(.cybootloader)
                0x00000000                appl1_start = CY_APPL_ORIGIN?CY_APPL_ORIGIN:ALIGN (CY_FLASH_ROW_SIZE)
                0x0001ff00                appl2_start = (appl1_start + ALIGN ((((LENGTH (rom) - appl1_start) - (0x2 * CY_FLASH_ROW_SIZE)) / 0x2), CY_FLASH_ROW_SIZE))
                0x00000000                appl_start = (CY_APPL_NUM == 0x1)?appl1_start:appl2_start
                0x00000000                ecc_offset = ((appl_start / CY_FLASH_ROW_SIZE) * CY_ECC_ROW_SIZE)
                0x00000000                ee_offset = (CY_APPL_LOADABLE && ! (CY_EE_IN_BTLDR))?((CY_EE_SIZE / CY_APPL_MAX) * (CY_APPL_NUM - 0x1)):0x0
                0x00000800                ee_size = (CY_APPL_LOADABLE && ! (CY_EE_IN_BTLDR))?(CY_EE_SIZE / CY_APPL_MAX):CY_EE_SIZE
                [!provide]                PROVIDE (CY_ECC_OFFSET, ecc_offset)

.text           0x00000000     0x14be
 CREATE_OBJECT_SYMBOLS
                0x00000000                PROVIDE (__cy_interrupt_vector, RomVectors)
 *(.romvectors)
 .romvectors    0x00000000       0x10 .\CortexM3\ARM_GCC_541\Debug\Cm3Start.o
                0x00000000                RomVectors
                0x00000001                ASSERT ((. != __cy_interrupt_vector), No interrupt vector)
                0x00000001                ASSERT (CY_APPL_ORIGIN?(SIZEOF (.cybootloader) <= CY_APPL_ORIGIN):0x1, Wrong image location)
                0x00000010                PROVIDE (__cy_reset, Reset)
 *(.text.Reset)
 .text.Reset    0x00000010       0x18 .\CortexM3\ARM_GCC_541\Debug\Cm3Start.o
                0x00000010                Reset
                0x00000001                ASSERT ((. != __cy_reset), No reset code)
 *(.dma_init)
                0x00000001                ASSERT ((((appl_start + .) <= 0x10000) || 0x1), DMA Init must be within the first 64k of flash)
 *(.text .text.* .gnu.linkonce.t.*)
 .text          0x00000028       0x5c c:/program files (x86)/cypress/psoc creator/4.4/psoc creator/import/gnu/arm/5.4.1/bin/../lib/gcc/arm-none-eabi/5.4.1/armv7-m/crtbegin.o
 .text.Contador
                0x00000084       0x24 .\CortexM3\ARM_GCC_541\Debug\main.o
                0x00000084                Contador
 .text.ISR_Timer
                0x000000a8       0x7c .\CortexM3\ARM_GCC_541\Debug\main.o
                0x000000a8                ISR_Timer
 .text.Medicion_1
                0x00000124       0x20 .\CortexM3\ARM_GCC_541\Debug\main.o
                0x00000124                Medicion_1
 .text.Medicion_2
                0x00000144       0x24 .\CortexM3\ARM_GCC_541\Debug\main.o
                0x00000144                Medicion_2
 .text.Reinit   0x00000168       0x44 .\CortexM3\ARM_GCC_541\Debug\main.o
                0x00000168                Reinit
 .text.main     0x000001ac      0x414 .\CortexM3\ARM_GCC_541\Debug\main.o
                0x000001ac                main
 .text.CyClockStartupError
                0x000005c0        0x4 .\CortexM3\ARM_GCC_541\Debug\cyfitter_cfg.o
 .text.cfg_write_bytes32
                0x000005c4       0x34 .\CortexM3\ARM_GCC_541\Debug\cyfitter_cfg.o
 .text.CYMEMZERO
                0x000005f8        0xc .\CortexM3\ARM_GCC_541\Debug\cyfitter_cfg.o
 .text.AnalogSetDefault
                0x00000604       0x84 .\CortexM3\ARM_GCC_541\Debug\cyfitter_cfg.o
 .text.CYCONFIGCPY
                0x00000688        0x8 .\CortexM3\ARM_GCC_541\Debug\cyfitter_cfg.o
 .text.ClockSetup
                0x00000690      0x118 .\CortexM3\ARM_GCC_541\Debug\cyfitter_cfg.o
 .text.cyfitter_cfg
                0x000007a8      0x100 .\CortexM3\ARM_GCC_541\Debug\cyfitter_cfg.o
                0x000007a8                cyfitter_cfg
 .text.IntDefaultHandler
                0x000008a8       0x10 .\CortexM3\ARM_GCC_541\Debug\Cm3Start.o
                0x000008a8                IntDefaultHandler
 .text.Start_c  0x000008b8       0x4c .\CortexM3\ARM_GCC_541\Debug\Cm3Start.o
                0x000008b8                Start_c
 .text.initialize_psoc
                0x00000904       0x68 .\CortexM3\ARM_GCC_541\Debug\Cm3Start.o
                0x00000904                initialize_psoc
 .text.ADC_CalcGain
                0x0000096c       0x64 .\CortexM3\ARM_GCC_541\Debug\Practica_8.a(ADC.o)
 .text.ADC_Enable
                0x000009d0       0x94 .\CortexM3\ARM_GCC_541\Debug\Practica_8.a(ADC.o)
                0x000009d0                ADC_Enable
 .text.ADC_SetResolution
                0x00000a64       0x38 .\CortexM3\ARM_GCC_541\Debug\Practica_8.a(ADC.o)
                0x00000a64                ADC_SetResolution
 .text.ADC_Init
                0x00000a9c       0x3c .\CortexM3\ARM_GCC_541\Debug\Practica_8.a(ADC.o)
                0x00000a9c                ADC_Init
 .text.ADC_Start
                0x00000ad8       0x1c .\CortexM3\ARM_GCC_541\Debug\Practica_8.a(ADC.o)
                0x00000ad8                ADC_Start
 .text.ADC_StartConvert
                0x00000af4       0x18 .\CortexM3\ARM_GCC_541\Debug\Practica_8.a(ADC.o)
                0x00000af4                ADC_StartConvert
 .text.ADC_IsEndConversion
                0x00000b0c       0x24 .\CortexM3\ARM_GCC_541\Debug\Practica_8.a(ADC.o)
                0x00000b0c                ADC_IsEndConversion
 .text.ADC_GetResult16
                0x00000b30       0x18 .\CortexM3\ARM_GCC_541\Debug\Practica_8.a(ADC.o)
                0x00000b30                ADC_GetResult16
 .text.ADC_ISR  0x00000b48        0x4 .\CortexM3\ARM_GCC_541\Debug\Practica_8.a(ADC_INT.o)
                0x00000b48                ADC_ISR
 .text.Timer_Enable
                0x00000b4c       0x10 .\CortexM3\ARM_GCC_541\Debug\Practica_8.a(Timer.o)
                0x00000b4c                Timer_Enable
 .text.Timer_Stop
                0x00000b5c       0x10 .\CortexM3\ARM_GCC_541\Debug\Practica_8.a(Timer.o)
                0x00000b5c                Timer_Stop
 .text.Timer_SetInterruptMode
                0x00000b6c        0xc .\CortexM3\ARM_GCC_541\Debug\Practica_8.a(Timer.o)
                0x00000b6c                Timer_SetInterruptMode
 .text.Timer_ReadStatusRegister
                0x00000b78        0xc .\CortexM3\ARM_GCC_541\Debug\Practica_8.a(Timer.o)
                0x00000b78                Timer_ReadStatusRegister
 .text.Timer_WritePeriod
                0x00000b84       0x10 .\CortexM3\ARM_GCC_541\Debug\Practica_8.a(Timer.o)
                0x00000b84                Timer_WritePeriod
 .text.Timer_ReadCapture
                0x00000b94       0x10 .\CortexM3\ARM_GCC_541\Debug\Practica_8.a(Timer.o)
                0x00000b94                Timer_ReadCapture
 .text.Timer_WriteCounter
                0x00000ba4       0x10 .\CortexM3\ARM_GCC_541\Debug\Practica_8.a(Timer.o)
                0x00000ba4                Timer_WriteCounter
 .text.Timer_EnableTrigger
                0x00000bb4       0x10 .\CortexM3\ARM_GCC_541\Debug\Practica_8.a(Timer.o)
                0x00000bb4                Timer_EnableTrigger
 .text.Timer_SetInterruptCount
                0x00000bc4       0x1c .\CortexM3\ARM_GCC_541\Debug\Practica_8.a(Timer.o)
                0x00000bc4                Timer_SetInterruptCount
 .text.Timer_ClearFIFO
                0x00000be0       0x14 .\CortexM3\ARM_GCC_541\Debug\Practica_8.a(Timer.o)
                0x00000be0                Timer_ClearFIFO
 .text.Timer_Init
                0x00000bf4       0x40 .\CortexM3\ARM_GCC_541\Debug\Practica_8.a(Timer.o)
                0x00000bf4                Timer_Init
 .text.Timer_Start
                0x00000c34       0x1c .\CortexM3\ARM_GCC_541\Debug\Practica_8.a(Timer.o)
                0x00000c34                Timer_Start
 .text.Timer_isr_SetVector
                0x00000c50        0xc .\CortexM3\ARM_GCC_541\Debug\Practica_8.a(Timer_isr.o)
                0x00000c50                Timer_isr_SetVector
 .text.Timer_isr_SetPriority
                0x00000c5c       0x10 .\CortexM3\ARM_GCC_541\Debug\Practica_8.a(Timer_isr.o)
                0x00000c5c                Timer_isr_SetPriority
 .text.Timer_isr_Enable
                0x00000c6c        0xc .\CortexM3\ARM_GCC_541\Debug\Practica_8.a(Timer_isr.o)
                0x00000c6c                Timer_isr_Enable
 .text.Timer_isr_Disable
                0x00000c78        0xc .\CortexM3\ARM_GCC_541\Debug\Practica_8.a(Timer_isr.o)
                0x00000c78                Timer_isr_Disable
 .text.Timer_isr_StartEx
                0x00000c84       0x1c .\CortexM3\ARM_GCC_541\Debug\Practica_8.a(Timer_isr.o)
                0x00000c84                Timer_isr_StartEx
 .text.Counter_Enable
                0x00000ca0       0x28 .\CortexM3\ARM_GCC_541\Debug\Practica_8.a(Counter.o)
                0x00000ca0                Counter_Enable
 .text.Counter_SetInterruptMode
                0x00000cc8        0xc .\CortexM3\ARM_GCC_541\Debug\Practica_8.a(Counter.o)
                0x00000cc8                Counter_SetInterruptMode
 .text.Counter_WriteCounter
                0x00000cd4       0x34 .\CortexM3\ARM_GCC_541\Debug\Practica_8.a(Counter.o)
                0x00000cd4                Counter_WriteCounter
 .text.Counter_WritePeriod
                0x00000d08        0xc .\CortexM3\ARM_GCC_541\Debug\Practica_8.a(Counter.o)
                0x00000d08                Counter_WritePeriod
 .text.Counter_Init
                0x00000d14       0x60 .\CortexM3\ARM_GCC_541\Debug\Practica_8.a(Counter.o)
                0x00000d14                Counter_Init
 .text.Counter_Start
                0x00000d74       0x1c .\CortexM3\ARM_GCC_541\Debug\Practica_8.a(Counter.o)
                0x00000d74                Counter_Start
 .text.Contador_isr_SetVector
                0x00000d90        0xc .\CortexM3\ARM_GCC_541\Debug\Practica_8.a(Contador_isr.o)
                0x00000d90                Contador_isr_SetVector
 .text.Contador_isr_SetPriority
                0x00000d9c       0x10 .\CortexM3\ARM_GCC_541\Debug\Practica_8.a(Contador_isr.o)
                0x00000d9c                Contador_isr_SetPriority
 .text.Contador_isr_Enable
                0x00000dac        0xc .\CortexM3\ARM_GCC_541\Debug\Practica_8.a(Contador_isr.o)
                0x00000dac                Contador_isr_Enable
 .text.Contador_isr_Disable
                0x00000db8        0xc .\CortexM3\ARM_GCC_541\Debug\Practica_8.a(Contador_isr.o)
                0x00000db8                Contador_isr_Disable
 .text.Contador_isr_StartEx
                0x00000dc4       0x1c .\CortexM3\ARM_GCC_541\Debug\Practica_8.a(Contador_isr.o)
                0x00000dc4                Contador_isr_StartEx
 .text.Boton1_isr_SetVector
                0x00000de0        0xc .\CortexM3\ARM_GCC_541\Debug\Practica_8.a(Boton1_isr.o)
                0x00000de0                Boton1_isr_SetVector
 .text.Boton1_isr_SetPriority
                0x00000dec       0x10 .\CortexM3\ARM_GCC_541\Debug\Practica_8.a(Boton1_isr.o)
                0x00000dec                Boton1_isr_SetPriority
 .text.Boton1_isr_Enable
                0x00000dfc        0xc .\CortexM3\ARM_GCC_541\Debug\Practica_8.a(Boton1_isr.o)
                0x00000dfc                Boton1_isr_Enable
 .text.Boton1_isr_Disable
                0x00000e08        0xc .\CortexM3\ARM_GCC_541\Debug\Practica_8.a(Boton1_isr.o)
                0x00000e08                Boton1_isr_Disable
 .text.Boton1_isr_StartEx
                0x00000e14       0x1c .\CortexM3\ARM_GCC_541\Debug\Practica_8.a(Boton1_isr.o)
                0x00000e14                Boton1_isr_StartEx
 .text.Boton2_isr_SetVector
                0x00000e30        0xc .\CortexM3\ARM_GCC_541\Debug\Practica_8.a(Boton2_isr.o)
                0x00000e30                Boton2_isr_SetVector
 .text.Boton2_isr_SetPriority
                0x00000e3c       0x10 .\CortexM3\ARM_GCC_541\Debug\Practica_8.a(Boton2_isr.o)
                0x00000e3c                Boton2_isr_SetPriority
 .text.Boton2_isr_Enable
                0x00000e4c        0xc .\CortexM3\ARM_GCC_541\Debug\Practica_8.a(Boton2_isr.o)
                0x00000e4c                Boton2_isr_Enable
 .text.Boton2_isr_Disable
                0x00000e58        0xc .\CortexM3\ARM_GCC_541\Debug\Practica_8.a(Boton2_isr.o)
                0x00000e58                Boton2_isr_Disable
 .text.Boton2_isr_StartEx
                0x00000e64       0x1c .\CortexM3\ARM_GCC_541\Debug\Practica_8.a(Boton2_isr.o)
                0x00000e64                Boton2_isr_StartEx
 .text.LCD_WrCntrlNib
                0x00000e80       0x34 .\CortexM3\ARM_GCC_541\Debug\Practica_8.a(LCD.o)
 .text.LCD_WrDatNib
                0x00000eb4       0x44 .\CortexM3\ARM_GCC_541\Debug\Practica_8.a(LCD.o)
 .text.LCD_IsReady
                0x00000ef8       0xe4 .\CortexM3\ARM_GCC_541\Debug\Practica_8.a(LCD.o)
                0x00000ef8                LCD_IsReady
 .text.LCD_WriteData
                0x00000fdc       0x18 .\CortexM3\ARM_GCC_541\Debug\Practica_8.a(LCD.o)
                0x00000fdc                LCD_WriteData
 .text.LCD_PrintString
                0x00000ff4       0x1c .\CortexM3\ARM_GCC_541\Debug\Practica_8.a(LCD.o)
                0x00000ff4                LCD_PrintString
 .text.LCD_PutChar
                0x00001010        0x8 .\CortexM3\ARM_GCC_541\Debug\Practica_8.a(LCD.o)
                0x00001010                LCD_PutChar
 .text.LCD_WriteControl
                0x00001018       0x18 .\CortexM3\ARM_GCC_541\Debug\Practica_8.a(LCD.o)
                0x00001018                LCD_WriteControl
 .text.LCD_Init
                0x00001030       0x6c .\CortexM3\ARM_GCC_541\Debug\Practica_8.a(LCD.o)
                0x00001030                LCD_Init
 .text.LCD_Enable
                0x0000109c       0x14 .\CortexM3\ARM_GCC_541\Debug\Practica_8.a(LCD.o)
                0x0000109c                LCD_Enable
 .text.LCD_Start
                0x000010b0       0x1c .\CortexM3\ARM_GCC_541\Debug\Practica_8.a(LCD.o)
                0x000010b0                LCD_Start
 .text.LCD_Position
                0x000010cc       0x3c .\CortexM3\ARM_GCC_541\Debug\Practica_8.a(LCD.o)
                0x000010cc                LCD_Position
 .text.LCD_PrintU32Number
                0x00001108       0x64 .\CortexM3\ARM_GCC_541\Debug\Practica_8.a(LCD.o)
                0x00001108                LCD_PrintU32Number
 .text.ADC_theACLK_SetModeRegister
                0x0000116c       0x14 .\CortexM3\ARM_GCC_541\Debug\Practica_8.a(ADC_theACLK.o)
                0x0000116c                ADC_theACLK_SetModeRegister
 .text.CyHalt   0x00001180        0x4 .\CortexM3\ARM_GCC_541\Debug\Practica_8.a(CyLib.o)
                0x00001180                CyHalt
 .text.CyDelay  0x00001184       0x2c .\CortexM3\ARM_GCC_541\Debug\Practica_8.a(CyLib.o)
                0x00001184                CyDelay
 .text.CyDelayUs
                0x000011b0       0x14 .\CortexM3\ARM_GCC_541\Debug\Practica_8.a(CyLib.o)
                0x000011b0                CyDelayUs
 .text.CyIntSetVector
                0x000011c4       0x28 .\CortexM3\ARM_GCC_541\Debug\Practica_8.a(CyLib.o)
                0x000011c4                CyIntSetVector
 .text.CyIntSetPriority
                0x000011ec       0x30 .\CortexM3\ARM_GCC_541\Debug\Practica_8.a(CyLib.o)
                0x000011ec                CyIntSetPriority
 .text.CySetReg24
                0x0000121c       0x14 .\CortexM3\ARM_GCC_541\Debug\Practica_8.a(cyutils.o)
                0x0000121c                CySetReg24
 .text.PWM_Enable
                0x00001230       0x10 .\CortexM3\ARM_GCC_541\Debug\Practica_8.a(PWM.o)
                0x00001230                PWM_Enable
 .text.PWM_Stop
                0x00001240       0x10 .\CortexM3\ARM_GCC_541\Debug\Practica_8.a(PWM.o)
                0x00001240                PWM_Stop
 .text.PWM_WriteCounter
                0x00001250        0xc .\CortexM3\ARM_GCC_541\Debug\Practica_8.a(PWM.o)
                0x00001250                PWM_WriteCounter
 .text.PWM_ReadCounter
                0x0000125c       0x14 .\CortexM3\ARM_GCC_541\Debug\Practica_8.a(PWM.o)
                0x0000125c                PWM_ReadCounter
 .text.PWM_WritePeriod
                0x00001270        0xc .\CortexM3\ARM_GCC_541\Debug\Practica_8.a(PWM.o)
                0x00001270                PWM_WritePeriod
 .text.PWM_WriteCompare
                0x0000127c        0xc .\CortexM3\ARM_GCC_541\Debug\Practica_8.a(PWM.o)
                0x0000127c                PWM_WriteCompare
 .text.PWM_SetInterruptMode
                0x00001288        0xc .\CortexM3\ARM_GCC_541\Debug\Practica_8.a(PWM.o)
                0x00001288                PWM_SetInterruptMode
 .text.PWM_ReadStatusRegister
                0x00001294        0xc .\CortexM3\ARM_GCC_541\Debug\Practica_8.a(PWM.o)
                0x00001294                PWM_ReadStatusRegister
 .text.PWM_ReadControlRegister
                0x000012a0        0xc .\CortexM3\ARM_GCC_541\Debug\Practica_8.a(PWM.o)
                0x000012a0                PWM_ReadControlRegister
 .text.PWM_ReadCapture
                0x000012ac        0xc .\CortexM3\ARM_GCC_541\Debug\Practica_8.a(PWM.o)
                0x000012ac                PWM_ReadCapture
 .text.PWM_ClearFIFO
                0x000012b8       0x14 .\CortexM3\ARM_GCC_541\Debug\Practica_8.a(PWM.o)
                0x000012b8                PWM_ClearFIFO
 .text.PWM_Init
                0x000012cc       0x50 .\CortexM3\ARM_GCC_541\Debug\Practica_8.a(PWM.o)
                0x000012cc                PWM_Init
 .text.PWM_Start
                0x0000131c       0x1c .\CortexM3\ARM_GCC_541\Debug\Practica_8.a(PWM.o)
                0x0000131c                PWM_Start
 .text.PWM_ReadPeriod
                0x00001338        0xc .\CortexM3\ARM_GCC_541\Debug\Practica_8.a(PWM.o)
                0x00001338                PWM_ReadPeriod
 .text.PWM_SaveConfig
                0x00001344       0x28 .\CortexM3\ARM_GCC_541\Debug\Practica_8.a(PWM_PM.o)
                0x00001344                PWM_SaveConfig
 .text.PWM_Sleep
                0x0000136c       0x2c .\CortexM3\ARM_GCC_541\Debug\Practica_8.a(PWM_PM.o)
                0x0000136c                PWM_Sleep
 .text.Pin_Write
                0x00001398       0x18 .\CortexM3\ARM_GCC_541\Debug\Practica_8.a(Pin.o)
                0x00001398                Pin_Write
 .text.Opamp_Enable
                0x000013b0       0x28 .\CortexM3\ARM_GCC_541\Debug\Practica_8.a(Opamp.o)
                0x000013b0                Opamp_Enable
 .text.Opamp_SetPower
                0x000013d8       0x1c .\CortexM3\ARM_GCC_541\Debug\Practica_8.a(Opamp.o)
                0x000013d8                Opamp_SetPower
 .text.Opamp_Init
                0x000013f4        0xc .\CortexM3\ARM_GCC_541\Debug\Practica_8.a(Opamp.o)
                0x000013f4                Opamp_Init
 .text.Opamp_Start
                0x00001400       0x1c .\CortexM3\ARM_GCC_541\Debug\Practica_8.a(Opamp.o)
                0x00001400                Opamp_Start
 *fill*         0x0000141c        0x4 
 .text          0x00001420       0x20 .\CortexM3\ARM_GCC_541\Debug\Practica_8.a(CyBootAsmGnu.o)
                0x00001420                CyDelayCycles
                0x00001430                CyEnterCriticalSection
                0x00001438                CyExitCriticalSection
 .text.__errno  0x00001440        0xc c:/program files (x86)/cypress/psoc creator/4.4/psoc creator/import/gnu/arm/5.4.1/bin/../lib/gcc/arm-none-eabi/5.4.1/../../../../arm-none-eabi/lib/armv7-m\libg_nano.a(lib_a-errno.o)
                0x00001440                __errno
 .text.__libc_init_array
                0x0000144c       0x4c c:/program files (x86)/cypress/psoc creator/4.4/psoc creator/import/gnu/arm/5.4.1/bin/../lib/gcc/arm-none-eabi/5.4.1/../../../../arm-none-eabi/lib/armv7-m\libg_nano.a(lib_a-init.o)
                0x0000144c                __libc_init_array
 .text.memcpy   0x00001498       0x16 c:/program files (x86)/cypress/psoc creator/4.4/psoc creator/import/gnu/arm/5.4.1/bin/../lib/gcc/arm-none-eabi/5.4.1/../../../../arm-none-eabi/lib/armv7-m\libg_nano.a(lib_a-memcpy-stub.o)
                0x00001498                memcpy
 .text.memset   0x000014ae       0x10 c:/program files (x86)/cypress/psoc creator/4.4/psoc creator/import/gnu/arm/5.4.1/bin/../lib/gcc/arm-none-eabi/5.4.1/../../../../arm-none-eabi/lib/armv7-m\libg_nano.a(lib_a-memset.o)
                0x000014ae                memset
 *(.plt)
 *(.gnu.warning)
 *(.glue_7t)
 .glue_7t       0x000014be        0x0 linker stubs
 *(.glue_7)
 .glue_7        0x000014be        0x0 linker stubs
 *(.vfp11_veneer)
 .vfp11_veneer  0x000014be        0x0 linker stubs
 *(.bootloader)
 *(.ARM.extab* .gnu.linkonce.armextab.*)
 *(.gcc_except_table)

.v4_bx          0x000014c0        0x0
 .v4_bx         0x000014c0        0x0 linker stubs

.iplt           0x000014c0        0x0
 .iplt          0x000014c0        0x0 c:/program files (x86)/cypress/psoc creator/4.4/psoc creator/import/gnu/arm/5.4.1/bin/../lib/gcc/arm-none-eabi/5.4.1/armv7-m/crtbegin.o

.eh_frame_hdr
 *(.eh_frame_hdr)

.eh_frame       0x000014c0        0x4
 *(.eh_frame)
 .eh_frame      0x000014c0        0x0 c:/program files (x86)/cypress/psoc creator/4.4/psoc creator/import/gnu/arm/5.4.1/bin/../lib/gcc/arm-none-eabi/5.4.1/armv7-m/crtbegin.o
 .eh_frame      0x000014c0        0x4 c:/program files (x86)/cypress/psoc creator/4.4/psoc creator/import/gnu/arm/5.4.1/bin/../lib/gcc/arm-none-eabi/5.4.1/armv7-m/crtend.o
                [!provide]                PROVIDE (__exidx_start, .)

.ARM.exidx
 *(.ARM.exidx* .gnu.linkonce.armexidx.*)
                0x000014c4                __exidx_end = .

.rodata         0x000014c4       0x94
 *(.rodata .rodata.* .gnu.linkonce.r.*)
 .rodata.str1.4
                0x000014c4       0x28 .\CortexM3\ARM_GCC_541\Debug\main.o
                                 0x26 (size before relaxing)
 .rodata        0x000014ec       0x36 .\CortexM3\ARM_GCC_541\Debug\cyfitter_cfg.o
 .rodata.str1.1
                0x00001522        0x2 c:/program files (x86)/cypress/psoc creator/4.4/psoc creator/import/gnu/arm/5.4.1/bin/../lib/gcc/arm-none-eabi/5.4.1/../../../../arm-none-eabi/lib/armv7-m\libg_nano.a(lib_a-impure.o)
                0x00001524                . = ALIGN (0x4)
 *(.init)
 .init          0x00001524        0x4 c:/program files (x86)/cypress/psoc creator/4.4/psoc creator/import/gnu/arm/5.4.1/bin/../lib/gcc/arm-none-eabi/5.4.1/armv7-m/crti.o
                0x00001524                _init
 .init          0x00001528        0x8 c:/program files (x86)/cypress/psoc creator/4.4/psoc creator/import/gnu/arm/5.4.1/bin/../lib/gcc/arm-none-eabi/5.4.1/armv7-m/crtn.o
                0x00001530                . = ALIGN (0x4)
                0x00001530                __preinit_array_start = .
 *(.preinit_array)
                0x00001530                __preinit_array_end = .
                0x00001530                . = ALIGN (0x4)
                0x00001530                __init_array_start = .
 *(SORT(.init_array.*))
 *(.init_array)
 .init_array    0x00001530        0x4 c:/program files (x86)/cypress/psoc creator/4.4/psoc creator/import/gnu/arm/5.4.1/bin/../lib/gcc/arm-none-eabi/5.4.1/armv7-m/crtbegin.o
 .init_array    0x00001534        0x4 .\CortexM3\ARM_GCC_541\Debug\Cm3Start.o
                0x00001538                __init_array_end = .
                0x00001538                . = ALIGN (0x4)
 *(.fini)
 .fini          0x00001538        0x4 c:/program files (x86)/cypress/psoc creator/4.4/psoc creator/import/gnu/arm/5.4.1/bin/../lib/gcc/arm-none-eabi/5.4.1/armv7-m/crti.o
                0x00001538                _fini
 .fini          0x0000153c        0x8 c:/program files (x86)/cypress/psoc creator/4.4/psoc creator/import/gnu/arm/5.4.1/bin/../lib/gcc/arm-none-eabi/5.4.1/armv7-m/crtn.o
                0x00001544                . = ALIGN (0x4)
                0x00001544                __fini_array_start = .
 *(.fini_array)
 .fini_array    0x00001544        0x4 c:/program files (x86)/cypress/psoc creator/4.4/psoc creator/import/gnu/arm/5.4.1/bin/../lib/gcc/arm-none-eabi/5.4.1/armv7-m/crtbegin.o
 *(SORT(.fini_array.*))
                0x00001548                __fini_array_end = .
                0x00001548                . = ALIGN (0x4)
 *crtbegin.o(.ctors)
 *(EXCLUDE_FILE(*crtend.o) .ctors)
 *(SORT(.ctors.*))
 *crtend.o(.ctors)
                0x00001548                . = ALIGN (0x4)
 *crtbegin.o(.dtors)
 *(EXCLUDE_FILE(*crtend.o) .dtors)
 *(SORT(.dtors.*))
 *crtend.o(.dtors)
                0x00001548                . = ALIGN (0x4)
                0x00001548                __cy_regions = .
                0x00001548        0x4 LONG 0x1558 __cy_region_init_ram
                0x0000154c        0x4 LONG 0x1fff80c8 __cy_region_start_data
                0x00001550        0x4 LONG 0x80 __cy_region_init_size_ram
                0x00001554        0x4 LONG 0x78 __cy_region_zero_size_ram
                0x00001558                __cy_regions_end = .
                0x00001558                . = ALIGN (0x8)
                0x00001558                _etext = .

.cy_checksum_exclude
                0x00001558        0x0
 *(.cy_checksum_exclude)

.ramvectors     0x1fff8000       0xc0
                0x1fff8000                __cy_region_start_ram = .
 *(.ramvectors)
 .ramvectors    0x1fff8000       0xc0 .\CortexM3\ARM_GCC_541\Debug\Cm3Start.o
                0x1fff8000                CyRamVectors

.noinit         0x1fff80c0        0x1
 *(.noinit)
 .noinit        0x1fff80c0        0x1 .\CortexM3\ARM_GCC_541\Debug\Practica_8.a(CyLib.o)
                0x1fff80c0                CyResetStatus

.data           0x1fff80c8       0x80 load address 0x00001558
                0x1fff80c8                __cy_region_start_data = .
 *(.jcr)
 .jcr           0x1fff80c8        0x0 c:/program files (x86)/cypress/psoc creator/4.4/psoc creator/import/gnu/arm/5.4.1/bin/../lib/gcc/arm-none-eabi/5.4.1/armv7-m/crtbegin.o
 .jcr           0x1fff80c8        0x4 c:/program files (x86)/cypress/psoc creator/4.4/psoc creator/import/gnu/arm/5.4.1/bin/../lib/gcc/arm-none-eabi/5.4.1/armv7-m/crtend.o
 *(.got.plt)
 *(.got)
 *(.shdata)
 *(.data .data.* .gnu.linkonce.d.*)
 .data          0x1fff80cc        0x2 .\CortexM3\ARM_GCC_541\Debug\main.o
                0x1fff80cc                status
                0x1fff80cd                Calculos
 *fill*         0x1fff80ce        0x2 
 .data          0x1fff80d0       0x10 .\CortexM3\ARM_GCC_541\Debug\Practica_8.a(CyLib.o)
                0x1fff80d0                cydelay_32k_ms
                0x1fff80d4                cydelay_freq_khz
                0x1fff80d8                cydelay_freq_mhz
                0x1fff80dc                cydelay_freq_hz
 .data.impure_data
                0x1fff80e0       0x60 c:/program files (x86)/cypress/psoc creator/4.4/psoc creator/import/gnu/arm/5.4.1/bin/../lib/gcc/arm-none-eabi/5.4.1/../../../../arm-none-eabi/lib/armv7-m\libg_nano.a(lib_a-impure.o)
 .data._impure_ptr
                0x1fff8140        0x4 c:/program files (x86)/cypress/psoc creator/4.4/psoc creator/import/gnu/arm/5.4.1/bin/../lib/gcc/arm-none-eabi/5.4.1/../../../../arm-none-eabi/lib/armv7-m\libg_nano.a(lib_a-impure.o)
                0x1fff8140                _impure_ptr
                0x1fff8148                . = ALIGN (0x8)
 *fill*         0x1fff8144        0x4 
 *(.ram)
                0x1fff8148                _edata = .

.igot.plt       0x1fff8148        0x0 load address 0x000015d8
 .igot.plt      0x1fff8148        0x0 c:/program files (x86)/cypress/psoc creator/4.4/psoc creator/import/gnu/arm/5.4.1/bin/../lib/gcc/arm-none-eabi/5.4.1/armv7-m/crtbegin.o

.bss            0x1fff8148       0x78 load address 0x000015d8
                0x1fff8148                PROVIDE (__bss_start__, .)
 *(.shbss)
 *(.bss .bss.* .gnu.linkonce.b.*)
 .bss           0x1fff8148       0x1c c:/program files (x86)/cypress/psoc creator/4.4/psoc creator/import/gnu/arm/5.4.1/bin/../lib/gcc/arm-none-eabi/5.4.1/armv7-m/crtbegin.o
 .bss           0x1fff8164       0x3c .\CortexM3\ARM_GCC_541\Debug\main.o
                0x1fff8164                ban_trig1
                0x1fff8165                ban_M11
                0x1fff8166                ban_trig2
                0x1fff8167                ban_M22
                0x1fff8168                cont
                0x1fff8169                ovf1
                0x1fff816a                ovf2
                0x1fff816c                valor1
                0x1fff8170                valor2
                0x1fff8174                valor3
                0x1fff8178                Distancia1
                0x1fff817c                Distancia2
                0x1fff8180                Distancia3
                0x1fff8184                Count_M1
                0x1fff8186                Count_M2
                0x1fff8188                ban_M1
                0x1fff8189                ban_M2
                0x1fff818c                Distancia
                0x1fff8190                CiclosDureza
                0x1fff8194                VALADC
                0x1fff8198                Temperatura
                0x1fff819c                Velocidad
 .bss           0x1fff81a0        0x1 .\CortexM3\ARM_GCC_541\Debug\Practica_8.a(ADC.o)
                0x1fff81a0                ADC_initVar
 .bss           0x1fff81a1        0x1 .\CortexM3\ARM_GCC_541\Debug\Practica_8.a(Timer.o)
                0x1fff81a1                Timer_initVar
 .bss           0x1fff81a2        0x1 .\CortexM3\ARM_GCC_541\Debug\Practica_8.a(Counter.o)
                0x1fff81a2                Counter_initVar
 .bss           0x1fff81a3        0x2 .\CortexM3\ARM_GCC_541\Debug\Practica_8.a(LCD.o)
                0x1fff81a3                LCD_enableState
                0x1fff81a4                LCD_initVar
 .bss           0x1fff81a5        0x1 .\CortexM3\ARM_GCC_541\Debug\Practica_8.a(PWM.o)
                0x1fff81a5                PWM_initVar
 *fill*         0x1fff81a6        0x2 
 .bss           0x1fff81a8        0x5 .\CortexM3\ARM_GCC_541\Debug\Practica_8.a(PWM_PM.o)
 .bss           0x1fff81ad        0x1 .\CortexM3\ARM_GCC_541\Debug\Practica_8.a(Opamp.o)
                0x1fff81ad                Opamp_initVar
 *(COMMON)
 *fill*         0x1fff81ae        0x2 
 COMMON         0x1fff81b0        0xa .\CortexM3\ARM_GCC_541\Debug\Practica_8.a(ADC.o)
                0x1fff81b0                ADC_countsPer10Volt
                0x1fff81b4                ADC_shift
                0x1fff81b6                ADC_countsPerVolt
                0x1fff81b8                ADC_offset
                0x1fff81c0                . = ALIGN (0x8)
 *fill*         0x1fff81ba        0x6 
 *(.ram.b)
                0x1fff81c0                _end = .
                0x1fff81c0                __end = .
                0x1fff81c0                PROVIDE (end, .)
                0x1fff81c0                PROVIDE (__bss_end__, .)
                0x00001558                __cy_region_init_ram = LOADADDR (.data)
                0x00000080                __cy_region_init_size_ram = (_edata - ADDR (.data))
                0x00000078                __cy_region_zero_size_ram = (_end - _edata)

.heap           0x1fff81c0       0x80 load address 0x000015d8
                0x1fff81c0                . = _end
                0x1fff8240                . = (. + 0x80)
 *fill*         0x1fff81c0       0x80 
                0x1fff8240                __cy_heap_limit = .

.stack          0x20007800      0x800
                0x20007800                __cy_stack_limit = .
                0x20008000                . = (. + 0x800)
 *fill*         0x20007800      0x800 
                0x00000001                ASSERT ((__cy_stack_limit >= __cy_heap_limit), region RAM overflowed with stack)
                0x00000000                cy_checksum_exclude_size = (CY_APPL_LOADABLE == 0x1)?SIZEOF (.cy_checksum_exclude):0x0
                0x00000001                ASSERT ((cy_checksum_exclude_size <= CY_CHECKSUM_EXCLUDE_SIZE), CY_BOOT: Section .cy_checksum_exclude size exceedes specified limit.)

.cyloadermeta
 *(.cyloadermeta)

.cyloadablemeta
 *(.cyloadablemeta)

.cyconfigecc    0x80000000      0x348
 *(.cyconfigecc)
 .cyconfigecc   0x80000000      0x348 .\CortexM3\ARM_GCC_541\Debug\cymetadata.o
                0x80000000                cy_meta_configecc

.cycustnvl      0x90000000        0x4
 *(.cycustnvl)
 .cycustnvl     0x90000000        0x4 .\CortexM3\ARM_GCC_541\Debug\cymetadata.o
                0x90000000                cy_meta_custnvl

.cywolatch      0x90100000        0x4
 *(.cywolatch)
 .cywolatch     0x90100000        0x4 .\CortexM3\ARM_GCC_541\Debug\cymetadata.o
                0x90100000                cy_meta_wonvl

.cyeeprom       0x90200000        0x0
 *(.cyeeprom)
                0x00000001                ASSERT ((. <= ((0x90200000 + ee_offset) + ee_size)), .cyeeprom data will not fit in EEPROM)

.cyflashprotect
                0x90400000      0x100
 *(.cyflashprotect)
 .cyflashprotect
                0x90400000      0x100 .\CortexM3\ARM_GCC_541\Debug\cymetadata.o
                0x90400000                cy_meta_flashprotect

.cymeta         0x90500000        0xc
 *(.cymeta)
 .cymeta        0x90500000        0xc .\CortexM3\ARM_GCC_541\Debug\cymetadata.o
                0x90500000                cy_metadata

.rel.dyn        0x000015d8        0x0 load address 0x9050000c
 .rel.iplt      0x000015d8        0x0 c:/program files (x86)/cypress/psoc creator/4.4/psoc creator/import/gnu/arm/5.4.1/bin/../lib/gcc/arm-none-eabi/5.4.1/armv7-m/crtbegin.o

.stab
 *(.stab)

.stabstr
 *(.stabstr)

.debug
 *(.debug)

.line
 *(.line)

.debug_srcinfo
 *(.debug_srcinfo)

.debug_sfnames
 *(.debug_sfnames)

.debug_aranges  0x00000000      0xbd0
 *(.debug_aranges)
 .debug_aranges
                0x00000000       0x48 .\CortexM3\ARM_GCC_541\Debug\main.o
 .debug_aranges
                0x00000048       0x58 .\CortexM3\ARM_GCC_541\Debug\cyfitter_cfg.o
 .debug_aranges
                0x000000a0       0x18 .\CortexM3\ARM_GCC_541\Debug\cymetadata.o
 .debug_aranges
                0x000000b8       0x48 .\CortexM3\ARM_GCC_541\Debug\Cm3Start.o
 .debug_aranges
                0x00000100       0xa8 .\CortexM3\ARM_GCC_541\Debug\Practica_8.a(ADC.o)
 .debug_aranges
                0x000001a8       0x20 .\CortexM3\ARM_GCC_541\Debug\Practica_8.a(ADC_INT.o)
 .debug_aranges
                0x000001c8       0xa8 .\CortexM3\ARM_GCC_541\Debug\Practica_8.a(Timer.o)
 .debug_aranges
                0x00000270       0x80 .\CortexM3\ARM_GCC_541\Debug\Practica_8.a(Timer_isr.o)
 .debug_aranges
                0x000002f0       0x80 .\CortexM3\ARM_GCC_541\Debug\Practica_8.a(Counter.o)
 .debug_aranges
                0x00000370       0x80 .\CortexM3\ARM_GCC_541\Debug\Practica_8.a(Contador_isr.o)
 .debug_aranges
                0x000003f0       0x80 .\CortexM3\ARM_GCC_541\Debug\Practica_8.a(Boton1_isr.o)
 .debug_aranges
                0x00000470       0x80 .\CortexM3\ARM_GCC_541\Debug\Practica_8.a(Boton2_isr.o)
 .debug_aranges
                0x000004f0       0x98 .\CortexM3\ARM_GCC_541\Debug\Practica_8.a(LCD.o)
 .debug_aranges
                0x00000588       0x80 .\CortexM3\ARM_GCC_541\Debug\Practica_8.a(ADC_theACLK.o)
 .debug_aranges
                0x00000608      0x2a0 .\CortexM3\ARM_GCC_541\Debug\Practica_8.a(CyLib.o)
 .debug_aranges
                0x000008a8       0x98 .\CortexM3\ARM_GCC_541\Debug\Practica_8.a(cyPm.o)
 .debug_aranges
                0x00000940       0x20 .\CortexM3\ARM_GCC_541\Debug\Practica_8.a(cyutils.o)
 .debug_aranges
                0x00000960       0x98 .\CortexM3\ARM_GCC_541\Debug\Practica_8.a(PWM.o)
 .debug_aranges
                0x000009f8       0x38 .\CortexM3\ARM_GCC_541\Debug\Practica_8.a(PWM_PM.o)
 .debug_aranges
                0x00000a30       0x38 .\CortexM3\ARM_GCC_541\Debug\Practica_8.a(Pin.o)
 .debug_aranges
                0x00000a68       0x40 .\CortexM3\ARM_GCC_541\Debug\Practica_8.a(Opamp.o)
 .debug_aranges
                0x00000aa8       0x20 .\CortexM3\ARM_GCC_541\Debug\Practica_8.a(CyBootAsmGnu.o)
 .debug_aranges
                0x00000ac8       0x88 .\CortexM3\ARM_GCC_541\Debug\Practica_8.a(CyFlash.o)
 .debug_aranges
                0x00000b50       0x80 .\CortexM3\ARM_GCC_541\Debug\Practica_8.a(CySpc.o)

.debug_pubnames
 *(.debug_pubnames)

.debug_info     0x00000000     0x6730
 *(.debug_info .gnu.linkonce.wi.*)
 .debug_info    0x00000000      0x8e6 .\CortexM3\ARM_GCC_541\Debug\main.o
 .debug_info    0x000008e6      0x54d .\CortexM3\ARM_GCC_541\Debug\cyfitter_cfg.o
 .debug_info    0x00000e33      0x135 .\CortexM3\ARM_GCC_541\Debug\cymetadata.o
 .debug_info    0x00000f68      0x3bb .\CortexM3\ARM_GCC_541\Debug\Cm3Start.o
 .debug_info    0x00001323      0x5c0 .\CortexM3\ARM_GCC_541\Debug\Practica_8.a(ADC.o)
 .debug_info    0x000018e3       0x92 .\CortexM3\ARM_GCC_541\Debug\Practica_8.a(ADC_INT.o)
 .debug_info    0x00001975      0x39f .\CortexM3\ARM_GCC_541\Debug\Practica_8.a(Timer.o)
 .debug_info    0x00001d14      0x2d2 .\CortexM3\ARM_GCC_541\Debug\Practica_8.a(Timer_isr.o)
 .debug_info    0x00001fe6      0x28b .\CortexM3\ARM_GCC_541\Debug\Practica_8.a(Counter.o)
 .debug_info    0x00002271      0x2d2 .\CortexM3\ARM_GCC_541\Debug\Practica_8.a(Contador_isr.o)
 .debug_info    0x00002543      0x2d2 .\CortexM3\ARM_GCC_541\Debug\Practica_8.a(Boton1_isr.o)
 .debug_info    0x00002815      0x2d2 .\CortexM3\ARM_GCC_541\Debug\Practica_8.a(Boton2_isr.o)
 .debug_info    0x00002ae7      0x715 .\CortexM3\ARM_GCC_541\Debug\Practica_8.a(LCD.o)
 .debug_info    0x000031fc      0x2c4 .\CortexM3\ARM_GCC_541\Debug\Practica_8.a(ADC_theACLK.o)
 .debug_info    0x000034c0     0x1374 .\CortexM3\ARM_GCC_541\Debug\Practica_8.a(CyLib.o)
 .debug_info    0x00004834      0xa2a .\CortexM3\ARM_GCC_541\Debug\Practica_8.a(cyPm.o)
 .debug_info    0x0000525e       0xee .\CortexM3\ARM_GCC_541\Debug\Practica_8.a(cyutils.o)
 .debug_info    0x0000534c      0x331 .\CortexM3\ARM_GCC_541\Debug\Practica_8.a(PWM.o)
 .debug_info    0x0000567d      0x217 .\CortexM3\ARM_GCC_541\Debug\Practica_8.a(PWM_PM.o)
 .debug_info    0x00005894      0x11f .\CortexM3\ARM_GCC_541\Debug\Practica_8.a(Pin.o)
 .debug_info    0x000059b3      0x151 .\CortexM3\ARM_GCC_541\Debug\Practica_8.a(Opamp.o)
 .debug_info    0x00005b04       0x8f .\CortexM3\ARM_GCC_541\Debug\Practica_8.a(CyBootAsmGnu.o)
 .debug_info    0x00005b93      0x64d .\CortexM3\ARM_GCC_541\Debug\Practica_8.a(CyFlash.o)
 .debug_info    0x000061e0      0x550 .\CortexM3\ARM_GCC_541\Debug\Practica_8.a(CySpc.o)

.debug_abbrev   0x00000000     0x1ce6
 *(.debug_abbrev)
 .debug_abbrev  0x00000000       0xfe .\CortexM3\ARM_GCC_541\Debug\main.o
 .debug_abbrev  0x000000fe      0x1fe .\CortexM3\ARM_GCC_541\Debug\cyfitter_cfg.o
 .debug_abbrev  0x000002fc       0x66 .\CortexM3\ARM_GCC_541\Debug\cymetadata.o
 .debug_abbrev  0x00000362      0x1e8 .\CortexM3\ARM_GCC_541\Debug\Cm3Start.o
 .debug_abbrev  0x0000054a      0x1ac .\CortexM3\ARM_GCC_541\Debug\Practica_8.a(ADC.o)
 .debug_abbrev  0x000006f6       0x42 .\CortexM3\ARM_GCC_541\Debug\Practica_8.a(ADC_INT.o)
 .debug_abbrev  0x00000738      0x14b .\CortexM3\ARM_GCC_541\Debug\Practica_8.a(Timer.o)
 .debug_abbrev  0x00000883      0x173 .\CortexM3\ARM_GCC_541\Debug\Practica_8.a(Timer_isr.o)
 .debug_abbrev  0x000009f6      0x122 .\CortexM3\ARM_GCC_541\Debug\Practica_8.a(Counter.o)
 .debug_abbrev  0x00000b18      0x173 .\CortexM3\ARM_GCC_541\Debug\Practica_8.a(Contador_isr.o)
 .debug_abbrev  0x00000c8b      0x173 .\CortexM3\ARM_GCC_541\Debug\Practica_8.a(Boton1_isr.o)
 .debug_abbrev  0x00000dfe      0x173 .\CortexM3\ARM_GCC_541\Debug\Practica_8.a(Boton2_isr.o)
 .debug_abbrev  0x00000f71      0x157 .\CortexM3\ARM_GCC_541\Debug\Practica_8.a(LCD.o)
 .debug_abbrev  0x000010c8      0x121 .\CortexM3\ARM_GCC_541\Debug\Practica_8.a(ADC_theACLK.o)
 .debug_abbrev  0x000011e9      0x254 .\CortexM3\ARM_GCC_541\Debug\Practica_8.a(CyLib.o)
 .debug_abbrev  0x0000143d      0x1ab .\CortexM3\ARM_GCC_541\Debug\Practica_8.a(cyPm.o)
 .debug_abbrev  0x000015e8       0x8e .\CortexM3\ARM_GCC_541\Debug\Practica_8.a(cyutils.o)
 .debug_abbrev  0x00001676      0x133 .\CortexM3\ARM_GCC_541\Debug\Practica_8.a(PWM.o)
 .debug_abbrev  0x000017a9       0xac .\CortexM3\ARM_GCC_541\Debug\Practica_8.a(PWM_PM.o)
 .debug_abbrev  0x00001855       0x90 .\CortexM3\ARM_GCC_541\Debug\Practica_8.a(Pin.o)
 .debug_abbrev  0x000018e5       0xb2 .\CortexM3\ARM_GCC_541\Debug\Practica_8.a(Opamp.o)
 .debug_abbrev  0x00001997       0x14 .\CortexM3\ARM_GCC_541\Debug\Practica_8.a(CyBootAsmGnu.o)
 .debug_abbrev  0x000019ab      0x1a7 .\CortexM3\ARM_GCC_541\Debug\Practica_8.a(CyFlash.o)
 .debug_abbrev  0x00001b52      0x194 .\CortexM3\ARM_GCC_541\Debug\Practica_8.a(CySpc.o)

.debug_line     0x00000000     0x2a44
 *(.debug_line)
 .debug_line    0x00000000      0x300 .\CortexM3\ARM_GCC_541\Debug\main.o
 .debug_line    0x00000300      0x1f2 .\CortexM3\ARM_GCC_541\Debug\cyfitter_cfg.o
 .debug_line    0x000004f2      0x141 .\CortexM3\ARM_GCC_541\Debug\cymetadata.o
 .debug_line    0x00000633      0x234 .\CortexM3\ARM_GCC_541\Debug\Cm3Start.o
 .debug_line    0x00000867      0x216 .\CortexM3\ARM_GCC_541\Debug\Practica_8.a(ADC.o)
 .debug_line    0x00000a7d       0x50 .\CortexM3\ARM_GCC_541\Debug\Practica_8.a(ADC_INT.o)
 .debug_line    0x00000acd      0x1a5 .\CortexM3\ARM_GCC_541\Debug\Practica_8.a(Timer.o)
 .debug_line    0x00000c72      0x136 .\CortexM3\ARM_GCC_541\Debug\Practica_8.a(Timer_isr.o)
 .debug_line    0x00000da8      0x15b .\CortexM3\ARM_GCC_541\Debug\Practica_8.a(Counter.o)
 .debug_line    0x00000f03      0x139 .\CortexM3\ARM_GCC_541\Debug\Practica_8.a(Contador_isr.o)
 .debug_line    0x0000103c      0x137 .\CortexM3\ARM_GCC_541\Debug\Practica_8.a(Boton1_isr.o)
 .debug_line    0x00001173      0x137 .\CortexM3\ARM_GCC_541\Debug\Practica_8.a(Boton2_isr.o)
 .debug_line    0x000012aa      0x1dc .\CortexM3\ARM_GCC_541\Debug\Practica_8.a(LCD.o)
 .debug_line    0x00001486      0x19d .\CortexM3\ARM_GCC_541\Debug\Practica_8.a(ADC_theACLK.o)
 .debug_line    0x00001623      0x816 .\CortexM3\ARM_GCC_541\Debug\Practica_8.a(CyLib.o)
 .debug_line    0x00001e39      0x367 .\CortexM3\ARM_GCC_541\Debug\Practica_8.a(cyPm.o)
 .debug_line    0x000021a0       0x60 .\CortexM3\ARM_GCC_541\Debug\Practica_8.a(cyutils.o)
 .debug_line    0x00002200      0x183 .\CortexM3\ARM_GCC_541\Debug\Practica_8.a(PWM.o)
 .debug_line    0x00002383       0xa9 .\CortexM3\ARM_GCC_541\Debug\Practica_8.a(PWM_PM.o)
 .debug_line    0x0000242c       0x90 .\CortexM3\ARM_GCC_541\Debug\Practica_8.a(Pin.o)
 .debug_line    0x000024bc       0xa8 .\CortexM3\ARM_GCC_541\Debug\Practica_8.a(Opamp.o)
 .debug_line    0x00002564       0x66 .\CortexM3\ARM_GCC_541\Debug\Practica_8.a(CyBootAsmGnu.o)
 .debug_line    0x000025ca      0x21a .\CortexM3\ARM_GCC_541\Debug\Practica_8.a(CyFlash.o)
 .debug_line    0x000027e4      0x260 .\CortexM3\ARM_GCC_541\Debug\Practica_8.a(CySpc.o)

.debug_frame    0x00000000     0x1db0
 *(.debug_frame)
 .debug_frame   0x00000000       0xac .\CortexM3\ARM_GCC_541\Debug\main.o
 .debug_frame   0x000000ac       0xfc .\CortexM3\ARM_GCC_541\Debug\cyfitter_cfg.o
 .debug_frame   0x000001a8       0xb8 .\CortexM3\ARM_GCC_541\Debug\Cm3Start.o
 .debug_frame   0x00000260      0x1b0 .\CortexM3\ARM_GCC_541\Debug\Practica_8.a(ADC.o)
 .debug_frame   0x00000410       0x20 .\CortexM3\ARM_GCC_541\Debug\Practica_8.a(ADC_INT.o)
 .debug_frame   0x00000430      0x16c .\CortexM3\ARM_GCC_541\Debug\Practica_8.a(Timer.o)
 .debug_frame   0x0000059c      0x104 .\CortexM3\ARM_GCC_541\Debug\Practica_8.a(Timer_isr.o)
 .debug_frame   0x000006a0      0x104 .\CortexM3\ARM_GCC_541\Debug\Practica_8.a(Counter.o)
 .debug_frame   0x000007a4      0x104 .\CortexM3\ARM_GCC_541\Debug\Practica_8.a(Contador_isr.o)
 .debug_frame   0x000008a8      0x104 .\CortexM3\ARM_GCC_541\Debug\Practica_8.a(Boton1_isr.o)
 .debug_frame   0x000009ac      0x104 .\CortexM3\ARM_GCC_541\Debug\Practica_8.a(Boton2_isr.o)
 .debug_frame   0x00000ab0      0x1e8 .\CortexM3\ARM_GCC_541\Debug\Practica_8.a(LCD.o)
 .debug_frame   0x00000c98      0x100 .\CortexM3\ARM_GCC_541\Debug\Practica_8.a(ADC_theACLK.o)
 .debug_frame   0x00000d98      0x738 .\CortexM3\ARM_GCC_541\Debug\Practica_8.a(CyLib.o)
 .debug_frame   0x000014d0      0x1f8 .\CortexM3\ARM_GCC_541\Debug\Practica_8.a(cyPm.o)
 .debug_frame   0x000016c8       0x20 .\CortexM3\ARM_GCC_541\Debug\Practica_8.a(cyutils.o)
 .debug_frame   0x000016e8      0x134 .\CortexM3\ARM_GCC_541\Debug\Practica_8.a(PWM.o)
 .debug_frame   0x0000181c       0x80 .\CortexM3\ARM_GCC_541\Debug\Practica_8.a(PWM_PM.o)
 .debug_frame   0x0000189c       0x50 .\CortexM3\ARM_GCC_541\Debug\Practica_8.a(Pin.o)
 .debug_frame   0x000018ec       0x78 .\CortexM3\ARM_GCC_541\Debug\Practica_8.a(Opamp.o)
 .debug_frame   0x00001964      0x194 .\CortexM3\ARM_GCC_541\Debug\Practica_8.a(CyFlash.o)
 .debug_frame   0x00001af8      0x180 .\CortexM3\ARM_GCC_541\Debug\Practica_8.a(CySpc.o)
 .debug_frame   0x00001c78       0x44 c:/program files (x86)/cypress/psoc creator/4.4/psoc creator/import/gnu/arm/5.4.1/bin/../lib/gcc/arm-none-eabi/5.4.1/armv7-m\libgcc.a(_aeabi_ldivmod.o)
 .debug_frame   0x00001cbc       0x38 c:/program files (x86)/cypress/psoc creator/4.4/psoc creator/import/gnu/arm/5.4.1/bin/../lib/gcc/arm-none-eabi/5.4.1/armv7-m\libgcc.a(_udivmoddi4.o)
 .debug_frame   0x00001cf4       0x20 c:/program files (x86)/cypress/psoc creator/4.4/psoc creator/import/gnu/arm/5.4.1/bin/../lib/gcc/arm-none-eabi/5.4.1/../../../../arm-none-eabi/lib/armv7-m\libg_nano.a(lib_a-errno.o)
 .debug_frame   0x00001d14       0x28 c:/program files (x86)/cypress/psoc creator/4.4/psoc creator/import/gnu/arm/5.4.1/bin/../lib/gcc/arm-none-eabi/5.4.1/../../../../arm-none-eabi/lib/armv7-m\libg_nano.a(lib_a-exit.o)
 .debug_frame   0x00001d3c       0x2c c:/program files (x86)/cypress/psoc creator/4.4/psoc creator/import/gnu/arm/5.4.1/bin/../lib/gcc/arm-none-eabi/5.4.1/../../../../arm-none-eabi/lib/armv7-m\libg_nano.a(lib_a-init.o)
 .debug_frame   0x00001d68       0x28 c:/program files (x86)/cypress/psoc creator/4.4/psoc creator/import/gnu/arm/5.4.1/bin/../lib/gcc/arm-none-eabi/5.4.1/../../../../arm-none-eabi/lib/armv7-m\libg_nano.a(lib_a-memcpy-stub.o)
 .debug_frame   0x00001d90       0x20 c:/program files (x86)/cypress/psoc creator/4.4/psoc creator/import/gnu/arm/5.4.1/bin/../lib/gcc/arm-none-eabi/5.4.1/../../../../arm-none-eabi/lib/armv7-m\libg_nano.a(lib_a-memset.o)

.debug_str      0x00000000     0x23ae
 *(.debug_str)
 .debug_str     0x00000000      0x416 .\CortexM3\ARM_GCC_541\Debug\main.o
                                0x470 (size before relaxing)
 .debug_str     0x00000416      0x176 .\CortexM3\ARM_GCC_541\Debug\cyfitter_cfg.o
                                0x318 (size before relaxing)
 .debug_str     0x0000058c       0x7f .\CortexM3\ARM_GCC_541\Debug\cymetadata.o
                                0x1e3 (size before relaxing)
 .debug_str     0x0000060b      0x13f .\CortexM3\ARM_GCC_541\Debug\Cm3Start.o
                                0x309 (size before relaxing)
 .debug_str     0x0000074a      0x1fa .\CortexM3\ARM_GCC_541\Debug\Practica_8.a(ADC.o)
                                0x426 (size before relaxing)
 .debug_str     0x00000944       0x29 .\CortexM3\ARM_GCC_541\Debug\Practica_8.a(ADC_INT.o)
                                0x18e (size before relaxing)
 .debug_str     0x0000096d      0x194 .\CortexM3\ARM_GCC_541\Debug\Practica_8.a(Timer.o)
                                0x395 (size before relaxing)
 .debug_str     0x00000b01      0x124 .\CortexM3\ARM_GCC_541\Debug\Practica_8.a(Timer_isr.o)
                                0x2dd (size before relaxing)
 .debug_str     0x00000c25      0x13a .\CortexM3\ARM_GCC_541\Debug\Practica_8.a(Counter.o)
                                0x2f8 (size before relaxing)
 .debug_str     0x00000d5f      0x133 .\CortexM3\ARM_GCC_541\Debug\Practica_8.a(Contador_isr.o)
                                0x307 (size before relaxing)
 .debug_str     0x00000e92       0xf4 .\CortexM3\ARM_GCC_541\Debug\Practica_8.a(Boton1_isr.o)
                                0x2eb (size before relaxing)
 .debug_str     0x00000f86       0xf4 .\CortexM3\ARM_GCC_541\Debug\Practica_8.a(Boton2_isr.o)
                                0x2eb (size before relaxing)
 .debug_str     0x0000107a      0x11a .\CortexM3\ARM_GCC_541\Debug\Practica_8.a(LCD.o)
                                0x32a (size before relaxing)
 .debug_str     0x00001194      0x1bf .\CortexM3\ARM_GCC_541\Debug\Practica_8.a(ADC_theACLK.o)
                                0x360 (size before relaxing)
 .debug_str     0x00001353      0x7b9 .\CortexM3\ARM_GCC_541\Debug\Practica_8.a(CyLib.o)
                                0xa46 (size before relaxing)
 .debug_str     0x00001b0c      0x365 .\CortexM3\ARM_GCC_541\Debug\Practica_8.a(cyPm.o)
                                0x732 (size before relaxing)
 .debug_str     0x00001e71       0x2e .\CortexM3\ARM_GCC_541\Debug\Practica_8.a(cyutils.o)
                                0x1b1 (size before relaxing)
 .debug_str     0x00001e9f      0x149 .\CortexM3\ARM_GCC_541\Debug\Practica_8.a(PWM.o)
                                0x32a (size before relaxing)
 .debug_str     0x00001fe8       0xae .\CortexM3\ARM_GCC_541\Debug\Practica_8.a(PWM_PM.o)
                                0x2c2 (size before relaxing)
 .debug_str     0x00002096       0x52 .\CortexM3\ARM_GCC_541\Debug\Practica_8.a(Pin.o)
                                0x1d7 (size before relaxing)
 .debug_str     0x000020e8       0x5f .\CortexM3\ARM_GCC_541\Debug\Practica_8.a(Opamp.o)
                                0x1f6 (size before relaxing)
 .debug_str     0x00002147      0x1bb .\CortexM3\ARM_GCC_541\Debug\Practica_8.a(CyFlash.o)
                                0x3bf (size before relaxing)
 .debug_str     0x00002302       0xac .\CortexM3\ARM_GCC_541\Debug\Practica_8.a(CySpc.o)
                                0x337 (size before relaxing)

.debug_loc      0x00000000     0x2441
 *(.debug_loc)
 .debug_loc     0x00000000      0x1fd .\CortexM3\ARM_GCC_541\Debug\cyfitter_cfg.o
 .debug_loc     0x000001fd      0x144 .\CortexM3\ARM_GCC_541\Debug\Cm3Start.o
 .debug_loc     0x00000341      0x295 .\CortexM3\ARM_GCC_541\Debug\Practica_8.a(ADC.o)
 .debug_loc     0x000005d6       0x89 .\CortexM3\ARM_GCC_541\Debug\Practica_8.a(Timer.o)
 .debug_loc     0x0000065f       0x56 .\CortexM3\ARM_GCC_541\Debug\Practica_8.a(Timer_isr.o)
 .debug_loc     0x000006b5       0x21 .\CortexM3\ARM_GCC_541\Debug\Practica_8.a(Counter.o)
 .debug_loc     0x000006d6       0x56 .\CortexM3\ARM_GCC_541\Debug\Practica_8.a(Contador_isr.o)
 .debug_loc     0x0000072c       0x56 .\CortexM3\ARM_GCC_541\Debug\Practica_8.a(Boton1_isr.o)
 .debug_loc     0x00000782       0x56 .\CortexM3\ARM_GCC_541\Debug\Practica_8.a(Boton2_isr.o)
 .debug_loc     0x000007d8      0x3c6 .\CortexM3\ARM_GCC_541\Debug\Practica_8.a(LCD.o)
 .debug_loc     0x00000b9e      0x14d .\CortexM3\ARM_GCC_541\Debug\Practica_8.a(ADC_theACLK.o)
 .debug_loc     0x00000ceb      0xa11 .\CortexM3\ARM_GCC_541\Debug\Practica_8.a(CyLib.o)
 .debug_loc     0x000016fc      0x1e4 .\CortexM3\ARM_GCC_541\Debug\Practica_8.a(cyPm.o)
 .debug_loc     0x000018e0       0x21 .\CortexM3\ARM_GCC_541\Debug\Practica_8.a(cyutils.o)
 .debug_loc     0x00001901       0x26 .\CortexM3\ARM_GCC_541\Debug\Practica_8.a(PWM.o)
 .debug_loc     0x00001927       0x42 .\CortexM3\ARM_GCC_541\Debug\Practica_8.a(Pin.o)
 .debug_loc     0x00001969       0x21 .\CortexM3\ARM_GCC_541\Debug\Practica_8.a(Opamp.o)
 .debug_loc     0x0000198a      0x3b2 .\CortexM3\ARM_GCC_541\Debug\Practica_8.a(CyFlash.o)
 .debug_loc     0x00001d3c      0x705 .\CortexM3\ARM_GCC_541\Debug\Practica_8.a(CySpc.o)

.debug_macinfo
 *(.debug_macinfo)

.debug_ranges   0x00000000      0xa38
 *(.debug_ranges)
 .debug_ranges  0x00000000       0x38 .\CortexM3\ARM_GCC_541\Debug\main.o
 .debug_ranges  0x00000038       0x48 .\CortexM3\ARM_GCC_541\Debug\cyfitter_cfg.o
 .debug_ranges  0x00000080       0x38 .\CortexM3\ARM_GCC_541\Debug\Cm3Start.o
 .debug_ranges  0x000000b8       0x98 .\CortexM3\ARM_GCC_541\Debug\Practica_8.a(ADC.o)
 .debug_ranges  0x00000150       0x10 .\CortexM3\ARM_GCC_541\Debug\Practica_8.a(ADC_INT.o)
 .debug_ranges  0x00000160       0x98 .\CortexM3\ARM_GCC_541\Debug\Practica_8.a(Timer.o)
 .debug_ranges  0x000001f8       0x70 .\CortexM3\ARM_GCC_541\Debug\Practica_8.a(Timer_isr.o)
 .debug_ranges  0x00000268       0x70 .\CortexM3\ARM_GCC_541\Debug\Practica_8.a(Counter.o)
 .debug_ranges  0x000002d8       0x70 .\CortexM3\ARM_GCC_541\Debug\Practica_8.a(Contador_isr.o)
 .debug_ranges  0x00000348       0x70 .\CortexM3\ARM_GCC_541\Debug\Practica_8.a(Boton1_isr.o)
 .debug_ranges  0x000003b8       0x70 .\CortexM3\ARM_GCC_541\Debug\Practica_8.a(Boton2_isr.o)
 .debug_ranges  0x00000428       0x88 .\CortexM3\ARM_GCC_541\Debug\Practica_8.a(LCD.o)
 .debug_ranges  0x000004b0       0x70 .\CortexM3\ARM_GCC_541\Debug\Practica_8.a(ADC_theACLK.o)
 .debug_ranges  0x00000520      0x290 .\CortexM3\ARM_GCC_541\Debug\Practica_8.a(CyLib.o)
 .debug_ranges  0x000007b0       0x88 .\CortexM3\ARM_GCC_541\Debug\Practica_8.a(cyPm.o)
 .debug_ranges  0x00000838       0x10 .\CortexM3\ARM_GCC_541\Debug\Practica_8.a(cyutils.o)
 .debug_ranges  0x00000848       0x88 .\CortexM3\ARM_GCC_541\Debug\Practica_8.a(PWM.o)
 .debug_ranges  0x000008d0       0x28 .\CortexM3\ARM_GCC_541\Debug\Practica_8.a(PWM_PM.o)
 .debug_ranges  0x000008f8       0x28 .\CortexM3\ARM_GCC_541\Debug\Practica_8.a(Pin.o)
 .debug_ranges  0x00000920       0x30 .\CortexM3\ARM_GCC_541\Debug\Practica_8.a(Opamp.o)
 .debug_ranges  0x00000950       0x78 .\CortexM3\ARM_GCC_541\Debug\Practica_8.a(CyFlash.o)
 .debug_ranges  0x000009c8       0x70 .\CortexM3\ARM_GCC_541\Debug\Practica_8.a(CySpc.o)

.comment        0x00000000       0x6e
 .comment       0x00000000       0x6e .\CortexM3\ARM_GCC_541\Debug\main.o
                                 0x6f (size before relaxing)
 .comment       0x0000006e       0x6f .\CortexM3\ARM_GCC_541\Debug\cyfitter_cfg.o
 .comment       0x0000006e       0x6f .\CortexM3\ARM_GCC_541\Debug\cymetadata.o
 .comment       0x0000006e       0x6f .\CortexM3\ARM_GCC_541\Debug\Cm3Start.o
 .comment       0x0000006e       0x6f .\CortexM3\ARM_GCC_541\Debug\Practica_8.a(ADC.o)
 .comment       0x0000006e       0x6f .\CortexM3\ARM_GCC_541\Debug\Practica_8.a(ADC_INT.o)
 .comment       0x0000006e       0x6f .\CortexM3\ARM_GCC_541\Debug\Practica_8.a(Timer.o)
 .comment       0x0000006e       0x6f .\CortexM3\ARM_GCC_541\Debug\Practica_8.a(Timer_isr.o)
 .comment       0x0000006e       0x6f .\CortexM3\ARM_GCC_541\Debug\Practica_8.a(Counter.o)
 .comment       0x0000006e       0x6f .\CortexM3\ARM_GCC_541\Debug\Practica_8.a(Contador_isr.o)
 .comment       0x0000006e       0x6f .\CortexM3\ARM_GCC_541\Debug\Practica_8.a(Boton1_isr.o)
 .comment       0x0000006e       0x6f .\CortexM3\ARM_GCC_541\Debug\Practica_8.a(Boton2_isr.o)
 .comment       0x0000006e       0x6f .\CortexM3\ARM_GCC_541\Debug\Practica_8.a(LCD.o)
 .comment       0x0000006e       0x6f .\CortexM3\ARM_GCC_541\Debug\Practica_8.a(ADC_theACLK.o)
 .comment       0x0000006e       0x6f .\CortexM3\ARM_GCC_541\Debug\Practica_8.a(CyLib.o)
 .comment       0x0000006e       0x6f .\CortexM3\ARM_GCC_541\Debug\Practica_8.a(cyPm.o)
 .comment       0x0000006e       0x6f .\CortexM3\ARM_GCC_541\Debug\Practica_8.a(cyutils.o)
 .comment       0x0000006e       0x6f .\CortexM3\ARM_GCC_541\Debug\Practica_8.a(PWM.o)
 .comment       0x0000006e       0x6f .\CortexM3\ARM_GCC_541\Debug\Practica_8.a(PWM_PM.o)
 .comment       0x0000006e       0x6f .\CortexM3\ARM_GCC_541\Debug\Practica_8.a(Pin.o)
 .comment       0x0000006e       0x6f .\CortexM3\ARM_GCC_541\Debug\Practica_8.a(Opamp.o)
 .comment       0x0000006e       0x6f .\CortexM3\ARM_GCC_541\Debug\Practica_8.a(CyFlash.o)
 .comment       0x0000006e       0x6f .\CortexM3\ARM_GCC_541\Debug\Practica_8.a(CySpc.o)

.debug_weaknames
 *(.debug_weaknames)

.debug_funcnames
 *(.debug_funcnames)

.debug_typenames
 *(.debug_typenames)

.debug_varnames
 *(.debug_varnames)

.note.gnu.arm.ident
 *(.note.gnu.arm.ident)

.ARM.attributes
                0x00000000       0x29
 *(.ARM.attributes)
 .ARM.attributes
                0x00000000       0x1d c:/program files (x86)/cypress/psoc creator/4.4/psoc creator/import/gnu/arm/5.4.1/bin/../lib/gcc/arm-none-eabi/5.4.1/armv7-m/crti.o
 .ARM.attributes
                0x0000001d       0x2d c:/program files (x86)/cypress/psoc creator/4.4/psoc creator/import/gnu/arm/5.4.1/bin/../lib/gcc/arm-none-eabi/5.4.1/armv7-m/crtbegin.o
 .ARM.attributes
                0x0000004a       0x1b c:/program files (x86)/cypress/psoc creator/4.4/psoc creator/import/gnu/arm/5.4.1/bin/../lib/gcc/arm-none-eabi/5.4.1/../../../../arm-none-eabi/lib/armv7-m/crt0.o
 .ARM.attributes
                0x00000065       0x33 .\CortexM3\ARM_GCC_541\Debug\main.o
 .ARM.attributes
                0x00000098       0x33 .\CortexM3\ARM_GCC_541\Debug\cyfitter_cfg.o
 .ARM.attributes
                0x000000cb       0x33 .\CortexM3\ARM_GCC_541\Debug\cymetadata.o
 .ARM.attributes
                0x000000fe       0x33 .\CortexM3\ARM_GCC_541\Debug\Cm3Start.o
 .ARM.attributes
                0x00000131       0x33 .\CortexM3\ARM_GCC_541\Debug\Practica_8.a(ADC.o)
 .ARM.attributes
                0x00000164       0x33 .\CortexM3\ARM_GCC_541\Debug\Practica_8.a(ADC_INT.o)
 .ARM.attributes
                0x00000197       0x33 .\CortexM3\ARM_GCC_541\Debug\Practica_8.a(Timer.o)
 .ARM.attributes
                0x000001ca       0x33 .\CortexM3\ARM_GCC_541\Debug\Practica_8.a(Timer_isr.o)
 .ARM.attributes
                0x000001fd       0x33 .\CortexM3\ARM_GCC_541\Debug\Practica_8.a(Counter.o)
 .ARM.attributes
                0x00000230       0x33 .\CortexM3\ARM_GCC_541\Debug\Practica_8.a(Contador_isr.o)
 .ARM.attributes
                0x00000263       0x33 .\CortexM3\ARM_GCC_541\Debug\Practica_8.a(Boton1_isr.o)
 .ARM.attributes
                0x00000296       0x33 .\CortexM3\ARM_GCC_541\Debug\Practica_8.a(Boton2_isr.o)
 .ARM.attributes
                0x000002c9       0x33 .\CortexM3\ARM_GCC_541\Debug\Practica_8.a(LCD.o)
 .ARM.attributes
                0x000002fc       0x33 .\CortexM3\ARM_GCC_541\Debug\Practica_8.a(ADC_theACLK.o)
 .ARM.attributes
                0x0000032f       0x33 .\CortexM3\ARM_GCC_541\Debug\Practica_8.a(CyLib.o)
 .ARM.attributes
                0x00000362       0x33 .\CortexM3\ARM_GCC_541\Debug\Practica_8.a(cyPm.o)
 .ARM.attributes
                0x00000395       0x33 .\CortexM3\ARM_GCC_541\Debug\Practica_8.a(cyutils.o)
 .ARM.attributes
                0x000003c8       0x33 .\CortexM3\ARM_GCC_541\Debug\Practica_8.a(PWM.o)
 .ARM.attributes
                0x000003fb       0x33 .\CortexM3\ARM_GCC_541\Debug\Practica_8.a(PWM_PM.o)
 .ARM.attributes
                0x0000042e       0x33 .\CortexM3\ARM_GCC_541\Debug\Practica_8.a(Pin.o)
 .ARM.attributes
                0x00000461       0x33 .\CortexM3\ARM_GCC_541\Debug\Practica_8.a(Opamp.o)
 .ARM.attributes
                0x00000494       0x21 .\CortexM3\ARM_GCC_541\Debug\Practica_8.a(CyBootAsmGnu.o)
 .ARM.attributes
                0x000004b5       0x33 .\CortexM3\ARM_GCC_541\Debug\Practica_8.a(CyFlash.o)
 .ARM.attributes
                0x000004e8       0x33 .\CortexM3\ARM_GCC_541\Debug\Practica_8.a(CySpc.o)
 .ARM.attributes
                0x0000051b       0x1d c:/program files (x86)/cypress/psoc creator/4.4/psoc creator/import/gnu/arm/5.4.1/bin/../lib/gcc/arm-none-eabi/5.4.1/armv7-m\libgcc.a(_arm_addsubsf3.o)
 .ARM.attributes
                0x00000538       0x1d c:/program files (x86)/cypress/psoc creator/4.4/psoc creator/import/gnu/arm/5.4.1/bin/../lib/gcc/arm-none-eabi/5.4.1/armv7-m\libgcc.a(_arm_muldivsf3.o)
 .ARM.attributes
                0x00000555       0x1d c:/program files (x86)/cypress/psoc creator/4.4/psoc creator/import/gnu/arm/5.4.1/bin/../lib/gcc/arm-none-eabi/5.4.1/armv7-m\libgcc.a(_aeabi_ldivmod.o)
 .ARM.attributes
                0x00000572       0x2d c:/program files (x86)/cypress/psoc creator/4.4/psoc creator/import/gnu/arm/5.4.1/bin/../lib/gcc/arm-none-eabi/5.4.1/armv7-m\libgcc.a(_udivmoddi4.o)
 .ARM.attributes
                0x0000059f       0x1d c:/program files (x86)/cypress/psoc creator/4.4/psoc creator/import/gnu/arm/5.4.1/bin/../lib/gcc/arm-none-eabi/5.4.1/armv7-m\libgcc.a(_dvmd_tls.o)
 .ARM.attributes
                0x000005bc       0x2d c:/program files (x86)/cypress/psoc creator/4.4/psoc creator/import/gnu/arm/5.4.1/bin/../lib/gcc/arm-none-eabi/5.4.1/../../../../arm-none-eabi/lib/armv7-m\libg_nano.a(lib_a-errno.o)
 .ARM.attributes
                0x000005e9       0x2d c:/program files (x86)/cypress/psoc creator/4.4/psoc creator/import/gnu/arm/5.4.1/bin/../lib/gcc/arm-none-eabi/5.4.1/../../../../arm-none-eabi/lib/armv7-m\libg_nano.a(lib_a-exit.o)
 .ARM.attributes
                0x00000616       0x2d c:/program files (x86)/cypress/psoc creator/4.4/psoc creator/import/gnu/arm/5.4.1/bin/../lib/gcc/arm-none-eabi/5.4.1/../../../../arm-none-eabi/lib/armv7-m\libg_nano.a(lib_a-impure.o)
 .ARM.attributes
                0x00000643       0x2d c:/program files (x86)/cypress/psoc creator/4.4/psoc creator/import/gnu/arm/5.4.1/bin/../lib/gcc/arm-none-eabi/5.4.1/../../../../arm-none-eabi/lib/armv7-m\libg_nano.a(lib_a-init.o)
 .ARM.attributes
                0x00000670       0x2d c:/program files (x86)/cypress/psoc creator/4.4/psoc creator/import/gnu/arm/5.4.1/bin/../lib/gcc/arm-none-eabi/5.4.1/../../../../arm-none-eabi/lib/armv7-m\libg_nano.a(lib_a-memcpy-stub.o)
 .ARM.attributes
                0x0000069d       0x2d c:/program files (x86)/cypress/psoc creator/4.4/psoc creator/import/gnu/arm/5.4.1/bin/../lib/gcc/arm-none-eabi/5.4.1/../../../../arm-none-eabi/lib/armv7-m\libg_nano.a(lib_a-memset.o)
 .ARM.attributes
                0x000006ca       0x2d c:/program files (x86)/cypress/psoc creator/4.4/psoc creator/import/gnu/arm/5.4.1/bin/../lib/gcc/arm-none-eabi/5.4.1/armv7-m/crtend.o
 .ARM.attributes
                0x000006f7       0x1d c:/program files (x86)/cypress/psoc creator/4.4/psoc creator/import/gnu/arm/5.4.1/bin/../lib/gcc/arm-none-eabi/5.4.1/armv7-m/crtn.o

/DISCARD/
 *(.note.GNU-stack)
OUTPUT(D:\Mis documentos\Documents\Sensores\Practica_8\Practica_8.cydsn\CortexM3\ARM_GCC_541\Debug\Practica_8.elf elf32-littlearm)
