Archive member included to satisfy reference by file (symbol)

.\CortexM3\ARM_GCC_541\Debug\Practica 9_TemperaturaYHumedad.a(LCD.o)
                              .\CortexM3\ARM_GCC_541\Debug\main.o (LCD_PrintString)
.\CortexM3\ARM_GCC_541\Debug\Practica 9_TemperaturaYHumedad.a(LCD_CustChars.o)
                              .\CortexM3\ARM_GCC_541\Debug\Practica 9_TemperaturaYHumedad.a(LCD.o) (LCD_LoadCustomFonts)
.\CortexM3\ARM_GCC_541\Debug\Practica 9_TemperaturaYHumedad.a(isr_timer.o)
                              .\CortexM3\ARM_GCC_541\Debug\main.o (isr_timer_StartEx)
.\CortexM3\ARM_GCC_541\Debug\Practica 9_TemperaturaYHumedad.a(CyLib.o)
                              .\CortexM3\ARM_GCC_541\Debug\Cm3Start.o (CyHalt)
.\CortexM3\ARM_GCC_541\Debug\Practica 9_TemperaturaYHumedad.a(cyPm.o)
                              .\CortexM3\ARM_GCC_541\Debug\Practica 9_TemperaturaYHumedad.a(CyLib.o) (CyPmReadStatus)
.\CortexM3\ARM_GCC_541\Debug\Practica 9_TemperaturaYHumedad.a(LED.o)
                              .\CortexM3\ARM_GCC_541\Debug\main.o (LED_Write)
.\CortexM3\ARM_GCC_541\Debug\Practica 9_TemperaturaYHumedad.a(Contador_1.o)
                              .\CortexM3\ARM_GCC_541\Debug\main.o (Contador_1_Start)
.\CortexM3\ARM_GCC_541\Debug\Practica 9_TemperaturaYHumedad.a(Timer.o)
                              .\CortexM3\ARM_GCC_541\Debug\main.o (Timer_Stop)
.\CortexM3\ARM_GCC_541\Debug\Practica 9_TemperaturaYHumedad.a(DATA.o)
                              .\CortexM3\ARM_GCC_541\Debug\main.o (DATA_Write)
.\CortexM3\ARM_GCC_541\Debug\Practica 9_TemperaturaYHumedad.a(isr_counter.o)
                              .\CortexM3\ARM_GCC_541\Debug\main.o (isr_counter_StartEx)
.\CortexM3\ARM_GCC_541\Debug\Practica 9_TemperaturaYHumedad.a(CyBootAsmGnu.o)
                              .\CortexM3\ARM_GCC_541\Debug\cyfitter_cfg.o (CyDelayCycles)
.\CortexM3\ARM_GCC_541\Debug\Practica 9_TemperaturaYHumedad.a(CyFlash.o)
                              .\CortexM3\ARM_GCC_541\Debug\Practica 9_TemperaturaYHumedad.a(cyPm.o) (CyFlash_SetWaitCycles)
.\CortexM3\ARM_GCC_541\Debug\Practica 9_TemperaturaYHumedad.a(CySpc.o)
                              .\CortexM3\ARM_GCC_541\Debug\Practica 9_TemperaturaYHumedad.a(CyFlash.o) (CySpcStart)
c:/program files (x86)/cypress/psoc creator/4.4/psoc creator/import/gnu/arm/5.4.1/bin/../lib/gcc/arm-none-eabi/5.4.1/../../../../arm-none-eabi/lib/armv7-m\libg_nano.a(lib_a-errno.o)
                              .\CortexM3\ARM_GCC_541\Debug\Cm3Start.o (__errno)
c:/program files (x86)/cypress/psoc creator/4.4/psoc creator/import/gnu/arm/5.4.1/bin/../lib/gcc/arm-none-eabi/5.4.1/../../../../arm-none-eabi/lib/armv7-m\libg_nano.a(lib_a-exit.o)
                              c:/program files (x86)/cypress/psoc creator/4.4/psoc creator/import/gnu/arm/5.4.1/bin/../lib/gcc/arm-none-eabi/5.4.1/../../../../arm-none-eabi/lib/armv7-m/crt0.o (exit)
c:/program files (x86)/cypress/psoc creator/4.4/psoc creator/import/gnu/arm/5.4.1/bin/../lib/gcc/arm-none-eabi/5.4.1/../../../../arm-none-eabi/lib/armv7-m\libg_nano.a(lib_a-impure.o)
                              c:/program files (x86)/cypress/psoc creator/4.4/psoc creator/import/gnu/arm/5.4.1/bin/../lib/gcc/arm-none-eabi/5.4.1/../../../../arm-none-eabi/lib/armv7-m\libg_nano.a(lib_a-exit.o) (_global_impure_ptr)
c:/program files (x86)/cypress/psoc creator/4.4/psoc creator/import/gnu/arm/5.4.1/bin/../lib/gcc/arm-none-eabi/5.4.1/../../../../arm-none-eabi/lib/armv7-m\libg_nano.a(lib_a-init.o)
                              c:/program files (x86)/cypress/psoc creator/4.4/psoc creator/import/gnu/arm/5.4.1/bin/../lib/gcc/arm-none-eabi/5.4.1/../../../../arm-none-eabi/lib/armv7-m/crt0.o (__libc_init_array)
c:/program files (x86)/cypress/psoc creator/4.4/psoc creator/import/gnu/arm/5.4.1/bin/../lib/gcc/arm-none-eabi/5.4.1/../../../../arm-none-eabi/lib/armv7-m\libg_nano.a(lib_a-memcpy-stub.o)
                              .\CortexM3\ARM_GCC_541\Debug\cyfitter_cfg.o (memcpy)
c:/program files (x86)/cypress/psoc creator/4.4/psoc creator/import/gnu/arm/5.4.1/bin/../lib/gcc/arm-none-eabi/5.4.1/../../../../arm-none-eabi/lib/armv7-m\libg_nano.a(lib_a-memset.o)
                              c:/program files (x86)/cypress/psoc creator/4.4/psoc creator/import/gnu/arm/5.4.1/bin/../lib/gcc/arm-none-eabi/5.4.1/../../../../arm-none-eabi/lib/armv7-m/crt0.o (memset)

Allocating common symbols
Common symbol       size              file

VectorUnosCeros     0x28              .\CortexM3\ARM_GCC_541\Debug\main.o
dieTemperature      0x2               .\CortexM3\ARM_GCC_541\Debug\Practica 9_TemperaturaYHumedad.a(CyFlash.o)
vector              0x28              .\CortexM3\ARM_GCC_541\Debug\main.o

Discarded input sections

 .text          0x00000000        0x0 c:/program files (x86)/cypress/psoc creator/4.4/psoc creator/import/gnu/arm/5.4.1/bin/../lib/gcc/arm-none-eabi/5.4.1/armv7-m/crti.o
 .data          0x00000000        0x0 c:/program files (x86)/cypress/psoc creator/4.4/psoc creator/import/gnu/arm/5.4.1/bin/../lib/gcc/arm-none-eabi/5.4.1/armv7-m/crti.o
 .bss           0x00000000        0x0 c:/program files (x86)/cypress/psoc creator/4.4/psoc creator/import/gnu/arm/5.4.1/bin/../lib/gcc/arm-none-eabi/5.4.1/armv7-m/crti.o
 .data          0x00000000        0x4 c:/program files (x86)/cypress/psoc creator/4.4/psoc creator/import/gnu/arm/5.4.1/bin/../lib/gcc/arm-none-eabi/5.4.1/armv7-m/crtbegin.o
 .text          0x00000000       0x74 c:/program files (x86)/cypress/psoc creator/4.4/psoc creator/import/gnu/arm/5.4.1/bin/../lib/gcc/arm-none-eabi/5.4.1/../../../../arm-none-eabi/lib/armv7-m/crt0.o
 .data          0x00000000        0x0 c:/program files (x86)/cypress/psoc creator/4.4/psoc creator/import/gnu/arm/5.4.1/bin/../lib/gcc/arm-none-eabi/5.4.1/../../../../arm-none-eabi/lib/armv7-m/crt0.o
 .bss           0x00000000        0x0 c:/program files (x86)/cypress/psoc creator/4.4/psoc creator/import/gnu/arm/5.4.1/bin/../lib/gcc/arm-none-eabi/5.4.1/../../../../arm-none-eabi/lib/armv7-m/crt0.o
 .ARM.extab     0x00000000        0x0 c:/program files (x86)/cypress/psoc creator/4.4/psoc creator/import/gnu/arm/5.4.1/bin/../lib/gcc/arm-none-eabi/5.4.1/../../../../arm-none-eabi/lib/armv7-m/crt0.o
 .ARM.exidx     0x00000000        0x8 c:/program files (x86)/cypress/psoc creator/4.4/psoc creator/import/gnu/arm/5.4.1/bin/../lib/gcc/arm-none-eabi/5.4.1/../../../../arm-none-eabi/lib/armv7-m/crt0.o
 .text          0x00000000        0x0 .\CortexM3\ARM_GCC_541\Debug\main.o
 .data          0x00000000        0x0 .\CortexM3\ARM_GCC_541\Debug\main.o
 .text          0x00000000        0x0 .\CortexM3\ARM_GCC_541\Debug\cyfitter_cfg.o
 .data          0x00000000        0x0 .\CortexM3\ARM_GCC_541\Debug\cyfitter_cfg.o
 .bss           0x00000000        0x0 .\CortexM3\ARM_GCC_541\Debug\cyfitter_cfg.o
 .text.SetAnalogRoutingPumps
                0x00000000       0x10 .\CortexM3\ARM_GCC_541\Debug\cyfitter_cfg.o
 .text          0x00000000        0x0 .\CortexM3\ARM_GCC_541\Debug\cymetadata.o
 .data          0x00000000        0x0 .\CortexM3\ARM_GCC_541\Debug\cymetadata.o
 .bss           0x00000000        0x0 .\CortexM3\ARM_GCC_541\Debug\cymetadata.o
 .text          0x00000000        0x0 .\CortexM3\ARM_GCC_541\Debug\Cm3Start.o
 .data          0x00000000        0x4 .\CortexM3\ARM_GCC_541\Debug\Cm3Start.o
 .bss           0x00000000        0x0 .\CortexM3\ARM_GCC_541\Debug\Cm3Start.o
 .text._exit    0x00000000        0xc .\CortexM3\ARM_GCC_541\Debug\Cm3Start.o
 .text._sbrk    0x00000000       0x30 .\CortexM3\ARM_GCC_541\Debug\Cm3Start.o
 .text          0x00000000        0x0 .\CortexM3\ARM_GCC_541\Debug\Practica 9_TemperaturaYHumedad.a(LCD.o)
 .data          0x00000000        0x0 .\CortexM3\ARM_GCC_541\Debug\Practica 9_TemperaturaYHumedad.a(LCD.o)
 .text.LCD_Stop
                0x00000000       0x14 .\CortexM3\ARM_GCC_541\Debug\Practica 9_TemperaturaYHumedad.a(LCD.o)
 .text.LCD_PrintInt8
                0x00000000       0x20 .\CortexM3\ARM_GCC_541\Debug\Practica 9_TemperaturaYHumedad.a(LCD.o)
 .text.LCD_PrintInt16
                0x00000000       0x14 .\CortexM3\ARM_GCC_541\Debug\Practica 9_TemperaturaYHumedad.a(LCD.o)
 .text.LCD_PrintInt32
                0x00000000       0x1c .\CortexM3\ARM_GCC_541\Debug\Practica 9_TemperaturaYHumedad.a(LCD.o)
 .rodata        0x00000000       0x10 .\CortexM3\ARM_GCC_541\Debug\Practica 9_TemperaturaYHumedad.a(LCD.o)
 .text          0x00000000        0x0 .\CortexM3\ARM_GCC_541\Debug\Practica 9_TemperaturaYHumedad.a(LCD_CustChars.o)
 .data          0x00000000        0x0 .\CortexM3\ARM_GCC_541\Debug\Practica 9_TemperaturaYHumedad.a(LCD_CustChars.o)
 .bss           0x00000000        0x0 .\CortexM3\ARM_GCC_541\Debug\Practica 9_TemperaturaYHumedad.a(LCD_CustChars.o)
 .text          0x00000000        0x0 .\CortexM3\ARM_GCC_541\Debug\Practica 9_TemperaturaYHumedad.a(isr_timer.o)
 .data          0x00000000        0x0 .\CortexM3\ARM_GCC_541\Debug\Practica 9_TemperaturaYHumedad.a(isr_timer.o)
 .bss           0x00000000        0x0 .\CortexM3\ARM_GCC_541\Debug\Practica 9_TemperaturaYHumedad.a(isr_timer.o)
 .text.isr_timer_Interrupt
                0x00000000        0x4 .\CortexM3\ARM_GCC_541\Debug\Practica 9_TemperaturaYHumedad.a(isr_timer.o)
 .text.isr_timer_GetVector
                0x00000000        0xc .\CortexM3\ARM_GCC_541\Debug\Practica 9_TemperaturaYHumedad.a(isr_timer.o)
 .text.isr_timer_GetPriority
                0x00000000        0xc .\CortexM3\ARM_GCC_541\Debug\Practica 9_TemperaturaYHumedad.a(isr_timer.o)
 .text.isr_timer_GetState
                0x00000000       0x18 .\CortexM3\ARM_GCC_541\Debug\Practica 9_TemperaturaYHumedad.a(isr_timer.o)
 .text.isr_timer_Start
                0x00000000       0x1c .\CortexM3\ARM_GCC_541\Debug\Practica 9_TemperaturaYHumedad.a(isr_timer.o)
 .text.isr_timer_Stop
                0x00000000       0x14 .\CortexM3\ARM_GCC_541\Debug\Practica 9_TemperaturaYHumedad.a(isr_timer.o)
 .text.isr_timer_SetPending
                0x00000000        0xc .\CortexM3\ARM_GCC_541\Debug\Practica 9_TemperaturaYHumedad.a(isr_timer.o)
 .text.isr_timer_ClearPending
                0x00000000        0xc .\CortexM3\ARM_GCC_541\Debug\Practica 9_TemperaturaYHumedad.a(isr_timer.o)
 .text          0x00000000        0x0 .\CortexM3\ARM_GCC_541\Debug\Practica 9_TemperaturaYHumedad.a(CyLib.o)
 .bss           0x00000000       0x1c .\CortexM3\ARM_GCC_541\Debug\Practica 9_TemperaturaYHumedad.a(CyLib.o)
 .text.CyUSB_PowerOnCheck
                0x00000000       0x48 .\CortexM3\ARM_GCC_541\Debug\Practica 9_TemperaturaYHumedad.a(CyLib.o)
 .text.CyBusClk_Internal_SetDivider
                0x00000000       0x48 .\CortexM3\ARM_GCC_541\Debug\Practica 9_TemperaturaYHumedad.a(CyLib.o)
 .text.CyPLL_OUT_Stop
                0x00000000       0x10 .\CortexM3\ARM_GCC_541\Debug\Practica 9_TemperaturaYHumedad.a(CyLib.o)
 .text.CyIMO_Stop
                0x00000000       0x1c .\CortexM3\ARM_GCC_541\Debug\Practica 9_TemperaturaYHumedad.a(CyLib.o)
 .text.CyIMO_EnableDoubler
                0x00000000       0x10 .\CortexM3\ARM_GCC_541\Debug\Practica 9_TemperaturaYHumedad.a(CyLib.o)
 .text.CyIMO_DisableDoubler
                0x00000000       0x10 .\CortexM3\ARM_GCC_541\Debug\Practica 9_TemperaturaYHumedad.a(CyLib.o)
 .text.CyMasterClk_SetSource
                0x00000000       0x18 .\CortexM3\ARM_GCC_541\Debug\Practica 9_TemperaturaYHumedad.a(CyLib.o)
 .text.CyMasterClk_SetDivider
                0x00000000        0xc .\CortexM3\ARM_GCC_541\Debug\Practica 9_TemperaturaYHumedad.a(CyLib.o)
 .text.CyBusClk_SetDivider
                0x00000000       0x70 .\CortexM3\ARM_GCC_541\Debug\Practica 9_TemperaturaYHumedad.a(CyLib.o)
 .text.CyUsbClk_SetSource
                0x00000000       0x18 .\CortexM3\ARM_GCC_541\Debug\Practica 9_TemperaturaYHumedad.a(CyLib.o)
 .text.CyILO_Start1K
                0x00000000       0x10 .\CortexM3\ARM_GCC_541\Debug\Practica 9_TemperaturaYHumedad.a(CyLib.o)
 .text.CyILO_Stop1K
                0x00000000       0x10 .\CortexM3\ARM_GCC_541\Debug\Practica 9_TemperaturaYHumedad.a(CyLib.o)
 .text.CyILO_Start100K
                0x00000000       0x10 .\CortexM3\ARM_GCC_541\Debug\Practica 9_TemperaturaYHumedad.a(CyLib.o)
 .text.CyILO_Stop100K
                0x00000000       0x10 .\CortexM3\ARM_GCC_541\Debug\Practica 9_TemperaturaYHumedad.a(CyLib.o)
 .text.CyPLL_OUT_Start
                0x00000000       0x78 .\CortexM3\ARM_GCC_541\Debug\Practica 9_TemperaturaYHumedad.a(CyLib.o)
 .text.CyIMO_Start
                0x00000000       0x60 .\CortexM3\ARM_GCC_541\Debug\Practica 9_TemperaturaYHumedad.a(CyLib.o)
 .text.CyILO_Enable33K
                0x00000000       0x10 .\CortexM3\ARM_GCC_541\Debug\Practica 9_TemperaturaYHumedad.a(CyLib.o)
 .text.CyILO_Disable33K
                0x00000000       0x10 .\CortexM3\ARM_GCC_541\Debug\Practica 9_TemperaturaYHumedad.a(CyLib.o)
 .text.CyILO_SetSource
                0x00000000       0x18 .\CortexM3\ARM_GCC_541\Debug\Practica 9_TemperaturaYHumedad.a(CyLib.o)
 .text.CyILO_SetPowerMode
                0x00000000       0x24 .\CortexM3\ARM_GCC_541\Debug\Practica 9_TemperaturaYHumedad.a(CyLib.o)
 .text.CyXTAL_32KHZ_Stop
                0x00000000       0x30 .\CortexM3\ARM_GCC_541\Debug\Practica 9_TemperaturaYHumedad.a(CyLib.o)
 .text.CyXTAL_32KHZ_ReadStatus
                0x00000000       0x10 .\CortexM3\ARM_GCC_541\Debug\Practica 9_TemperaturaYHumedad.a(CyLib.o)
 .text.CyXTAL_Start
                0x00000000       0xac .\CortexM3\ARM_GCC_541\Debug\Practica 9_TemperaturaYHumedad.a(CyLib.o)
 .text.CyXTAL_Stop
                0x00000000       0x10 .\CortexM3\ARM_GCC_541\Debug\Practica 9_TemperaturaYHumedad.a(CyLib.o)
 .text.CyXTAL_EnableErrStatus
                0x00000000       0x10 .\CortexM3\ARM_GCC_541\Debug\Practica 9_TemperaturaYHumedad.a(CyLib.o)
 .text.CyXTAL_DisableErrStatus
                0x00000000       0x10 .\CortexM3\ARM_GCC_541\Debug\Practica 9_TemperaturaYHumedad.a(CyLib.o)
 .text.CyXTAL_ReadStatus
                0x00000000       0x18 .\CortexM3\ARM_GCC_541\Debug\Practica 9_TemperaturaYHumedad.a(CyLib.o)
 .text.CyXTAL_EnableFaultRecovery
                0x00000000       0x10 .\CortexM3\ARM_GCC_541\Debug\Practica 9_TemperaturaYHumedad.a(CyLib.o)
 .text.CyXTAL_DisableFaultRecovery
                0x00000000       0x10 .\CortexM3\ARM_GCC_541\Debug\Practica 9_TemperaturaYHumedad.a(CyLib.o)
 .text.CyXTAL_SetStartup
                0x00000000       0x18 .\CortexM3\ARM_GCC_541\Debug\Practica 9_TemperaturaYHumedad.a(CyLib.o)
 .text.CyXTAL_SetFbVoltage
                0x00000000       0x18 .\CortexM3\ARM_GCC_541\Debug\Practica 9_TemperaturaYHumedad.a(CyLib.o)
 .text.CyXTAL_SetWdVoltage
                0x00000000       0x18 .\CortexM3\ARM_GCC_541\Debug\Practica 9_TemperaturaYHumedad.a(CyLib.o)
 .text.CyPLL_OUT_SetPQ
                0x00000000       0x60 .\CortexM3\ARM_GCC_541\Debug\Practica 9_TemperaturaYHumedad.a(CyLib.o)
 .text.CyPLL_OUT_SetSource
                0x00000000       0x34 .\CortexM3\ARM_GCC_541\Debug\Practica 9_TemperaturaYHumedad.a(CyLib.o)
 .text.CyIMO_SetTrimValue
                0x00000000       0xcc .\CortexM3\ARM_GCC_541\Debug\Practica 9_TemperaturaYHumedad.a(CyLib.o)
 .text.CyIMO_SetFreq
                0x00000000       0xf4 .\CortexM3\ARM_GCC_541\Debug\Practica 9_TemperaturaYHumedad.a(CyLib.o)
 .text.CyIMO_SetSource
                0x00000000       0x58 .\CortexM3\ARM_GCC_541\Debug\Practica 9_TemperaturaYHumedad.a(CyLib.o)
 .text.CyXTAL_32KHZ_SetPowerMode
                0x00000000       0x84 .\CortexM3\ARM_GCC_541\Debug\Practica 9_TemperaturaYHumedad.a(CyLib.o)
 .text.CyXTAL_32KHZ_Start
                0x00000000       0x74 .\CortexM3\ARM_GCC_541\Debug\Practica 9_TemperaturaYHumedad.a(CyLib.o)
 .text.CyDelayFreq
                0x00000000       0x4c .\CortexM3\ARM_GCC_541\Debug\Practica 9_TemperaturaYHumedad.a(CyLib.o)
 .text.CyWdtStart
                0x00000000       0x40 .\CortexM3\ARM_GCC_541\Debug\Practica 9_TemperaturaYHumedad.a(CyLib.o)
 .text.CyWdtClear
                0x00000000        0xc .\CortexM3\ARM_GCC_541\Debug\Practica 9_TemperaturaYHumedad.a(CyLib.o)
 .text.CyVdStickyStatus
                0x00000000       0x2c .\CortexM3\ARM_GCC_541\Debug\Practica 9_TemperaturaYHumedad.a(CyLib.o)
 .text.CyVdLvDigitEnable
                0x00000000       0x84 .\CortexM3\ARM_GCC_541\Debug\Practica 9_TemperaturaYHumedad.a(CyLib.o)
 .text.CyVdLvAnalogEnable
                0x00000000       0x80 .\CortexM3\ARM_GCC_541\Debug\Practica 9_TemperaturaYHumedad.a(CyLib.o)
 .text.CyVdLvDigitDisable
                0x00000000       0x30 .\CortexM3\ARM_GCC_541\Debug\Practica 9_TemperaturaYHumedad.a(CyLib.o)
 .text.CyVdLvAnalogDisable
                0x00000000       0x28 .\CortexM3\ARM_GCC_541\Debug\Practica 9_TemperaturaYHumedad.a(CyLib.o)
 .text.CyVdHvAnalogEnable
                0x00000000       0x54 .\CortexM3\ARM_GCC_541\Debug\Practica 9_TemperaturaYHumedad.a(CyLib.o)
 .text.CyVdHvAnalogDisable
                0x00000000       0x20 .\CortexM3\ARM_GCC_541\Debug\Practica 9_TemperaturaYHumedad.a(CyLib.o)
 .text.CyVdRealTimeStatus
                0x00000000       0x1c .\CortexM3\ARM_GCC_541\Debug\Practica 9_TemperaturaYHumedad.a(CyLib.o)
 .text.CyDisableInts
                0x00000000       0x1c .\CortexM3\ARM_GCC_541\Debug\Practica 9_TemperaturaYHumedad.a(CyLib.o)
 .text.CyEnableInts
                0x00000000       0x18 .\CortexM3\ARM_GCC_541\Debug\Practica 9_TemperaturaYHumedad.a(CyLib.o)
 .text.CyFlushCache
                0x00000000       0x44 .\CortexM3\ARM_GCC_541\Debug\Practica 9_TemperaturaYHumedad.a(CyLib.o)
 .text.CyIntSetSysVector
                0x00000000       0x28 .\CortexM3\ARM_GCC_541\Debug\Practica 9_TemperaturaYHumedad.a(CyLib.o)
 .text.CyIntGetSysVector
                0x00000000       0x20 .\CortexM3\ARM_GCC_541\Debug\Practica 9_TemperaturaYHumedad.a(CyLib.o)
 .text.CyIntSetVector
                0x00000000       0x28 .\CortexM3\ARM_GCC_541\Debug\Practica 9_TemperaturaYHumedad.a(CyLib.o)
 .text.CyIntGetVector
                0x00000000       0x24 .\CortexM3\ARM_GCC_541\Debug\Practica 9_TemperaturaYHumedad.a(CyLib.o)
 .text.CyIntSetPriority
                0x00000000       0x30 .\CortexM3\ARM_GCC_541\Debug\Practica 9_TemperaturaYHumedad.a(CyLib.o)
 .text.CyIntGetPriority
                0x00000000       0x20 .\CortexM3\ARM_GCC_541\Debug\Practica 9_TemperaturaYHumedad.a(CyLib.o)
 .text.CyIntGetState
                0x00000000       0x24 .\CortexM3\ARM_GCC_541\Debug\Practica 9_TemperaturaYHumedad.a(CyLib.o)
 .text.CySysTickStop
                0x00000000       0x10 .\CortexM3\ARM_GCC_541\Debug\Practica 9_TemperaturaYHumedad.a(CyLib.o)
 .text.CySysTickEnableInterrupt
                0x00000000       0x10 .\CortexM3\ARM_GCC_541\Debug\Practica 9_TemperaturaYHumedad.a(CyLib.o)
 .text.CySysTickEnable
                0x00000000       0x18 .\CortexM3\ARM_GCC_541\Debug\Practica 9_TemperaturaYHumedad.a(CyLib.o)
 .text.CySysTickDisableInterrupt
                0x00000000       0x10 .\CortexM3\ARM_GCC_541\Debug\Practica 9_TemperaturaYHumedad.a(CyLib.o)
 .text.CySysTickSetReload
                0x00000000       0x10 .\CortexM3\ARM_GCC_541\Debug\Practica 9_TemperaturaYHumedad.a(CyLib.o)
 .text.CySysTickGetReload
                0x00000000       0x10 .\CortexM3\ARM_GCC_541\Debug\Practica 9_TemperaturaYHumedad.a(CyLib.o)
 .text.CySysTickGetValue
                0x00000000       0x10 .\CortexM3\ARM_GCC_541\Debug\Practica 9_TemperaturaYHumedad.a(CyLib.o)
 .text.CySysTickSetClockSource
                0x00000000       0x20 .\CortexM3\ARM_GCC_541\Debug\Practica 9_TemperaturaYHumedad.a(CyLib.o)
 .text.CySysTickGetClockSource
                0x00000000       0x10 .\CortexM3\ARM_GCC_541\Debug\Practica 9_TemperaturaYHumedad.a(CyLib.o)
 .text.CySysTickGetCountFlag
                0x00000000       0x10 .\CortexM3\ARM_GCC_541\Debug\Practica 9_TemperaturaYHumedad.a(CyLib.o)
 .text.CySysTickServiceCallbacks
                0x00000000       0x28 .\CortexM3\ARM_GCC_541\Debug\Practica 9_TemperaturaYHumedad.a(CyLib.o)
 .text.CySysTickClear
                0x00000000        0xc .\CortexM3\ARM_GCC_541\Debug\Practica 9_TemperaturaYHumedad.a(CyLib.o)
 .text.CySysTickInit
                0x00000000       0x58 .\CortexM3\ARM_GCC_541\Debug\Practica 9_TemperaturaYHumedad.a(CyLib.o)
 .text.CySysTickStart
                0x00000000       0x1c .\CortexM3\ARM_GCC_541\Debug\Practica 9_TemperaturaYHumedad.a(CyLib.o)
 .text.CySysTickSetCallback
                0x00000000       0x10 .\CortexM3\ARM_GCC_541\Debug\Practica 9_TemperaturaYHumedad.a(CyLib.o)
 .text.CySysTickGetCallback
                0x00000000       0x10 .\CortexM3\ARM_GCC_541\Debug\Practica 9_TemperaturaYHumedad.a(CyLib.o)
 .text.CyGetUniqueId
                0x00000000       0x70 .\CortexM3\ARM_GCC_541\Debug\Practica 9_TemperaturaYHumedad.a(CyLib.o)
 .text          0x00000000        0x0 .\CortexM3\ARM_GCC_541\Debug\Practica 9_TemperaturaYHumedad.a(cyPm.o)
 .data          0x00000000        0x0 .\CortexM3\ARM_GCC_541\Debug\Practica 9_TemperaturaYHumedad.a(cyPm.o)
 .bss           0x00000000       0x43 .\CortexM3\ARM_GCC_541\Debug\Practica 9_TemperaturaYHumedad.a(cyPm.o)
 .text.CyPmHibSlpSaveSet
                0x00000000      0x1dc .\CortexM3\ARM_GCC_541\Debug\Practica 9_TemperaturaYHumedad.a(cyPm.o)
 .text.CyPmHibSlpRestore
                0x00000000       0xd8 .\CortexM3\ARM_GCC_541\Debug\Practica 9_TemperaturaYHumedad.a(cyPm.o)
 .text.CyPmHviLviSaveDisable
                0x00000000       0xa0 .\CortexM3\ARM_GCC_541\Debug\Practica 9_TemperaturaYHumedad.a(cyPm.o)
 .text.CyPmHibSaveSet
                0x00000000       0x98 .\CortexM3\ARM_GCC_541\Debug\Practica 9_TemperaturaYHumedad.a(cyPm.o)
 .text.CyPmHviLviRestore
                0x00000000       0x48 .\CortexM3\ARM_GCC_541\Debug\Practica 9_TemperaturaYHumedad.a(cyPm.o)
 .text.CyPmHibRestore
                0x00000000       0x60 .\CortexM3\ARM_GCC_541\Debug\Practica 9_TemperaturaYHumedad.a(cyPm.o)
 .text.CyPmSaveClocks
                0x00000000      0x218 .\CortexM3\ARM_GCC_541\Debug\Practica 9_TemperaturaYHumedad.a(cyPm.o)
 .text.CyPmRestoreClocks
                0x00000000      0x24c .\CortexM3\ARM_GCC_541\Debug\Practica 9_TemperaturaYHumedad.a(cyPm.o)
 .text.CyPmAltAct
                0x00000000       0x6c .\CortexM3\ARM_GCC_541\Debug\Practica 9_TemperaturaYHumedad.a(cyPm.o)
 .text.CyPmSleep
                0x00000000       0xf4 .\CortexM3\ARM_GCC_541\Debug\Practica 9_TemperaturaYHumedad.a(cyPm.o)
 .text.CyPmHibernateEx
                0x00000000       0xf4 .\CortexM3\ARM_GCC_541\Debug\Practica 9_TemperaturaYHumedad.a(cyPm.o)
 .text.CyPmHibernate
                0x00000000        0xc .\CortexM3\ARM_GCC_541\Debug\Practica 9_TemperaturaYHumedad.a(cyPm.o)
 .text.CyPmReadStatus
                0x00000000       0x30 .\CortexM3\ARM_GCC_541\Debug\Practica 9_TemperaturaYHumedad.a(cyPm.o)
 .text.CyPmCtwSetInterval
                0x00000000       0x5c .\CortexM3\ARM_GCC_541\Debug\Practica 9_TemperaturaYHumedad.a(cyPm.o)
 .text.CyPmOppsSet
                0x00000000       0x2c .\CortexM3\ARM_GCC_541\Debug\Practica 9_TemperaturaYHumedad.a(cyPm.o)
 .text.CyPmFtwSetInterval
                0x00000000       0x5c .\CortexM3\ARM_GCC_541\Debug\Practica 9_TemperaturaYHumedad.a(cyPm.o)
 .rodata        0x00000000        0xf .\CortexM3\ARM_GCC_541\Debug\Practica 9_TemperaturaYHumedad.a(cyPm.o)
 .text          0x00000000        0x0 .\CortexM3\ARM_GCC_541\Debug\Practica 9_TemperaturaYHumedad.a(LED.o)
 .data          0x00000000        0x0 .\CortexM3\ARM_GCC_541\Debug\Practica 9_TemperaturaYHumedad.a(LED.o)
 .bss           0x00000000        0x0 .\CortexM3\ARM_GCC_541\Debug\Practica 9_TemperaturaYHumedad.a(LED.o)
 .text.LED_SetDriveMode
                0x00000000       0x18 .\CortexM3\ARM_GCC_541\Debug\Practica 9_TemperaturaYHumedad.a(LED.o)
 .text.LED_ReadDataReg
                0x00000000       0x10 .\CortexM3\ARM_GCC_541\Debug\Practica 9_TemperaturaYHumedad.a(LED.o)
 .text          0x00000000        0x0 .\CortexM3\ARM_GCC_541\Debug\Practica 9_TemperaturaYHumedad.a(Contador_1.o)
 .data          0x00000000        0x0 .\CortexM3\ARM_GCC_541\Debug\Practica 9_TemperaturaYHumedad.a(Contador_1.o)
 .text.Contador_1_Stop
                0x00000000       0x28 .\CortexM3\ARM_GCC_541\Debug\Practica 9_TemperaturaYHumedad.a(Contador_1.o)
 .text.Contador_1_ReadStatusRegister
                0x00000000        0xc .\CortexM3\ARM_GCC_541\Debug\Practica 9_TemperaturaYHumedad.a(Contador_1.o)
 .text.Contador_1_ReadControlRegister
                0x00000000        0xc .\CortexM3\ARM_GCC_541\Debug\Practica 9_TemperaturaYHumedad.a(Contador_1.o)
 .text.Contador_1_WriteControlRegister
                0x00000000        0xc .\CortexM3\ARM_GCC_541\Debug\Practica 9_TemperaturaYHumedad.a(Contador_1.o)
 .text.Contador_1_ReadCounter
                0x00000000       0x14 .\CortexM3\ARM_GCC_541\Debug\Practica 9_TemperaturaYHumedad.a(Contador_1.o)
 .text.Contador_1_ReadCapture
                0x00000000        0xc .\CortexM3\ARM_GCC_541\Debug\Practica 9_TemperaturaYHumedad.a(Contador_1.o)
 .text.Contador_1_ReadPeriod
                0x00000000        0xc .\CortexM3\ARM_GCC_541\Debug\Practica 9_TemperaturaYHumedad.a(Contador_1.o)
 .text          0x00000000        0x0 .\CortexM3\ARM_GCC_541\Debug\Practica 9_TemperaturaYHumedad.a(Timer.o)
 .data          0x00000000        0x0 .\CortexM3\ARM_GCC_541\Debug\Practica 9_TemperaturaYHumedad.a(Timer.o)
 .text.Timer_SoftwareCapture
                0x00000000        0xc .\CortexM3\ARM_GCC_541\Debug\Practica 9_TemperaturaYHumedad.a(Timer.o)
 .text.Timer_ReadControlRegister
                0x00000000        0xc .\CortexM3\ARM_GCC_541\Debug\Practica 9_TemperaturaYHumedad.a(Timer.o)
 .text.Timer_WriteControlRegister
                0x00000000        0xc .\CortexM3\ARM_GCC_541\Debug\Practica 9_TemperaturaYHumedad.a(Timer.o)
 .text.Timer_ReadPeriod
                0x00000000        0xc .\CortexM3\ARM_GCC_541\Debug\Practica 9_TemperaturaYHumedad.a(Timer.o)
 .text.Timer_ReadCounter
                0x00000000       0x14 .\CortexM3\ARM_GCC_541\Debug\Practica 9_TemperaturaYHumedad.a(Timer.o)
 .text          0x00000000        0x0 .\CortexM3\ARM_GCC_541\Debug\Practica 9_TemperaturaYHumedad.a(DATA.o)
 .data          0x00000000        0x0 .\CortexM3\ARM_GCC_541\Debug\Practica 9_TemperaturaYHumedad.a(DATA.o)
 .bss           0x00000000        0x0 .\CortexM3\ARM_GCC_541\Debug\Practica 9_TemperaturaYHumedad.a(DATA.o)
 .text.DATA_SetDriveMode
                0x00000000       0x18 .\CortexM3\ARM_GCC_541\Debug\Practica 9_TemperaturaYHumedad.a(DATA.o)
 .text.DATA_Read
                0x00000000       0x10 .\CortexM3\ARM_GCC_541\Debug\Practica 9_TemperaturaYHumedad.a(DATA.o)
 .text.DATA_ReadDataReg
                0x00000000       0x10 .\CortexM3\ARM_GCC_541\Debug\Practica 9_TemperaturaYHumedad.a(DATA.o)
 .text          0x00000000        0x0 .\CortexM3\ARM_GCC_541\Debug\Practica 9_TemperaturaYHumedad.a(isr_counter.o)
 .data          0x00000000        0x0 .\CortexM3\ARM_GCC_541\Debug\Practica 9_TemperaturaYHumedad.a(isr_counter.o)
 .bss           0x00000000        0x0 .\CortexM3\ARM_GCC_541\Debug\Practica 9_TemperaturaYHumedad.a(isr_counter.o)
 .text.isr_counter_Interrupt
                0x00000000        0x4 .\CortexM3\ARM_GCC_541\Debug\Practica 9_TemperaturaYHumedad.a(isr_counter.o)
 .text.isr_counter_GetVector
                0x00000000        0xc .\CortexM3\ARM_GCC_541\Debug\Practica 9_TemperaturaYHumedad.a(isr_counter.o)
 .text.isr_counter_GetPriority
                0x00000000        0xc .\CortexM3\ARM_GCC_541\Debug\Practica 9_TemperaturaYHumedad.a(isr_counter.o)
 .text.isr_counter_GetState
                0x00000000       0x10 .\CortexM3\ARM_GCC_541\Debug\Practica 9_TemperaturaYHumedad.a(isr_counter.o)
 .text.isr_counter_Start
                0x00000000       0x1c .\CortexM3\ARM_GCC_541\Debug\Practica 9_TemperaturaYHumedad.a(isr_counter.o)
 .text.isr_counter_Stop
                0x00000000       0x14 .\CortexM3\ARM_GCC_541\Debug\Practica 9_TemperaturaYHumedad.a(isr_counter.o)
 .text.isr_counter_SetPending
                0x00000000        0xc .\CortexM3\ARM_GCC_541\Debug\Practica 9_TemperaturaYHumedad.a(isr_counter.o)
 .text.isr_counter_ClearPending
                0x00000000        0xc .\CortexM3\ARM_GCC_541\Debug\Practica 9_TemperaturaYHumedad.a(isr_counter.o)
 .data          0x00000000        0x0 .\CortexM3\ARM_GCC_541\Debug\Practica 9_TemperaturaYHumedad.a(CyBootAsmGnu.o)
 .bss           0x00000000        0x0 .\CortexM3\ARM_GCC_541\Debug\Practica 9_TemperaturaYHumedad.a(CyBootAsmGnu.o)
 .text          0x00000000        0x0 .\CortexM3\ARM_GCC_541\Debug\Practica 9_TemperaturaYHumedad.a(CyFlash.o)
 .data          0x00000000        0x0 .\CortexM3\ARM_GCC_541\Debug\Practica 9_TemperaturaYHumedad.a(CyFlash.o)
 .bss           0x00000000        0x0 .\CortexM3\ARM_GCC_541\Debug\Practica 9_TemperaturaYHumedad.a(CyFlash.o)
 .text.CySetTempInt
                0x00000000       0x60 .\CortexM3\ARM_GCC_541\Debug\Practica 9_TemperaturaYHumedad.a(CyFlash.o)
 .text.CyFlash_Start
                0x00000000       0x54 .\CortexM3\ARM_GCC_541\Debug\Practica 9_TemperaturaYHumedad.a(CyFlash.o)
 .text.CyFlash_Stop
                0x00000000       0x24 .\CortexM3\ARM_GCC_541\Debug\Practica 9_TemperaturaYHumedad.a(CyFlash.o)
 .text.CyFlash_EraseRow
                0x00000000       0x78 .\CortexM3\ARM_GCC_541\Debug\Practica 9_TemperaturaYHumedad.a(CyFlash.o)
 .text.CyFlashGetSpcAlgorithm
                0x00000000       0x4c .\CortexM3\ARM_GCC_541\Debug\Practica 9_TemperaturaYHumedad.a(CyFlash.o)
 .text.CySetTemp
                0x00000000       0x14 .\CortexM3\ARM_GCC_541\Debug\Practica 9_TemperaturaYHumedad.a(CyFlash.o)
 .text.CySetFlashEEBuffer
                0x00000000       0x20 .\CortexM3\ARM_GCC_541\Debug\Practica 9_TemperaturaYHumedad.a(CyFlash.o)
 .text.CyWriteRowFull
                0x00000000       0xf8 .\CortexM3\ARM_GCC_541\Debug\Practica 9_TemperaturaYHumedad.a(CyFlash.o)
 .text.CyWriteRowData
                0x00000000       0x14 .\CortexM3\ARM_GCC_541\Debug\Practica 9_TemperaturaYHumedad.a(CyFlash.o)
 .text.CyFlash_SetWaitCycles
                0x00000000       0x7c .\CortexM3\ARM_GCC_541\Debug\Practica 9_TemperaturaYHumedad.a(CyFlash.o)
 .text.CyEEPROM_Start
                0x00000000       0x54 .\CortexM3\ARM_GCC_541\Debug\Practica 9_TemperaturaYHumedad.a(CyFlash.o)
 .text.CyEEPROM_Stop
                0x00000000       0x24 .\CortexM3\ARM_GCC_541\Debug\Practica 9_TemperaturaYHumedad.a(CyFlash.o)
 .text.CyEEPROM_ReadReserve
                0x00000000       0x1c .\CortexM3\ARM_GCC_541\Debug\Practica 9_TemperaturaYHumedad.a(CyFlash.o)
 .text.CyEEPROM_ReadRelease
                0x00000000       0x10 .\CortexM3\ARM_GCC_541\Debug\Practica 9_TemperaturaYHumedad.a(CyFlash.o)
 COMMON         0x00000000        0x2 .\CortexM3\ARM_GCC_541\Debug\Practica 9_TemperaturaYHumedad.a(CyFlash.o)
 .text          0x00000000        0x0 .\CortexM3\ARM_GCC_541\Debug\Practica 9_TemperaturaYHumedad.a(CySpc.o)
 .data          0x00000000        0x0 .\CortexM3\ARM_GCC_541\Debug\Practica 9_TemperaturaYHumedad.a(CySpc.o)
 .bss           0x00000000        0x8 .\CortexM3\ARM_GCC_541\Debug\Practica 9_TemperaturaYHumedad.a(CySpc.o)
 .text.CySpcStart
                0x00000000       0x24 .\CortexM3\ARM_GCC_541\Debug\Practica 9_TemperaturaYHumedad.a(CySpc.o)
 .text.CySpcStop
                0x00000000       0x24 .\CortexM3\ARM_GCC_541\Debug\Practica 9_TemperaturaYHumedad.a(CySpc.o)
 .text.CySpcReadData
                0x00000000       0x34 .\CortexM3\ARM_GCC_541\Debug\Practica 9_TemperaturaYHumedad.a(CySpc.o)
 .text.CySpcLoadMultiByte
                0x00000000       0x78 .\CortexM3\ARM_GCC_541\Debug\Practica 9_TemperaturaYHumedad.a(CySpc.o)
 .text.CySpcLoadRow
                0x00000000       0x50 .\CortexM3\ARM_GCC_541\Debug\Practica 9_TemperaturaYHumedad.a(CySpc.o)
 .text.CySpcLoadRowFull
                0x00000000       0x80 .\CortexM3\ARM_GCC_541\Debug\Practica 9_TemperaturaYHumedad.a(CySpc.o)
 .text.CySpcWriteRow
                0x00000000       0x4c .\CortexM3\ARM_GCC_541\Debug\Practica 9_TemperaturaYHumedad.a(CySpc.o)
 .text.CySpcEraseSector
                0x00000000       0x3c .\CortexM3\ARM_GCC_541\Debug\Practica 9_TemperaturaYHumedad.a(CySpc.o)
 .text.CySpcEraseRow
                0x00000000       0x4c .\CortexM3\ARM_GCC_541\Debug\Practica 9_TemperaturaYHumedad.a(CySpc.o)
 .text.CySpcGetTemp
                0x00000000       0x3c .\CortexM3\ARM_GCC_541\Debug\Practica 9_TemperaturaYHumedad.a(CySpc.o)
 .text.CySpcLock
                0x00000000       0x4c .\CortexM3\ARM_GCC_541\Debug\Practica 9_TemperaturaYHumedad.a(CySpc.o)
 .text.CySpcUnlock
                0x00000000       0x38 .\CortexM3\ARM_GCC_541\Debug\Practica 9_TemperaturaYHumedad.a(CySpc.o)
 .text.CySpcGetAlgorithm
                0x00000000       0x28 .\CortexM3\ARM_GCC_541\Debug\Practica 9_TemperaturaYHumedad.a(CySpc.o)
 .text          0x00000000        0x0 c:/program files (x86)/cypress/psoc creator/4.4/psoc creator/import/gnu/arm/5.4.1/bin/../lib/gcc/arm-none-eabi/5.4.1/../../../../arm-none-eabi/lib/armv7-m\libg_nano.a(lib_a-errno.o)
 .data          0x00000000        0x0 c:/program files (x86)/cypress/psoc creator/4.4/psoc creator/import/gnu/arm/5.4.1/bin/../lib/gcc/arm-none-eabi/5.4.1/../../../../arm-none-eabi/lib/armv7-m\libg_nano.a(lib_a-errno.o)
 .bss           0x00000000        0x0 c:/program files (x86)/cypress/psoc creator/4.4/psoc creator/import/gnu/arm/5.4.1/bin/../lib/gcc/arm-none-eabi/5.4.1/../../../../arm-none-eabi/lib/armv7-m\libg_nano.a(lib_a-errno.o)
 .text          0x00000000        0x0 c:/program files (x86)/cypress/psoc creator/4.4/psoc creator/import/gnu/arm/5.4.1/bin/../lib/gcc/arm-none-eabi/5.4.1/../../../../arm-none-eabi/lib/armv7-m\libg_nano.a(lib_a-exit.o)
 .data          0x00000000        0x0 c:/program files (x86)/cypress/psoc creator/4.4/psoc creator/import/gnu/arm/5.4.1/bin/../lib/gcc/arm-none-eabi/5.4.1/../../../../arm-none-eabi/lib/armv7-m\libg_nano.a(lib_a-exit.o)
 .bss           0x00000000        0x0 c:/program files (x86)/cypress/psoc creator/4.4/psoc creator/import/gnu/arm/5.4.1/bin/../lib/gcc/arm-none-eabi/5.4.1/../../../../arm-none-eabi/lib/armv7-m\libg_nano.a(lib_a-exit.o)
 .text.exit     0x00000000       0x28 c:/program files (x86)/cypress/psoc creator/4.4/psoc creator/import/gnu/arm/5.4.1/bin/../lib/gcc/arm-none-eabi/5.4.1/../../../../arm-none-eabi/lib/armv7-m\libg_nano.a(lib_a-exit.o)
 .text          0x00000000        0x0 c:/program files (x86)/cypress/psoc creator/4.4/psoc creator/import/gnu/arm/5.4.1/bin/../lib/gcc/arm-none-eabi/5.4.1/../../../../arm-none-eabi/lib/armv7-m\libg_nano.a(lib_a-impure.o)
 .data          0x00000000        0x0 c:/program files (x86)/cypress/psoc creator/4.4/psoc creator/import/gnu/arm/5.4.1/bin/../lib/gcc/arm-none-eabi/5.4.1/../../../../arm-none-eabi/lib/armv7-m\libg_nano.a(lib_a-impure.o)
 .bss           0x00000000        0x0 c:/program files (x86)/cypress/psoc creator/4.4/psoc creator/import/gnu/arm/5.4.1/bin/../lib/gcc/arm-none-eabi/5.4.1/../../../../arm-none-eabi/lib/armv7-m\libg_nano.a(lib_a-impure.o)
 .rodata._global_impure_ptr
                0x00000000        0x4 c:/program files (x86)/cypress/psoc creator/4.4/psoc creator/import/gnu/arm/5.4.1/bin/../lib/gcc/arm-none-eabi/5.4.1/../../../../arm-none-eabi/lib/armv7-m\libg_nano.a(lib_a-impure.o)
 .text          0x00000000        0x0 c:/program files (x86)/cypress/psoc creator/4.4/psoc creator/import/gnu/arm/5.4.1/bin/../lib/gcc/arm-none-eabi/5.4.1/../../../../arm-none-eabi/lib/armv7-m\libg_nano.a(lib_a-init.o)
 .data          0x00000000        0x0 c:/program files (x86)/cypress/psoc creator/4.4/psoc creator/import/gnu/arm/5.4.1/bin/../lib/gcc/arm-none-eabi/5.4.1/../../../../arm-none-eabi/lib/armv7-m\libg_nano.a(lib_a-init.o)
 .bss           0x00000000        0x0 c:/program files (x86)/cypress/psoc creator/4.4/psoc creator/import/gnu/arm/5.4.1/bin/../lib/gcc/arm-none-eabi/5.4.1/../../../../arm-none-eabi/lib/armv7-m\libg_nano.a(lib_a-init.o)
 .text          0x00000000        0x0 c:/program files (x86)/cypress/psoc creator/4.4/psoc creator/import/gnu/arm/5.4.1/bin/../lib/gcc/arm-none-eabi/5.4.1/../../../../arm-none-eabi/lib/armv7-m\libg_nano.a(lib_a-memcpy-stub.o)
 .data          0x00000000        0x0 c:/program files (x86)/cypress/psoc creator/4.4/psoc creator/import/gnu/arm/5.4.1/bin/../lib/gcc/arm-none-eabi/5.4.1/../../../../arm-none-eabi/lib/armv7-m\libg_nano.a(lib_a-memcpy-stub.o)
 .bss           0x00000000        0x0 c:/program files (x86)/cypress/psoc creator/4.4/psoc creator/import/gnu/arm/5.4.1/bin/../lib/gcc/arm-none-eabi/5.4.1/../../../../arm-none-eabi/lib/armv7-m\libg_nano.a(lib_a-memcpy-stub.o)
 .text          0x00000000        0x0 c:/program files (x86)/cypress/psoc creator/4.4/psoc creator/import/gnu/arm/5.4.1/bin/../lib/gcc/arm-none-eabi/5.4.1/../../../../arm-none-eabi/lib/armv7-m\libg_nano.a(lib_a-memset.o)
 .data          0x00000000        0x0 c:/program files (x86)/cypress/psoc creator/4.4/psoc creator/import/gnu/arm/5.4.1/bin/../lib/gcc/arm-none-eabi/5.4.1/../../../../arm-none-eabi/lib/armv7-m\libg_nano.a(lib_a-memset.o)
 .bss           0x00000000        0x0 c:/program files (x86)/cypress/psoc creator/4.4/psoc creator/import/gnu/arm/5.4.1/bin/../lib/gcc/arm-none-eabi/5.4.1/../../../../arm-none-eabi/lib/armv7-m\libg_nano.a(lib_a-memset.o)
 .text          0x00000000        0x0 c:/program files (x86)/cypress/psoc creator/4.4/psoc creator/import/gnu/arm/5.4.1/bin/../lib/gcc/arm-none-eabi/5.4.1/armv7-m/crtend.o
 .data          0x00000000        0x0 c:/program files (x86)/cypress/psoc creator/4.4/psoc creator/import/gnu/arm/5.4.1/bin/../lib/gcc/arm-none-eabi/5.4.1/armv7-m/crtend.o
 .bss           0x00000000        0x0 c:/program files (x86)/cypress/psoc creator/4.4/psoc creator/import/gnu/arm/5.4.1/bin/../lib/gcc/arm-none-eabi/5.4.1/armv7-m/crtend.o
 .text          0x00000000        0x0 c:/program files (x86)/cypress/psoc creator/4.4/psoc creator/import/gnu/arm/5.4.1/bin/../lib/gcc/arm-none-eabi/5.4.1/armv7-m/crtn.o
 .data          0x00000000        0x0 c:/program files (x86)/cypress/psoc creator/4.4/psoc creator/import/gnu/arm/5.4.1/bin/../lib/gcc/arm-none-eabi/5.4.1/armv7-m/crtn.o
 .bss           0x00000000        0x0 c:/program files (x86)/cypress/psoc creator/4.4/psoc creator/import/gnu/arm/5.4.1/bin/../lib/gcc/arm-none-eabi/5.4.1/armv7-m/crtn.o

Memory Configuration

Name             Origin             Length             Attributes
rom              0x00000000         0x00040000         xr
ram              0x1fff8000         0x00010000         xrw
*default*        0x00000000         0xffffffff

Linker script and memory map

LOAD c:/program files (x86)/cypress/psoc creator/4.4/psoc creator/import/gnu/arm/5.4.1/bin/../lib/gcc/arm-none-eabi/5.4.1/armv7-m/crti.o
LOAD c:/program files (x86)/cypress/psoc creator/4.4/psoc creator/import/gnu/arm/5.4.1/bin/../lib/gcc/arm-none-eabi/5.4.1/armv7-m/crtbegin.o
LOAD c:/program files (x86)/cypress/psoc creator/4.4/psoc creator/import/gnu/arm/5.4.1/bin/../lib/gcc/arm-none-eabi/5.4.1/../../../../arm-none-eabi/lib/armv7-m/crt0.o
START GROUP
LOAD .\CortexM3\ARM_GCC_541\Debug\main.o
LOAD .\CortexM3\ARM_GCC_541\Debug\cyfitter_cfg.o
LOAD .\CortexM3\ARM_GCC_541\Debug\cymetadata.o
LOAD .\CortexM3\ARM_GCC_541\Debug\Cm3Start.o
LOAD .\CortexM3\ARM_GCC_541\Debug\Practica 9_TemperaturaYHumedad.a
LOAD C:\Program Files (x86)\Cypress\PSoC Creator\4.4\PSoC Creator\psoc\content\cycomponentlibrary\CyComponentLibrary.cylib\CortexM3\ARM_GCC_541\Debug\CyComponentLibrary.a
END GROUP
START GROUP
LOAD c:/program files (x86)/cypress/psoc creator/4.4/psoc creator/import/gnu/arm/5.4.1/bin/../lib/gcc/arm-none-eabi/5.4.1/armv7-m\libgcc.a
LOAD c:/program files (x86)/cypress/psoc creator/4.4/psoc creator/import/gnu/arm/5.4.1/bin/../lib/gcc/arm-none-eabi/5.4.1/../../../../arm-none-eabi/lib/armv7-m\libg_nano.a
LOAD c:/program files (x86)/cypress/psoc creator/4.4/psoc creator/import/gnu/arm/5.4.1/bin/../lib/gcc/arm-none-eabi/5.4.1/../../../../arm-none-eabi/lib/armv7-m\libc_nano.a
END GROUP
START GROUP
LOAD c:/program files (x86)/cypress/psoc creator/4.4/psoc creator/import/gnu/arm/5.4.1/bin/../lib/gcc/arm-none-eabi/5.4.1/armv7-m\libgcc.a
LOAD c:/program files (x86)/cypress/psoc creator/4.4/psoc creator/import/gnu/arm/5.4.1/bin/../lib/gcc/arm-none-eabi/5.4.1/../../../../arm-none-eabi/lib/armv7-m\libc_nano.a
END GROUP
LOAD c:/program files (x86)/cypress/psoc creator/4.4/psoc creator/import/gnu/arm/5.4.1/bin/../lib/gcc/arm-none-eabi/5.4.1/armv7-m/crtend.o
LOAD c:/program files (x86)/cypress/psoc creator/4.4/psoc creator/import/gnu/arm/5.4.1/bin/../lib/gcc/arm-none-eabi/5.4.1/armv7-m/crtn.o
START GROUP
LOAD c:/program files (x86)/cypress/psoc creator/4.4/psoc creator/import/gnu/arm/5.4.1/bin/../lib/gcc/arm-none-eabi/5.4.1/armv7-m\libgcc.a
LOAD c:/program files (x86)/cypress/psoc creator/4.4/psoc creator/import/gnu/arm/5.4.1/bin/../lib/gcc/arm-none-eabi/5.4.1/../../../../arm-none-eabi/lib/armv7-m\libc.a
LOAD c:/program files (x86)/cypress/psoc creator/4.4/psoc creator/import/gnu/arm/5.4.1/bin/../lib/gcc/arm-none-eabi/5.4.1/../../../../arm-none-eabi/lib/armv7-m\libnosys.a
END GROUP
                0x00000000                CY_APPL_ORIGIN = 0x0
                0x00000100                CY_FLASH_ROW_SIZE = 0x100
                0x00000020                CY_ECC_ROW_SIZE = 0x20
                0x00000000                CY_EE_IN_BTLDR = 0x0
                0x00000000                CY_APPL_LOADABLE = 0x0
                0x00000800                CY_EE_SIZE = 0x800
                0x00000001                CY_APPL_NUM = 0x1
                0x00000001                CY_APPL_MAX = 0x1
                0x00000040                CY_METADATA_SIZE = 0x40
                0x00000000                CY_APPL_LOADABLE = 0x0
                0x00000000                CY_CHECKSUM_EXCLUDE_SIZE = ALIGN (0x0, CY_FLASH_ROW_SIZE)
                [!provide]                PROVIDE (__cy_heap_start, _end)
                0x00000001                PROVIDE (__cy_region_num, ((__cy_regions_end - __cy_regions) / 0x10))
                0x20008000                PROVIDE (__cy_stack, (ORIGIN (ram) + LENGTH (ram)))
                [!provide]                PROVIDE (__cy_heap_end, (__cy_stack - 0x800))

.cybootloader   0x00000000        0x0
 *(.cybootloader)
                0x00000000                appl1_start = CY_APPL_ORIGIN?CY_APPL_ORIGIN:ALIGN (CY_FLASH_ROW_SIZE)
                0x0001ff00                appl2_start = (appl1_start + ALIGN ((((LENGTH (rom) - appl1_start) - (0x2 * CY_FLASH_ROW_SIZE)) / 0x2), CY_FLASH_ROW_SIZE))
                0x00000000                appl_start = (CY_APPL_NUM == 0x1)?appl1_start:appl2_start
                0x00000000                ecc_offset = ((appl_start / CY_FLASH_ROW_SIZE) * CY_ECC_ROW_SIZE)
                0x00000000                ee_offset = (CY_APPL_LOADABLE && ! (CY_EE_IN_BTLDR))?((CY_EE_SIZE / CY_APPL_MAX) * (CY_APPL_NUM - 0x1)):0x0
                0x00000800                ee_size = (CY_APPL_LOADABLE && ! (CY_EE_IN_BTLDR))?(CY_EE_SIZE / CY_APPL_MAX):CY_EE_SIZE
                [!provide]                PROVIDE (CY_ECC_OFFSET, ecc_offset)

.text           0x00000000      0xe56
 CREATE_OBJECT_SYMBOLS
                0x00000000                PROVIDE (__cy_interrupt_vector, RomVectors)
 *(.romvectors)
 .romvectors    0x00000000       0x10 .\CortexM3\ARM_GCC_541\Debug\Cm3Start.o
                0x00000000                RomVectors
                0x00000001                ASSERT ((. != __cy_interrupt_vector), No interrupt vector)
                0x00000001                ASSERT (CY_APPL_ORIGIN?(SIZEOF (.cybootloader) <= CY_APPL_ORIGIN):0x1, Wrong image location)
                0x00000010                PROVIDE (__cy_reset, Reset)
 *(.text.Reset)
 .text.Reset    0x00000010       0x18 .\CortexM3\ARM_GCC_541\Debug\Cm3Start.o
                0x00000010                Reset
                0x00000001                ASSERT ((. != __cy_reset), No reset code)
 *(.dma_init)
                0x00000001                ASSERT ((((appl_start + .) <= 0x10000) || 0x1), DMA Init must be within the first 64k of flash)
 *(.text .text.* .gnu.linkonce.t.*)
 .text          0x00000028       0x5c c:/program files (x86)/cypress/psoc creator/4.4/psoc creator/import/gnu/arm/5.4.1/bin/../lib/gcc/arm-none-eabi/5.4.1/armv7-m/crtbegin.o
 .text.Counter  0x00000084        0xc .\CortexM3\ARM_GCC_541\Debug\main.o
                0x00000084                Counter
 .text.Input_ISR
                0x00000090       0x68 .\CortexM3\ARM_GCC_541\Debug\main.o
                0x00000090                Input_ISR
 .text.IniciarSensor
                0x000000f8       0x24 .\CortexM3\ARM_GCC_541\Debug\main.o
                0x000000f8                IniciarSensor
 .text.TimeOut  0x0000011c       0x2c .\CortexM3\ARM_GCC_541\Debug\main.o
                0x0000011c                TimeOut
 .text.CaptureData
                0x00000148       0x28 .\CortexM3\ARM_GCC_541\Debug\main.o
                0x00000148                CaptureData
 .text.ConvertirVector
                0x00000170       0x50 .\CortexM3\ARM_GCC_541\Debug\main.o
                0x00000170                ConvertirVector
 .text.GetHumedad
                0x000001c0       0x2c .\CortexM3\ARM_GCC_541\Debug\main.o
                0x000001c0                GetHumedad
 .text.GetTemperatura
                0x000001ec       0x4c .\CortexM3\ARM_GCC_541\Debug\main.o
                0x000001ec                GetTemperatura
 .text.GetCheckSum
                0x00000238       0x30 .\CortexM3\ARM_GCC_541\Debug\main.o
                0x00000238                GetCheckSum
 .text.CalcularCheckSum
                0x00000268       0x2c .\CortexM3\ARM_GCC_541\Debug\main.o
                0x00000268                CalcularCheckSum
 .text.MostrarError
                0x00000294       0x40 .\CortexM3\ARM_GCC_541\Debug\main.o
                0x00000294                MostrarError
 .text.MostrarVariables
                0x000002d4       0xcc .\CortexM3\ARM_GCC_541\Debug\main.o
                0x000002d4                MostrarVariables
 .text.ReiniciarVariables
                0x000003a0       0x1c .\CortexM3\ARM_GCC_541\Debug\main.o
                0x000003a0                ReiniciarVariables
 .text.main     0x000003bc       0xe0 .\CortexM3\ARM_GCC_541\Debug\main.o
                0x000003bc                main
 .text.CyClockStartupError
                0x0000049c        0x4 .\CortexM3\ARM_GCC_541\Debug\cyfitter_cfg.o
 .text.cfg_write_bytes32
                0x000004a0       0x34 .\CortexM3\ARM_GCC_541\Debug\cyfitter_cfg.o
 .text.AnalogSetDefault
                0x000004d4       0x28 .\CortexM3\ARM_GCC_541\Debug\cyfitter_cfg.o
 .text.CYMEMZERO
                0x000004fc        0xc .\CortexM3\ARM_GCC_541\Debug\cyfitter_cfg.o
 .text.ClockSetup
                0x00000508       0xc8 .\CortexM3\ARM_GCC_541\Debug\cyfitter_cfg.o
 .text.CYCONFIGCPY
                0x000005d0        0x8 .\CortexM3\ARM_GCC_541\Debug\cyfitter_cfg.o
 .text.cyfitter_cfg
                0x000005d8       0xf0 .\CortexM3\ARM_GCC_541\Debug\cyfitter_cfg.o
                0x000005d8                cyfitter_cfg
 .text.IntDefaultHandler
                0x000006c8       0x10 .\CortexM3\ARM_GCC_541\Debug\Cm3Start.o
                0x000006c8                IntDefaultHandler
 .text.Start_c  0x000006d8       0x4c .\CortexM3\ARM_GCC_541\Debug\Cm3Start.o
                0x000006d8                Start_c
 .text.initialize_psoc
                0x00000724       0x68 .\CortexM3\ARM_GCC_541\Debug\Cm3Start.o
                0x00000724                initialize_psoc
 .text.LCD_WrCntrlNib
                0x0000078c       0x34 .\CortexM3\ARM_GCC_541\Debug\Practica 9_TemperaturaYHumedad.a(LCD.o)
 .text.LCD_WrDatNib
                0x000007c0       0x44 .\CortexM3\ARM_GCC_541\Debug\Practica 9_TemperaturaYHumedad.a(LCD.o)
 .text.LCD_IsReady
                0x00000804       0xe4 .\CortexM3\ARM_GCC_541\Debug\Practica 9_TemperaturaYHumedad.a(LCD.o)
                0x00000804                LCD_IsReady
 .text.LCD_WriteData
                0x000008e8       0x18 .\CortexM3\ARM_GCC_541\Debug\Practica 9_TemperaturaYHumedad.a(LCD.o)
                0x000008e8                LCD_WriteData
 .text.LCD_PrintString
                0x00000900       0x1c .\CortexM3\ARM_GCC_541\Debug\Practica 9_TemperaturaYHumedad.a(LCD.o)
                0x00000900                LCD_PrintString
 .text.LCD_PutChar
                0x0000091c        0x8 .\CortexM3\ARM_GCC_541\Debug\Practica 9_TemperaturaYHumedad.a(LCD.o)
                0x0000091c                LCD_PutChar
 .text.LCD_WriteControl
                0x00000924       0x18 .\CortexM3\ARM_GCC_541\Debug\Practica 9_TemperaturaYHumedad.a(LCD.o)
                0x00000924                LCD_WriteControl
 .text.LCD_Init
                0x0000093c       0x74 .\CortexM3\ARM_GCC_541\Debug\Practica 9_TemperaturaYHumedad.a(LCD.o)
                0x0000093c                LCD_Init
 .text.LCD_Enable
                0x000009b0       0x14 .\CortexM3\ARM_GCC_541\Debug\Practica 9_TemperaturaYHumedad.a(LCD.o)
                0x000009b0                LCD_Enable
 .text.LCD_Start
                0x000009c4       0x1c .\CortexM3\ARM_GCC_541\Debug\Practica 9_TemperaturaYHumedad.a(LCD.o)
                0x000009c4                LCD_Start
 .text.LCD_Position
                0x000009e0       0x3c .\CortexM3\ARM_GCC_541\Debug\Practica 9_TemperaturaYHumedad.a(LCD.o)
                0x000009e0                LCD_Position
 .text.LCD_PrintU32Number
                0x00000a1c       0x64 .\CortexM3\ARM_GCC_541\Debug\Practica 9_TemperaturaYHumedad.a(LCD.o)
                0x00000a1c                LCD_PrintU32Number
 .text.LCD_LoadCustomFonts
                0x00000a80       0x2c .\CortexM3\ARM_GCC_541\Debug\Practica 9_TemperaturaYHumedad.a(LCD_CustChars.o)
                0x00000a80                LCD_LoadCustomFonts
 .text.isr_timer_SetVector
                0x00000aac        0xc .\CortexM3\ARM_GCC_541\Debug\Practica 9_TemperaturaYHumedad.a(isr_timer.o)
                0x00000aac                isr_timer_SetVector
 .text.isr_timer_SetPriority
                0x00000ab8       0x10 .\CortexM3\ARM_GCC_541\Debug\Practica 9_TemperaturaYHumedad.a(isr_timer.o)
                0x00000ab8                isr_timer_SetPriority
 .text.isr_timer_Enable
                0x00000ac8        0xc .\CortexM3\ARM_GCC_541\Debug\Practica 9_TemperaturaYHumedad.a(isr_timer.o)
                0x00000ac8                isr_timer_Enable
 .text.isr_timer_Disable
                0x00000ad4        0xc .\CortexM3\ARM_GCC_541\Debug\Practica 9_TemperaturaYHumedad.a(isr_timer.o)
                0x00000ad4                isr_timer_Disable
 .text.isr_timer_StartEx
                0x00000ae0       0x1c .\CortexM3\ARM_GCC_541\Debug\Practica 9_TemperaturaYHumedad.a(isr_timer.o)
                0x00000ae0                isr_timer_StartEx
 .text.CyHalt   0x00000afc        0x4 .\CortexM3\ARM_GCC_541\Debug\Practica 9_TemperaturaYHumedad.a(CyLib.o)
                0x00000afc                CyHalt
 .text.CySoftwareReset
                0x00000b00       0x10 .\CortexM3\ARM_GCC_541\Debug\Practica 9_TemperaturaYHumedad.a(CyLib.o)
                0x00000b00                CySoftwareReset
 .text.CyDelay  0x00000b10       0x2c .\CortexM3\ARM_GCC_541\Debug\Practica 9_TemperaturaYHumedad.a(CyLib.o)
                0x00000b10                CyDelay
 .text.CyDelayUs
                0x00000b3c       0x14 .\CortexM3\ARM_GCC_541\Debug\Practica 9_TemperaturaYHumedad.a(CyLib.o)
                0x00000b3c                CyDelayUs
 .text.LED_Write
                0x00000b50       0x18 .\CortexM3\ARM_GCC_541\Debug\Practica 9_TemperaturaYHumedad.a(LED.o)
                0x00000b50                LED_Write
 .text.LED_Read
                0x00000b68       0x10 .\CortexM3\ARM_GCC_541\Debug\Practica 9_TemperaturaYHumedad.a(LED.o)
                0x00000b68                LED_Read
 .text.Contador_1_Enable
                0x00000b78       0x28 .\CortexM3\ARM_GCC_541\Debug\Practica 9_TemperaturaYHumedad.a(Contador_1.o)
                0x00000b78                Contador_1_Enable
 .text.Contador_1_SetInterruptMode
                0x00000ba0        0xc .\CortexM3\ARM_GCC_541\Debug\Practica 9_TemperaturaYHumedad.a(Contador_1.o)
                0x00000ba0                Contador_1_SetInterruptMode
 .text.Contador_1_WriteCounter
                0x00000bac       0x34 .\CortexM3\ARM_GCC_541\Debug\Practica 9_TemperaturaYHumedad.a(Contador_1.o)
                0x00000bac                Contador_1_WriteCounter
 .text.Contador_1_WritePeriod
                0x00000be0        0xc .\CortexM3\ARM_GCC_541\Debug\Practica 9_TemperaturaYHumedad.a(Contador_1.o)
                0x00000be0                Contador_1_WritePeriod
 .text.Contador_1_Init
                0x00000bec       0x60 .\CortexM3\ARM_GCC_541\Debug\Practica 9_TemperaturaYHumedad.a(Contador_1.o)
                0x00000bec                Contador_1_Init
 .text.Contador_1_Start
                0x00000c4c       0x1c .\CortexM3\ARM_GCC_541\Debug\Practica 9_TemperaturaYHumedad.a(Contador_1.o)
                0x00000c4c                Contador_1_Start
 .text.Timer_Enable
                0x00000c68       0x10 .\CortexM3\ARM_GCC_541\Debug\Practica 9_TemperaturaYHumedad.a(Timer.o)
                0x00000c68                Timer_Enable
 .text.Timer_Stop
                0x00000c78       0x10 .\CortexM3\ARM_GCC_541\Debug\Practica 9_TemperaturaYHumedad.a(Timer.o)
                0x00000c78                Timer_Stop
 .text.Timer_SetInterruptMode
                0x00000c88        0xc .\CortexM3\ARM_GCC_541\Debug\Practica 9_TemperaturaYHumedad.a(Timer.o)
                0x00000c88                Timer_SetInterruptMode
 .text.Timer_ReadStatusRegister
                0x00000c94        0xc .\CortexM3\ARM_GCC_541\Debug\Practica 9_TemperaturaYHumedad.a(Timer.o)
                0x00000c94                Timer_ReadStatusRegister
 .text.Timer_WritePeriod
                0x00000ca0        0xc .\CortexM3\ARM_GCC_541\Debug\Practica 9_TemperaturaYHumedad.a(Timer.o)
                0x00000ca0                Timer_WritePeriod
 .text.Timer_ReadCapture
                0x00000cac        0xc .\CortexM3\ARM_GCC_541\Debug\Practica 9_TemperaturaYHumedad.a(Timer.o)
                0x00000cac                Timer_ReadCapture
 .text.Timer_WriteCounter
                0x00000cb8        0xc .\CortexM3\ARM_GCC_541\Debug\Practica 9_TemperaturaYHumedad.a(Timer.o)
                0x00000cb8                Timer_WriteCounter
 .text.Timer_SetInterruptCount
                0x00000cc4       0x1c .\CortexM3\ARM_GCC_541\Debug\Practica 9_TemperaturaYHumedad.a(Timer.o)
                0x00000cc4                Timer_SetInterruptCount
 .text.Timer_ClearFIFO
                0x00000ce0       0x14 .\CortexM3\ARM_GCC_541\Debug\Practica 9_TemperaturaYHumedad.a(Timer.o)
                0x00000ce0                Timer_ClearFIFO
 .text.Timer_Init
                0x00000cf4       0x3c .\CortexM3\ARM_GCC_541\Debug\Practica 9_TemperaturaYHumedad.a(Timer.o)
                0x00000cf4                Timer_Init
 .text.Timer_Start
                0x00000d30       0x1c .\CortexM3\ARM_GCC_541\Debug\Practica 9_TemperaturaYHumedad.a(Timer.o)
                0x00000d30                Timer_Start
 .text.DATA_Write
                0x00000d4c       0x18 .\CortexM3\ARM_GCC_541\Debug\Practica 9_TemperaturaYHumedad.a(DATA.o)
                0x00000d4c                DATA_Write
 .text.isr_counter_SetVector
                0x00000d64        0xc .\CortexM3\ARM_GCC_541\Debug\Practica 9_TemperaturaYHumedad.a(isr_counter.o)
                0x00000d64                isr_counter_SetVector
 .text.isr_counter_SetPriority
                0x00000d70       0x10 .\CortexM3\ARM_GCC_541\Debug\Practica 9_TemperaturaYHumedad.a(isr_counter.o)
                0x00000d70                isr_counter_SetPriority
 .text.isr_counter_Enable
                0x00000d80        0xc .\CortexM3\ARM_GCC_541\Debug\Practica 9_TemperaturaYHumedad.a(isr_counter.o)
                0x00000d80                isr_counter_Enable
 .text.isr_counter_Disable
                0x00000d8c        0xc .\CortexM3\ARM_GCC_541\Debug\Practica 9_TemperaturaYHumedad.a(isr_counter.o)
                0x00000d8c                isr_counter_Disable
 .text.isr_counter_StartEx
                0x00000d98       0x1c .\CortexM3\ARM_GCC_541\Debug\Practica 9_TemperaturaYHumedad.a(isr_counter.o)
                0x00000d98                isr_counter_StartEx
 *fill*         0x00000db4        0x4 
 .text          0x00000db8       0x20 .\CortexM3\ARM_GCC_541\Debug\Practica 9_TemperaturaYHumedad.a(CyBootAsmGnu.o)
                0x00000db8                CyDelayCycles
                0x00000dc8                CyEnterCriticalSection
                0x00000dd0                CyExitCriticalSection
 .text.__errno  0x00000dd8        0xc c:/program files (x86)/cypress/psoc creator/4.4/psoc creator/import/gnu/arm/5.4.1/bin/../lib/gcc/arm-none-eabi/5.4.1/../../../../arm-none-eabi/lib/armv7-m\libg_nano.a(lib_a-errno.o)
                0x00000dd8                __errno
 .text.__libc_init_array
                0x00000de4       0x4c c:/program files (x86)/cypress/psoc creator/4.4/psoc creator/import/gnu/arm/5.4.1/bin/../lib/gcc/arm-none-eabi/5.4.1/../../../../arm-none-eabi/lib/armv7-m\libg_nano.a(lib_a-init.o)
                0x00000de4                __libc_init_array
 .text.memcpy   0x00000e30       0x16 c:/program files (x86)/cypress/psoc creator/4.4/psoc creator/import/gnu/arm/5.4.1/bin/../lib/gcc/arm-none-eabi/5.4.1/../../../../arm-none-eabi/lib/armv7-m\libg_nano.a(lib_a-memcpy-stub.o)
                0x00000e30                memcpy
 .text.memset   0x00000e46       0x10 c:/program files (x86)/cypress/psoc creator/4.4/psoc creator/import/gnu/arm/5.4.1/bin/../lib/gcc/arm-none-eabi/5.4.1/../../../../arm-none-eabi/lib/armv7-m\libg_nano.a(lib_a-memset.o)
                0x00000e46                memset
 *(.plt)
 *(.gnu.warning)
 *(.glue_7t)
 .glue_7t       0x00000e56        0x0 linker stubs
 *(.glue_7)
 .glue_7        0x00000e56        0x0 linker stubs
 *(.vfp11_veneer)
 .vfp11_veneer  0x00000e56        0x0 linker stubs
 *(.bootloader)
 *(.ARM.extab* .gnu.linkonce.armextab.*)
 *(.gcc_except_table)

.v4_bx          0x00000e58        0x0
 .v4_bx         0x00000e58        0x0 linker stubs

.iplt           0x00000e58        0x0
 .iplt          0x00000e58        0x0 c:/program files (x86)/cypress/psoc creator/4.4/psoc creator/import/gnu/arm/5.4.1/bin/../lib/gcc/arm-none-eabi/5.4.1/armv7-m/crtbegin.o

.eh_frame_hdr
 *(.eh_frame_hdr)

.eh_frame       0x00000e58        0x4
 *(.eh_frame)
 .eh_frame      0x00000e58        0x0 c:/program files (x86)/cypress/psoc creator/4.4/psoc creator/import/gnu/arm/5.4.1/bin/../lib/gcc/arm-none-eabi/5.4.1/armv7-m/crtbegin.o
 .eh_frame      0x00000e58        0x4 c:/program files (x86)/cypress/psoc creator/4.4/psoc creator/import/gnu/arm/5.4.1/bin/../lib/gcc/arm-none-eabi/5.4.1/armv7-m/crtend.o
                [!provide]                PROVIDE (__exidx_start, .)

.ARM.exidx
 *(.ARM.exidx* .gnu.linkonce.armexidx.*)
                0x00000e5c                __exidx_end = .

.rodata         0x00000e5c       0xfc
 *(.rodata .rodata.* .gnu.linkonce.r.*)
 .rodata.str1.4
                0x00000e5c       0x4c .\CortexM3\ARM_GCC_541\Debug\main.o
                                 0x4b (size before relaxing)
 .rodata        0x00000ea8       0x36 .\CortexM3\ARM_GCC_541\Debug\cyfitter_cfg.o
 *fill*         0x00000ede        0x2 
 .rodata        0x00000ee0       0x40 .\CortexM3\ARM_GCC_541\Debug\Practica 9_TemperaturaYHumedad.a(LCD_CustChars.o)
                0x00000ee0                LCD_customFonts
 .rodata.str1.1
                0x00000f20        0x2 c:/program files (x86)/cypress/psoc creator/4.4/psoc creator/import/gnu/arm/5.4.1/bin/../lib/gcc/arm-none-eabi/5.4.1/../../../../arm-none-eabi/lib/armv7-m\libg_nano.a(lib_a-impure.o)
                0x00000f24                . = ALIGN (0x4)
 *fill*         0x00000f22        0x2 
 *(.init)
 .init          0x00000f24        0x4 c:/program files (x86)/cypress/psoc creator/4.4/psoc creator/import/gnu/arm/5.4.1/bin/../lib/gcc/arm-none-eabi/5.4.1/armv7-m/crti.o
                0x00000f24                _init
 .init          0x00000f28        0x8 c:/program files (x86)/cypress/psoc creator/4.4/psoc creator/import/gnu/arm/5.4.1/bin/../lib/gcc/arm-none-eabi/5.4.1/armv7-m/crtn.o
                0x00000f30                . = ALIGN (0x4)
                0x00000f30                __preinit_array_start = .
 *(.preinit_array)
                0x00000f30                __preinit_array_end = .
                0x00000f30                . = ALIGN (0x4)
                0x00000f30                __init_array_start = .
 *(SORT(.init_array.*))
 *(.init_array)
 .init_array    0x00000f30        0x4 c:/program files (x86)/cypress/psoc creator/4.4/psoc creator/import/gnu/arm/5.4.1/bin/../lib/gcc/arm-none-eabi/5.4.1/armv7-m/crtbegin.o
 .init_array    0x00000f34        0x4 .\CortexM3\ARM_GCC_541\Debug\Cm3Start.o
                0x00000f38                __init_array_end = .
                0x00000f38                . = ALIGN (0x4)
 *(.fini)
 .fini          0x00000f38        0x4 c:/program files (x86)/cypress/psoc creator/4.4/psoc creator/import/gnu/arm/5.4.1/bin/../lib/gcc/arm-none-eabi/5.4.1/armv7-m/crti.o
                0x00000f38                _fini
 .fini          0x00000f3c        0x8 c:/program files (x86)/cypress/psoc creator/4.4/psoc creator/import/gnu/arm/5.4.1/bin/../lib/gcc/arm-none-eabi/5.4.1/armv7-m/crtn.o
                0x00000f44                . = ALIGN (0x4)
                0x00000f44                __fini_array_start = .
 *(.fini_array)
 .fini_array    0x00000f44        0x4 c:/program files (x86)/cypress/psoc creator/4.4/psoc creator/import/gnu/arm/5.4.1/bin/../lib/gcc/arm-none-eabi/5.4.1/armv7-m/crtbegin.o
 *(SORT(.fini_array.*))
                0x00000f48                __fini_array_end = .
                0x00000f48                . = ALIGN (0x4)
 *crtbegin.o(.ctors)
 *(EXCLUDE_FILE(*crtend.o) .ctors)
 *(SORT(.ctors.*))
 *crtend.o(.ctors)
                0x00000f48                . = ALIGN (0x4)
 *crtbegin.o(.dtors)
 *(EXCLUDE_FILE(*crtend.o) .dtors)
 *(SORT(.dtors.*))
 *crtend.o(.dtors)
                0x00000f48                . = ALIGN (0x4)
                0x00000f48                __cy_regions = .
                0x00000f48        0x4 LONG 0xf58 __cy_region_init_ram
                0x00000f4c        0x4 LONG 0x1fff80c8 __cy_region_start_data
                0x00000f50        0x4 LONG 0x78 __cy_region_init_size_ram
                0x00000f54        0x4 LONG 0x80 __cy_region_zero_size_ram
                0x00000f58                __cy_regions_end = .
                0x00000f58                . = ALIGN (0x8)
                0x00000f58                _etext = .

.cy_checksum_exclude
                0x00000f58        0x0
 *(.cy_checksum_exclude)

.ramvectors     0x1fff8000       0xc0
                0x1fff8000                __cy_region_start_ram = .
 *(.ramvectors)
 .ramvectors    0x1fff8000       0xc0 .\CortexM3\ARM_GCC_541\Debug\Cm3Start.o
                0x1fff8000                CyRamVectors

.noinit         0x1fff80c0        0x1
 *(.noinit)
 .noinit        0x1fff80c0        0x1 .\CortexM3\ARM_GCC_541\Debug\Practica 9_TemperaturaYHumedad.a(CyLib.o)
                0x1fff80c0                CyResetStatus

.data           0x1fff80c8       0x78 load address 0x00000f58
                0x1fff80c8                __cy_region_start_data = .
 *(.jcr)
 .jcr           0x1fff80c8        0x0 c:/program files (x86)/cypress/psoc creator/4.4/psoc creator/import/gnu/arm/5.4.1/bin/../lib/gcc/arm-none-eabi/5.4.1/armv7-m/crtbegin.o
 .jcr           0x1fff80c8        0x4 c:/program files (x86)/cypress/psoc creator/4.4/psoc creator/import/gnu/arm/5.4.1/bin/../lib/gcc/arm-none-eabi/5.4.1/armv7-m/crtend.o
 *(.got.plt)
 *(.got)
 *(.shdata)
 *(.data .data.* .gnu.linkonce.d.*)
 .data          0x1fff80cc       0x10 .\CortexM3\ARM_GCC_541\Debug\Practica 9_TemperaturaYHumedad.a(CyLib.o)
                0x1fff80cc                cydelay_32k_ms
                0x1fff80d0                cydelay_freq_khz
                0x1fff80d4                cydelay_freq_mhz
                0x1fff80d8                cydelay_freq_hz
 .data.impure_data
                0x1fff80dc       0x60 c:/program files (x86)/cypress/psoc creator/4.4/psoc creator/import/gnu/arm/5.4.1/bin/../lib/gcc/arm-none-eabi/5.4.1/../../../../arm-none-eabi/lib/armv7-m\libg_nano.a(lib_a-impure.o)
 .data._impure_ptr
                0x1fff813c        0x4 c:/program files (x86)/cypress/psoc creator/4.4/psoc creator/import/gnu/arm/5.4.1/bin/../lib/gcc/arm-none-eabi/5.4.1/../../../../arm-none-eabi/lib/armv7-m\libg_nano.a(lib_a-impure.o)
                0x1fff813c                _impure_ptr
                0x1fff8140                . = ALIGN (0x8)
 *(.ram)
                0x1fff8140                _edata = .

.igot.plt       0x1fff8140        0x0 load address 0x00000fd0
 .igot.plt      0x1fff8140        0x0 c:/program files (x86)/cypress/psoc creator/4.4/psoc creator/import/gnu/arm/5.4.1/bin/../lib/gcc/arm-none-eabi/5.4.1/armv7-m/crtbegin.o

.bss            0x1fff8140       0x80 load address 0x00000fd0
                0x1fff8140                PROVIDE (__bss_start__, .)
 *(.shbss)
 *(.bss .bss.* .gnu.linkonce.b.*)
 .bss           0x1fff8140       0x1c c:/program files (x86)/cypress/psoc creator/4.4/psoc creator/import/gnu/arm/5.4.1/bin/../lib/gcc/arm-none-eabi/5.4.1/armv7-m/crtbegin.o
 .bss           0x1fff815c       0x10 .\CortexM3\ARM_GCC_541\Debug\main.o
                0x1fff815c                BandTimer
                0x1fff815d                status
                0x1fff815e                cont
                0x1fff815f                DatosReady
                0x1fff8160                Contador
                0x1fff8162                SignoTemperatura
                0x1fff8164                Humedad
                0x1fff8166                Temperatura
                0x1fff8168                CheckSum
                0x1fff8169                CheckSumMedido
                0x1fff816a                errorCheckSum
                0x1fff816b                contador_error_checksum
 .bss           0x1fff816c        0x2 .\CortexM3\ARM_GCC_541\Debug\Practica 9_TemperaturaYHumedad.a(LCD.o)
                0x1fff816c                LCD_enableState
                0x1fff816d                LCD_initVar
 .bss           0x1fff816e        0x1 .\CortexM3\ARM_GCC_541\Debug\Practica 9_TemperaturaYHumedad.a(Contador_1.o)
                0x1fff816e                Contador_1_initVar
 .bss           0x1fff816f        0x1 .\CortexM3\ARM_GCC_541\Debug\Practica 9_TemperaturaYHumedad.a(Timer.o)
                0x1fff816f                Timer_initVar
 *(COMMON)
 COMMON         0x1fff8170       0x50 .\CortexM3\ARM_GCC_541\Debug\main.o
                0x1fff8170                VectorUnosCeros
                0x1fff8198                vector
                0x1fff81c0                . = ALIGN (0x8)
 *(.ram.b)
                0x1fff81c0                _end = .
                0x1fff81c0                __end = .
                0x1fff81c0                PROVIDE (end, .)
                0x1fff81c0                PROVIDE (__bss_end__, .)
                0x00000f58                __cy_region_init_ram = LOADADDR (.data)
                0x00000078                __cy_region_init_size_ram = (_edata - ADDR (.data))
                0x00000080                __cy_region_zero_size_ram = (_end - _edata)

.heap           0x1fff81c0       0x80 load address 0x00000fd0
                0x1fff81c0                . = _end
                0x1fff8240                . = (. + 0x80)
 *fill*         0x1fff81c0       0x80 
                0x1fff8240                __cy_heap_limit = .

.stack          0x20007800      0x800
                0x20007800                __cy_stack_limit = .
                0x20008000                . = (. + 0x800)
 *fill*         0x20007800      0x800 
                0x00000001                ASSERT ((__cy_stack_limit >= __cy_heap_limit), region RAM overflowed with stack)
                0x00000000                cy_checksum_exclude_size = (CY_APPL_LOADABLE == 0x1)?SIZEOF (.cy_checksum_exclude):0x0
                0x00000001                ASSERT ((cy_checksum_exclude_size <= CY_CHECKSUM_EXCLUDE_SIZE), CY_BOOT: Section .cy_checksum_exclude size exceedes specified limit.)

.cyloadermeta
 *(.cyloadermeta)

.cyloadablemeta
 *(.cyloadablemeta)

.cyconfigecc    0x80000000      0x1a4
 *(.cyconfigecc)
 .cyconfigecc   0x80000000      0x1a4 .\CortexM3\ARM_GCC_541\Debug\cymetadata.o
                0x80000000                cy_meta_configecc

.cycustnvl      0x90000000        0x4
 *(.cycustnvl)
 .cycustnvl     0x90000000        0x4 .\CortexM3\ARM_GCC_541\Debug\cymetadata.o
                0x90000000                cy_meta_custnvl

.cywolatch      0x90100000        0x4
 *(.cywolatch)
 .cywolatch     0x90100000        0x4 .\CortexM3\ARM_GCC_541\Debug\cymetadata.o
                0x90100000                cy_meta_wonvl

.cyeeprom       0x90200000        0x0
 *(.cyeeprom)
                0x00000001                ASSERT ((. <= ((0x90200000 + ee_offset) + ee_size)), .cyeeprom data will not fit in EEPROM)

.cyflashprotect
                0x90400000      0x100
 *(.cyflashprotect)
 .cyflashprotect
                0x90400000      0x100 .\CortexM3\ARM_GCC_541\Debug\cymetadata.o
                0x90400000                cy_meta_flashprotect

.cymeta         0x90500000        0xc
 *(.cymeta)
 .cymeta        0x90500000        0xc .\CortexM3\ARM_GCC_541\Debug\cymetadata.o
                0x90500000                cy_metadata

.rel.dyn        0x00000fd0        0x0 load address 0x9050000c
 .rel.iplt      0x00000fd0        0x0 c:/program files (x86)/cypress/psoc creator/4.4/psoc creator/import/gnu/arm/5.4.1/bin/../lib/gcc/arm-none-eabi/5.4.1/armv7-m/crtbegin.o

.stab
 *(.stab)

.stabstr
 *(.stabstr)

.debug
 *(.debug)

.line
 *(.line)

.debug_srcinfo
 *(.debug_srcinfo)

.debug_sfnames
 *(.debug_sfnames)

.debug_aranges  0x00000000      0x8e0
 *(.debug_aranges)
 .debug_aranges
                0x00000000       0x88 .\CortexM3\ARM_GCC_541\Debug\main.o
 .debug_aranges
                0x00000088       0x58 .\CortexM3\ARM_GCC_541\Debug\cyfitter_cfg.o
 .debug_aranges
                0x000000e0       0x18 .\CortexM3\ARM_GCC_541\Debug\cymetadata.o
 .debug_aranges
                0x000000f8       0x48 .\CortexM3\ARM_GCC_541\Debug\Cm3Start.o
 .debug_aranges
                0x00000140       0x98 .\CortexM3\ARM_GCC_541\Debug\Practica 9_TemperaturaYHumedad.a(LCD.o)
 .debug_aranges
                0x000001d8       0x20 .\CortexM3\ARM_GCC_541\Debug\Practica 9_TemperaturaYHumedad.a(LCD_CustChars.o)
 .debug_aranges
                0x000001f8       0x80 .\CortexM3\ARM_GCC_541\Debug\Practica 9_TemperaturaYHumedad.a(isr_timer.o)
 .debug_aranges
                0x00000278      0x2a0 .\CortexM3\ARM_GCC_541\Debug\Practica 9_TemperaturaYHumedad.a(CyLib.o)
 .debug_aranges
                0x00000518       0x98 .\CortexM3\ARM_GCC_541\Debug\Practica 9_TemperaturaYHumedad.a(cyPm.o)
 .debug_aranges
                0x000005b0       0x38 .\CortexM3\ARM_GCC_541\Debug\Practica 9_TemperaturaYHumedad.a(LED.o)
 .debug_aranges
                0x000005e8       0x80 .\CortexM3\ARM_GCC_541\Debug\Practica 9_TemperaturaYHumedad.a(Contador_1.o)
 .debug_aranges
                0x00000668       0x98 .\CortexM3\ARM_GCC_541\Debug\Practica 9_TemperaturaYHumedad.a(Timer.o)
 .debug_aranges
                0x00000700       0x38 .\CortexM3\ARM_GCC_541\Debug\Practica 9_TemperaturaYHumedad.a(DATA.o)
 .debug_aranges
                0x00000738       0x80 .\CortexM3\ARM_GCC_541\Debug\Practica 9_TemperaturaYHumedad.a(isr_counter.o)
 .debug_aranges
                0x000007b8       0x20 .\CortexM3\ARM_GCC_541\Debug\Practica 9_TemperaturaYHumedad.a(CyBootAsmGnu.o)
 .debug_aranges
                0x000007d8       0x88 .\CortexM3\ARM_GCC_541\Debug\Practica 9_TemperaturaYHumedad.a(CyFlash.o)
 .debug_aranges
                0x00000860       0x80 .\CortexM3\ARM_GCC_541\Debug\Practica 9_TemperaturaYHumedad.a(CySpc.o)

.debug_pubnames
 *(.debug_pubnames)

.debug_info     0x00000000     0x5256
 *(.debug_info .gnu.linkonce.wi.*)
 .debug_info    0x00000000      0x873 .\CortexM3\ARM_GCC_541\Debug\main.o
 .debug_info    0x00000873      0x4c9 .\CortexM3\ARM_GCC_541\Debug\cyfitter_cfg.o
 .debug_info    0x00000d3c      0x135 .\CortexM3\ARM_GCC_541\Debug\cymetadata.o
 .debug_info    0x00000e71      0x3bb .\CortexM3\ARM_GCC_541\Debug\Cm3Start.o
 .debug_info    0x0000122c      0x752 .\CortexM3\ARM_GCC_541\Debug\Practica 9_TemperaturaYHumedad.a(LCD.o)
 .debug_info    0x0000197e      0x159 .\CortexM3\ARM_GCC_541\Debug\Practica 9_TemperaturaYHumedad.a(LCD_CustChars.o)
 .debug_info    0x00001ad7      0x2d2 .\CortexM3\ARM_GCC_541\Debug\Practica 9_TemperaturaYHumedad.a(isr_timer.o)
 .debug_info    0x00001da9     0x1374 .\CortexM3\ARM_GCC_541\Debug\Practica 9_TemperaturaYHumedad.a(CyLib.o)
 .debug_info    0x0000311d      0xa2a .\CortexM3\ARM_GCC_541\Debug\Practica 9_TemperaturaYHumedad.a(cyPm.o)
 .debug_info    0x00003b47      0x11f .\CortexM3\ARM_GCC_541\Debug\Practica 9_TemperaturaYHumedad.a(LED.o)
 .debug_info    0x00003c66      0x28d .\CortexM3\ARM_GCC_541\Debug\Practica 9_TemperaturaYHumedad.a(Contador_1.o)
 .debug_info    0x00003ef3      0x328 .\CortexM3\ARM_GCC_541\Debug\Practica 9_TemperaturaYHumedad.a(Timer.o)
 .debug_info    0x0000421b      0x11f .\CortexM3\ARM_GCC_541\Debug\Practica 9_TemperaturaYHumedad.a(DATA.o)
 .debug_info    0x0000433a      0x2d2 .\CortexM3\ARM_GCC_541\Debug\Practica 9_TemperaturaYHumedad.a(isr_counter.o)
 .debug_info    0x0000460c       0xad .\CortexM3\ARM_GCC_541\Debug\Practica 9_TemperaturaYHumedad.a(CyBootAsmGnu.o)
 .debug_info    0x000046b9      0x64d .\CortexM3\ARM_GCC_541\Debug\Practica 9_TemperaturaYHumedad.a(CyFlash.o)
 .debug_info    0x00004d06      0x550 .\CortexM3\ARM_GCC_541\Debug\Practica 9_TemperaturaYHumedad.a(CySpc.o)

.debug_abbrev   0x00000000     0x15af
 *(.debug_abbrev)
 .debug_abbrev  0x00000000      0x169 .\CortexM3\ARM_GCC_541\Debug\main.o
 .debug_abbrev  0x00000169      0x1fe .\CortexM3\ARM_GCC_541\Debug\cyfitter_cfg.o
 .debug_abbrev  0x00000367       0x66 .\CortexM3\ARM_GCC_541\Debug\cymetadata.o
 .debug_abbrev  0x000003cd      0x1e8 .\CortexM3\ARM_GCC_541\Debug\Cm3Start.o
 .debug_abbrev  0x000005b5      0x168 .\CortexM3\ARM_GCC_541\Debug\Practica 9_TemperaturaYHumedad.a(LCD.o)
 .debug_abbrev  0x0000071d       0xe2 .\CortexM3\ARM_GCC_541\Debug\Practica 9_TemperaturaYHumedad.a(LCD_CustChars.o)
 .debug_abbrev  0x000007ff      0x173 .\CortexM3\ARM_GCC_541\Debug\Practica 9_TemperaturaYHumedad.a(isr_timer.o)
 .debug_abbrev  0x00000972      0x254 .\CortexM3\ARM_GCC_541\Debug\Practica 9_TemperaturaYHumedad.a(CyLib.o)
 .debug_abbrev  0x00000bc6      0x1ab .\CortexM3\ARM_GCC_541\Debug\Practica 9_TemperaturaYHumedad.a(cyPm.o)
 .debug_abbrev  0x00000d71       0x90 .\CortexM3\ARM_GCC_541\Debug\Practica 9_TemperaturaYHumedad.a(LED.o)
 .debug_abbrev  0x00000e01      0x122 .\CortexM3\ARM_GCC_541\Debug\Practica 9_TemperaturaYHumedad.a(Contador_1.o)
 .debug_abbrev  0x00000f23      0x13a .\CortexM3\ARM_GCC_541\Debug\Practica 9_TemperaturaYHumedad.a(Timer.o)
 .debug_abbrev  0x0000105d       0x90 .\CortexM3\ARM_GCC_541\Debug\Practica 9_TemperaturaYHumedad.a(DATA.o)
 .debug_abbrev  0x000010ed      0x173 .\CortexM3\ARM_GCC_541\Debug\Practica 9_TemperaturaYHumedad.a(isr_counter.o)
 .debug_abbrev  0x00001260       0x14 .\CortexM3\ARM_GCC_541\Debug\Practica 9_TemperaturaYHumedad.a(CyBootAsmGnu.o)
 .debug_abbrev  0x00001274      0x1a7 .\CortexM3\ARM_GCC_541\Debug\Practica 9_TemperaturaYHumedad.a(CyFlash.o)
 .debug_abbrev  0x0000141b      0x194 .\CortexM3\ARM_GCC_541\Debug\Practica 9_TemperaturaYHumedad.a(CySpc.o)

.debug_line     0x00000000     0x220d
 *(.debug_line)
 .debug_line    0x00000000      0x38a .\CortexM3\ARM_GCC_541\Debug\main.o
 .debug_line    0x0000038a      0x1d9 .\CortexM3\ARM_GCC_541\Debug\cyfitter_cfg.o
 .debug_line    0x00000563      0x141 .\CortexM3\ARM_GCC_541\Debug\cymetadata.o
 .debug_line    0x000006a4      0x234 .\CortexM3\ARM_GCC_541\Debug\Cm3Start.o
 .debug_line    0x000008d8      0x1e6 .\CortexM3\ARM_GCC_541\Debug\Practica 9_TemperaturaYHumedad.a(LCD.o)
 .debug_line    0x00000abe       0x83 .\CortexM3\ARM_GCC_541\Debug\Practica 9_TemperaturaYHumedad.a(LCD_CustChars.o)
 .debug_line    0x00000b41      0x136 .\CortexM3\ARM_GCC_541\Debug\Practica 9_TemperaturaYHumedad.a(isr_timer.o)
 .debug_line    0x00000c77      0x816 .\CortexM3\ARM_GCC_541\Debug\Practica 9_TemperaturaYHumedad.a(CyLib.o)
 .debug_line    0x0000148d      0x367 .\CortexM3\ARM_GCC_541\Debug\Practica 9_TemperaturaYHumedad.a(cyPm.o)
 .debug_line    0x000017f4       0x90 .\CortexM3\ARM_GCC_541\Debug\Practica 9_TemperaturaYHumedad.a(LED.o)
 .debug_line    0x00001884      0x15e .\CortexM3\ARM_GCC_541\Debug\Practica 9_TemperaturaYHumedad.a(Contador_1.o)
 .debug_line    0x000019e2      0x182 .\CortexM3\ARM_GCC_541\Debug\Practica 9_TemperaturaYHumedad.a(Timer.o)
 .debug_line    0x00001b64       0x91 .\CortexM3\ARM_GCC_541\Debug\Practica 9_TemperaturaYHumedad.a(DATA.o)
 .debug_line    0x00001bf5      0x138 .\CortexM3\ARM_GCC_541\Debug\Practica 9_TemperaturaYHumedad.a(isr_counter.o)
 .debug_line    0x00001d2d       0x66 .\CortexM3\ARM_GCC_541\Debug\Practica 9_TemperaturaYHumedad.a(CyBootAsmGnu.o)
 .debug_line    0x00001d93      0x21a .\CortexM3\ARM_GCC_541\Debug\Practica 9_TemperaturaYHumedad.a(CyFlash.o)
 .debug_line    0x00001fad      0x260 .\CortexM3\ARM_GCC_541\Debug\Practica 9_TemperaturaYHumedad.a(CySpc.o)

.debug_frame    0x00000000     0x16e4
 *(.debug_frame)
 .debug_frame   0x00000000      0x150 .\CortexM3\ARM_GCC_541\Debug\main.o
 .debug_frame   0x00000150       0xe4 .\CortexM3\ARM_GCC_541\Debug\cyfitter_cfg.o
 .debug_frame   0x00000234       0xb8 .\CortexM3\ARM_GCC_541\Debug\Cm3Start.o
 .debug_frame   0x000002ec      0x1e8 .\CortexM3\ARM_GCC_541\Debug\Practica 9_TemperaturaYHumedad.a(LCD.o)
 .debug_frame   0x000004d4       0x30 .\CortexM3\ARM_GCC_541\Debug\Practica 9_TemperaturaYHumedad.a(LCD_CustChars.o)
 .debug_frame   0x00000504      0x104 .\CortexM3\ARM_GCC_541\Debug\Practica 9_TemperaturaYHumedad.a(isr_timer.o)
 .debug_frame   0x00000608      0x738 .\CortexM3\ARM_GCC_541\Debug\Practica 9_TemperaturaYHumedad.a(CyLib.o)
 .debug_frame   0x00000d40      0x1f8 .\CortexM3\ARM_GCC_541\Debug\Practica 9_TemperaturaYHumedad.a(cyPm.o)
 .debug_frame   0x00000f38       0x50 .\CortexM3\ARM_GCC_541\Debug\Practica 9_TemperaturaYHumedad.a(LED.o)
 .debug_frame   0x00000f88      0x104 .\CortexM3\ARM_GCC_541\Debug\Practica 9_TemperaturaYHumedad.a(Contador_1.o)
 .debug_frame   0x0000108c      0x134 .\CortexM3\ARM_GCC_541\Debug\Practica 9_TemperaturaYHumedad.a(Timer.o)
 .debug_frame   0x000011c0       0x50 .\CortexM3\ARM_GCC_541\Debug\Practica 9_TemperaturaYHumedad.a(DATA.o)
 .debug_frame   0x00001210      0x104 .\CortexM3\ARM_GCC_541\Debug\Practica 9_TemperaturaYHumedad.a(isr_counter.o)
 .debug_frame   0x00001314      0x194 .\CortexM3\ARM_GCC_541\Debug\Practica 9_TemperaturaYHumedad.a(CyFlash.o)
 .debug_frame   0x000014a8      0x180 .\CortexM3\ARM_GCC_541\Debug\Practica 9_TemperaturaYHumedad.a(CySpc.o)
 .debug_frame   0x00001628       0x20 c:/program files (x86)/cypress/psoc creator/4.4/psoc creator/import/gnu/arm/5.4.1/bin/../lib/gcc/arm-none-eabi/5.4.1/../../../../arm-none-eabi/lib/armv7-m\libg_nano.a(lib_a-errno.o)
 .debug_frame   0x00001648       0x28 c:/program files (x86)/cypress/psoc creator/4.4/psoc creator/import/gnu/arm/5.4.1/bin/../lib/gcc/arm-none-eabi/5.4.1/../../../../arm-none-eabi/lib/armv7-m\libg_nano.a(lib_a-exit.o)
 .debug_frame   0x00001670       0x2c c:/program files (x86)/cypress/psoc creator/4.4/psoc creator/import/gnu/arm/5.4.1/bin/../lib/gcc/arm-none-eabi/5.4.1/../../../../arm-none-eabi/lib/armv7-m\libg_nano.a(lib_a-init.o)
 .debug_frame   0x0000169c       0x28 c:/program files (x86)/cypress/psoc creator/4.4/psoc creator/import/gnu/arm/5.4.1/bin/../lib/gcc/arm-none-eabi/5.4.1/../../../../arm-none-eabi/lib/armv7-m\libg_nano.a(lib_a-memcpy-stub.o)
 .debug_frame   0x000016c4       0x20 c:/program files (x86)/cypress/psoc creator/4.4/psoc creator/import/gnu/arm/5.4.1/bin/../lib/gcc/arm-none-eabi/5.4.1/../../../../arm-none-eabi/lib/armv7-m\libg_nano.a(lib_a-memset.o)

.debug_str      0x00000000     0x1bed
 *(.debug_str)
 .debug_str     0x00000000      0x3e3 .\CortexM3\ARM_GCC_541\Debug\main.o
                                0x457 (size before relaxing)
 .debug_str     0x000003e3      0x17a .\CortexM3\ARM_GCC_541\Debug\cyfitter_cfg.o
                                0x32c (size before relaxing)
 .debug_str     0x0000055d       0x7f .\CortexM3\ARM_GCC_541\Debug\cymetadata.o
                                0x201 (size before relaxing)
 .debug_str     0x000005dc      0x144 .\CortexM3\ARM_GCC_541\Debug\Cm3Start.o
                                0x327 (size before relaxing)
 .debug_str     0x00000720      0x144 .\CortexM3\ARM_GCC_541\Debug\Practica 9_TemperaturaYHumedad.a(LCD.o)
                                0x36c (size before relaxing)
 .debug_str     0x00000864       0x32 .\CortexM3\ARM_GCC_541\Debug\Practica 9_TemperaturaYHumedad.a(LCD_CustChars.o)
                                0x21b (size before relaxing)
 .debug_str     0x00000896      0x124 .\CortexM3\ARM_GCC_541\Debug\Practica 9_TemperaturaYHumedad.a(isr_timer.o)
                                0x2fb (size before relaxing)
 .debug_str     0x000009ba      0x7fc .\CortexM3\ARM_GCC_541\Debug\Practica 9_TemperaturaYHumedad.a(CyLib.o)
                                0xa64 (size before relaxing)
 .debug_str     0x000011b6      0x365 .\CortexM3\ARM_GCC_541\Debug\Practica 9_TemperaturaYHumedad.a(cyPm.o)
                                0x750 (size before relaxing)
 .debug_str     0x0000151b       0x49 .\CortexM3\ARM_GCC_541\Debug\Practica 9_TemperaturaYHumedad.a(LED.o)
                                0x1f5 (size before relaxing)
 .debug_str     0x00001564      0x17b .\CortexM3\ARM_GCC_541\Debug\Practica 9_TemperaturaYHumedad.a(Contador_1.o)
                                0x343 (size before relaxing)
 .debug_str     0x000016df      0x136 .\CortexM3\ARM_GCC_541\Debug\Practica 9_TemperaturaYHumedad.a(Timer.o)
                                0x37f (size before relaxing)
 .debug_str     0x00001815       0x4b .\CortexM3\ARM_GCC_541\Debug\Practica 9_TemperaturaYHumedad.a(DATA.o)
                                0x1fa (size before relaxing)
 .debug_str     0x00001860      0x126 .\CortexM3\ARM_GCC_541\Debug\Practica 9_TemperaturaYHumedad.a(isr_counter.o)
                                0x317 (size before relaxing)
 .debug_str     0x00001986      0x1bb .\CortexM3\ARM_GCC_541\Debug\Practica 9_TemperaturaYHumedad.a(CyFlash.o)
                                0x3dd (size before relaxing)
 .debug_str     0x00001b41       0xac .\CortexM3\ARM_GCC_541\Debug\Practica 9_TemperaturaYHumedad.a(CySpc.o)
                                0x355 (size before relaxing)

.debug_loc      0x00000000     0x2147
 *(.debug_loc)
 .debug_loc     0x00000000      0x1f0 .\CortexM3\ARM_GCC_541\Debug\main.o
 .debug_loc     0x000001f0      0x1d7 .\CortexM3\ARM_GCC_541\Debug\cyfitter_cfg.o
 .debug_loc     0x000003c7      0x144 .\CortexM3\ARM_GCC_541\Debug\Cm3Start.o
 .debug_loc     0x0000050b      0x3c6 .\CortexM3\ARM_GCC_541\Debug\Practica 9_TemperaturaYHumedad.a(LCD.o)
 .debug_loc     0x000008d1       0x48 .\CortexM3\ARM_GCC_541\Debug\Practica 9_TemperaturaYHumedad.a(LCD_CustChars.o)
 .debug_loc     0x00000919       0x56 .\CortexM3\ARM_GCC_541\Debug\Practica 9_TemperaturaYHumedad.a(isr_timer.o)
 .debug_loc     0x0000096f      0xa11 .\CortexM3\ARM_GCC_541\Debug\Practica 9_TemperaturaYHumedad.a(CyLib.o)
 .debug_loc     0x00001380      0x1e4 .\CortexM3\ARM_GCC_541\Debug\Practica 9_TemperaturaYHumedad.a(cyPm.o)
 .debug_loc     0x00001564       0x42 .\CortexM3\ARM_GCC_541\Debug\Practica 9_TemperaturaYHumedad.a(LED.o)
 .debug_loc     0x000015a6       0x21 .\CortexM3\ARM_GCC_541\Debug\Practica 9_TemperaturaYHumedad.a(Contador_1.o)
 .debug_loc     0x000015c7       0x31 .\CortexM3\ARM_GCC_541\Debug\Practica 9_TemperaturaYHumedad.a(Timer.o)
 .debug_loc     0x000015f8       0x42 .\CortexM3\ARM_GCC_541\Debug\Practica 9_TemperaturaYHumedad.a(DATA.o)
 .debug_loc     0x0000163a       0x56 .\CortexM3\ARM_GCC_541\Debug\Practica 9_TemperaturaYHumedad.a(isr_counter.o)
 .debug_loc     0x00001690      0x3b2 .\CortexM3\ARM_GCC_541\Debug\Practica 9_TemperaturaYHumedad.a(CyFlash.o)
 .debug_loc     0x00001a42      0x705 .\CortexM3\ARM_GCC_541\Debug\Practica 9_TemperaturaYHumedad.a(CySpc.o)

.debug_macinfo
 *(.debug_macinfo)

.debug_ranges   0x00000000      0x800
 *(.debug_ranges)
 .debug_ranges  0x00000000       0xc0 .\CortexM3\ARM_GCC_541\Debug\main.o
 .debug_ranges  0x000000c0       0x48 .\CortexM3\ARM_GCC_541\Debug\cyfitter_cfg.o
 .debug_ranges  0x00000108       0x38 .\CortexM3\ARM_GCC_541\Debug\Cm3Start.o
 .debug_ranges  0x00000140       0x88 .\CortexM3\ARM_GCC_541\Debug\Practica 9_TemperaturaYHumedad.a(LCD.o)
 .debug_ranges  0x000001c8       0x10 .\CortexM3\ARM_GCC_541\Debug\Practica 9_TemperaturaYHumedad.a(LCD_CustChars.o)
 .debug_ranges  0x000001d8       0x70 .\CortexM3\ARM_GCC_541\Debug\Practica 9_TemperaturaYHumedad.a(isr_timer.o)
 .debug_ranges  0x00000248      0x290 .\CortexM3\ARM_GCC_541\Debug\Practica 9_TemperaturaYHumedad.a(CyLib.o)
 .debug_ranges  0x000004d8       0x88 .\CortexM3\ARM_GCC_541\Debug\Practica 9_TemperaturaYHumedad.a(cyPm.o)
 .debug_ranges  0x00000560       0x28 .\CortexM3\ARM_GCC_541\Debug\Practica 9_TemperaturaYHumedad.a(LED.o)
 .debug_ranges  0x00000588       0x70 .\CortexM3\ARM_GCC_541\Debug\Practica 9_TemperaturaYHumedad.a(Contador_1.o)
 .debug_ranges  0x000005f8       0x88 .\CortexM3\ARM_GCC_541\Debug\Practica 9_TemperaturaYHumedad.a(Timer.o)
 .debug_ranges  0x00000680       0x28 .\CortexM3\ARM_GCC_541\Debug\Practica 9_TemperaturaYHumedad.a(DATA.o)
 .debug_ranges  0x000006a8       0x70 .\CortexM3\ARM_GCC_541\Debug\Practica 9_TemperaturaYHumedad.a(isr_counter.o)
 .debug_ranges  0x00000718       0x78 .\CortexM3\ARM_GCC_541\Debug\Practica 9_TemperaturaYHumedad.a(CyFlash.o)
 .debug_ranges  0x00000790       0x70 .\CortexM3\ARM_GCC_541\Debug\Practica 9_TemperaturaYHumedad.a(CySpc.o)

.comment        0x00000000       0x6e
 .comment       0x00000000       0x6e .\CortexM3\ARM_GCC_541\Debug\main.o
                                 0x6f (size before relaxing)
 .comment       0x0000006e       0x6f .\CortexM3\ARM_GCC_541\Debug\cyfitter_cfg.o
 .comment       0x0000006e       0x6f .\CortexM3\ARM_GCC_541\Debug\cymetadata.o
 .comment       0x0000006e       0x6f .\CortexM3\ARM_GCC_541\Debug\Cm3Start.o
 .comment       0x0000006e       0x6f .\CortexM3\ARM_GCC_541\Debug\Practica 9_TemperaturaYHumedad.a(LCD.o)
 .comment       0x0000006e       0x6f .\CortexM3\ARM_GCC_541\Debug\Practica 9_TemperaturaYHumedad.a(LCD_CustChars.o)
 .comment       0x0000006e       0x6f .\CortexM3\ARM_GCC_541\Debug\Practica 9_TemperaturaYHumedad.a(isr_timer.o)
 .comment       0x0000006e       0x6f .\CortexM3\ARM_GCC_541\Debug\Practica 9_TemperaturaYHumedad.a(CyLib.o)
 .comment       0x0000006e       0x6f .\CortexM3\ARM_GCC_541\Debug\Practica 9_TemperaturaYHumedad.a(cyPm.o)
 .comment       0x0000006e       0x6f .\CortexM3\ARM_GCC_541\Debug\Practica 9_TemperaturaYHumedad.a(LED.o)
 .comment       0x0000006e       0x6f .\CortexM3\ARM_GCC_541\Debug\Practica 9_TemperaturaYHumedad.a(Contador_1.o)
 .comment       0x0000006e       0x6f .\CortexM3\ARM_GCC_541\Debug\Practica 9_TemperaturaYHumedad.a(Timer.o)
 .comment       0x0000006e       0x6f .\CortexM3\ARM_GCC_541\Debug\Practica 9_TemperaturaYHumedad.a(DATA.o)
 .comment       0x0000006e       0x6f .\CortexM3\ARM_GCC_541\Debug\Practica 9_TemperaturaYHumedad.a(isr_counter.o)
 .comment       0x0000006e       0x6f .\CortexM3\ARM_GCC_541\Debug\Practica 9_TemperaturaYHumedad.a(CyFlash.o)
 .comment       0x0000006e       0x6f .\CortexM3\ARM_GCC_541\Debug\Practica 9_TemperaturaYHumedad.a(CySpc.o)

.debug_weaknames
 *(.debug_weaknames)

.debug_funcnames
 *(.debug_funcnames)

.debug_typenames
 *(.debug_typenames)

.debug_varnames
 *(.debug_varnames)

.note.gnu.arm.ident
 *(.note.gnu.arm.ident)

.ARM.attributes
                0x00000000       0x29
 *(.ARM.attributes)
 .ARM.attributes
                0x00000000       0x1d c:/program files (x86)/cypress/psoc creator/4.4/psoc creator/import/gnu/arm/5.4.1/bin/../lib/gcc/arm-none-eabi/5.4.1/armv7-m/crti.o
 .ARM.attributes
                0x0000001d       0x2d c:/program files (x86)/cypress/psoc creator/4.4/psoc creator/import/gnu/arm/5.4.1/bin/../lib/gcc/arm-none-eabi/5.4.1/armv7-m/crtbegin.o
 .ARM.attributes
                0x0000004a       0x1b c:/program files (x86)/cypress/psoc creator/4.4/psoc creator/import/gnu/arm/5.4.1/bin/../lib/gcc/arm-none-eabi/5.4.1/../../../../arm-none-eabi/lib/armv7-m/crt0.o
 .ARM.attributes
                0x00000065       0x33 .\CortexM3\ARM_GCC_541\Debug\main.o
 .ARM.attributes
                0x00000098       0x33 .\CortexM3\ARM_GCC_541\Debug\cyfitter_cfg.o
 .ARM.attributes
                0x000000cb       0x33 .\CortexM3\ARM_GCC_541\Debug\cymetadata.o
 .ARM.attributes
                0x000000fe       0x33 .\CortexM3\ARM_GCC_541\Debug\Cm3Start.o
 .ARM.attributes
                0x00000131       0x33 .\CortexM3\ARM_GCC_541\Debug\Practica 9_TemperaturaYHumedad.a(LCD.o)
 .ARM.attributes
                0x00000164       0x33 .\CortexM3\ARM_GCC_541\Debug\Practica 9_TemperaturaYHumedad.a(LCD_CustChars.o)
 .ARM.attributes
                0x00000197       0x33 .\CortexM3\ARM_GCC_541\Debug\Practica 9_TemperaturaYHumedad.a(isr_timer.o)
 .ARM.attributes
                0x000001ca       0x33 .\CortexM3\ARM_GCC_541\Debug\Practica 9_TemperaturaYHumedad.a(CyLib.o)
 .ARM.attributes
                0x000001fd       0x33 .\CortexM3\ARM_GCC_541\Debug\Practica 9_TemperaturaYHumedad.a(cyPm.o)
 .ARM.attributes
                0x00000230       0x33 .\CortexM3\ARM_GCC_541\Debug\Practica 9_TemperaturaYHumedad.a(LED.o)
 .ARM.attributes
                0x00000263       0x33 .\CortexM3\ARM_GCC_541\Debug\Practica 9_TemperaturaYHumedad.a(Contador_1.o)
 .ARM.attributes
                0x00000296       0x33 .\CortexM3\ARM_GCC_541\Debug\Practica 9_TemperaturaYHumedad.a(Timer.o)
 .ARM.attributes
                0x000002c9       0x33 .\CortexM3\ARM_GCC_541\Debug\Practica 9_TemperaturaYHumedad.a(DATA.o)
 .ARM.attributes
                0x000002fc       0x33 .\CortexM3\ARM_GCC_541\Debug\Practica 9_TemperaturaYHumedad.a(isr_counter.o)
 .ARM.attributes
                0x0000032f       0x21 .\CortexM3\ARM_GCC_541\Debug\Practica 9_TemperaturaYHumedad.a(CyBootAsmGnu.o)
 .ARM.attributes
                0x00000350       0x33 .\CortexM3\ARM_GCC_541\Debug\Practica 9_TemperaturaYHumedad.a(CyFlash.o)
 .ARM.attributes
                0x00000383       0x33 .\CortexM3\ARM_GCC_541\Debug\Practica 9_TemperaturaYHumedad.a(CySpc.o)
 .ARM.attributes
                0x000003b6       0x2d c:/program files (x86)/cypress/psoc creator/4.4/psoc creator/import/gnu/arm/5.4.1/bin/../lib/gcc/arm-none-eabi/5.4.1/../../../../arm-none-eabi/lib/armv7-m\libg_nano.a(lib_a-errno.o)
 .ARM.attributes
                0x000003e3       0x2d c:/program files (x86)/cypress/psoc creator/4.4/psoc creator/import/gnu/arm/5.4.1/bin/../lib/gcc/arm-none-eabi/5.4.1/../../../../arm-none-eabi/lib/armv7-m\libg_nano.a(lib_a-exit.o)
 .ARM.attributes
                0x00000410       0x2d c:/program files (x86)/cypress/psoc creator/4.4/psoc creator/import/gnu/arm/5.4.1/bin/../lib/gcc/arm-none-eabi/5.4.1/../../../../arm-none-eabi/lib/armv7-m\libg_nano.a(lib_a-impure.o)
 .ARM.attributes
                0x0000043d       0x2d c:/program files (x86)/cypress/psoc creator/4.4/psoc creator/import/gnu/arm/5.4.1/bin/../lib/gcc/arm-none-eabi/5.4.1/../../../../arm-none-eabi/lib/armv7-m\libg_nano.a(lib_a-init.o)
 .ARM.attributes
                0x0000046a       0x2d c:/program files (x86)/cypress/psoc creator/4.4/psoc creator/import/gnu/arm/5.4.1/bin/../lib/gcc/arm-none-eabi/5.4.1/../../../../arm-none-eabi/lib/armv7-m\libg_nano.a(lib_a-memcpy-stub.o)
 .ARM.attributes
                0x00000497       0x2d c:/program files (x86)/cypress/psoc creator/4.4/psoc creator/import/gnu/arm/5.4.1/bin/../lib/gcc/arm-none-eabi/5.4.1/../../../../arm-none-eabi/lib/armv7-m\libg_nano.a(lib_a-memset.o)
 .ARM.attributes
                0x000004c4       0x2d c:/program files (x86)/cypress/psoc creator/4.4/psoc creator/import/gnu/arm/5.4.1/bin/../lib/gcc/arm-none-eabi/5.4.1/armv7-m/crtend.o
 .ARM.attributes
                0x000004f1       0x1d c:/program files (x86)/cypress/psoc creator/4.4/psoc creator/import/gnu/arm/5.4.1/bin/../lib/gcc/arm-none-eabi/5.4.1/armv7-m/crtn.o

/DISCARD/
 *(.note.GNU-stack)
OUTPUT(C:\Users\laura\Downloads\Practica 9\Practica 9\Practica 9\Practica 9_TemperaturaYHumedad.cydsn\CortexM3\ARM_GCC_541\Debug\Practica 9_TemperaturaYHumedad.elf elf32-littlearm)
